################################################################################
#                                                                              #
#      IAR Universal Linker V4.59Z/386                                         #
#                                                                              #
#           Link time     =  01/Dec/2006  18:43:36                             #
#           Target CPU    =  ARM                                               #
#           List file     =  D:\Siemens\Sources\C++\MailViewer\Release\List\Ma #
#                            ilViewer.map                                      #
#           Output file 1 =  D:\Siemens\Sources\C++\MailViewer\Release\Exe\Mai #
#                            lViewer.elf                                       #
#                            Format: elf, variant: -ynpra                      #
#           Command line  =  D:\Siemens\Sources\C++\MailViewer\Release\Obj\con #
#                            f_loader.r79                                      #
#                            D:\Siemens\Sources\C++\MailViewer\Release\Obj\con #
#                            fig_data.r79                                      #
#                            D:\Siemens\Sources\C++\MailViewer\Release\Obj\fun #
#                            c.r79                                             #
#                            D:\Siemens\Sources\C++\MailViewer\Release\Obj\mai #
#                            n.r79                                             #
#                            -o                                                #
#                            D:\Siemens\Sources\C++\MailViewer\Release\Exe\Mai #
#                            lViewer.elf                                       #
#                            -Felf -l                                          #
#                            D:\Siemens\Sources\C++\MailViewer\Release\List\Ma #
#                            ilViewer.map                                      #
#                            -xms                                              #
#                            "-IC:\Program Files\IAR Systems\Embedded Workbenc #
#                            h 4.0 Evaluation\ARM\LIB\"                        #
#                            -f D:\Siemens\Sources\C++\MailViewer\test.xcl     #
#                            (-carm -V(CODE)CODE_AREA,12                       #
#                            -V(DATA)DATA_AREA,12                              #
#                            -Z(CODE_AREA)ELFBEGIN,DATA_ID,START,CODE,DATA_C,I #
#                            NITTAB,DATA_Z,DATA_N,CONFIG_C=0-FFFFFFFF          #
#                            -Z(DATA_AREA)DATA_I=0-FFFFFFFF) -ynpra            #
#                            "C:\Program Files\IAR Systems\Embedded Workbench  #
#                            4.0 Evaluation\ARM\LIB\dl5tpainl8n.r79"           #
#                            -s main                                           #
#                                                                              #
#                        Copyright 1987-2006 IAR Systems. All rights reserved. #
################################################################################





                ****************************************
                *                                      *
                *           CROSS REFERENCE            *
                *                                      *
                ****************************************

       Program entry at : CODE_AREA 00001198  Relocatable, from module : main




                ****************************************
                *                                      *
                *            RUNTIME MODEL             *
                *                                      *
                ****************************************

  StackAlign4  = USED
  __cpu_mode   = __pcs__interwork
  __data_model = absolute
  __endian     = little
  __rt_version = 6



                ****************************************
                *                                      *
                *              MODULE MAP              *
                *                                      *
                ****************************************


  DEFINED ABSOLUTE ENTRIES
    *************************************************************************

  DEFINED ABSOLUTE ENTRIES
    *************************************************************************

  FILE NAME : D:\Siemens\Sources\C++\MailViewer\Release\Obj\conf_loader.r79
  PROGRAM MODULE, NAME : conf_loader

  SEGMENTS IN THE MODULE
  ======================
CODE
  Relative segment, address: CODE_AREA 0000030C - 00000403 (0xf8 bytes), align: 2
  Segment part 4.             Intra module refs:   InitConfig
           ENTRY                   ADDRESS         REF BY
           =====                   =======         ======
           LoadConfigData          0000030C 
               stack 1 = 00000000 ( 00000024 )
    -------------------------------------------------------------------------
CODE
  Relative segment, address: CODE_AREA 00000404 - 0000044B (0x48 bytes), align: 2
  Segment part 6.
           ENTRY                   ADDRESS         REF BY
           =====                   =======         ======
           InitConfig              00000404        main (main)
               stack 1 = 00000000 ( 00000008 )
    -------------------------------------------------------------------------
DATA_C
  Relative segment, address: CODE_AREA 00001218 - 00001257 (0x40 bytes), align: 2
  Segment part 2.             Intra module refs:   InitConfig

    *************************************************************************

  FILE NAME : D:\Siemens\Sources\C++\MailViewer\Release\Obj\config_data.r79
  PROGRAM MODULE, NAME : config_data

  SEGMENTS IN THE MODULE
  ======================
CONFIG_C
  Relative segment, address: CODE_AREA 000014D4 - 000014FF (0x2c bytes), align: 2
  Segment part 2. ROOT.
           ENTRY                   ADDRESS         REF BY
           =====                   =======         ======
           cfghdr0                 000014D4        LoadConfigData (conf_loader)
    -------------------------------------------------------------------------
CONFIG_C
  Relative segment, address: CODE_AREA 00001500 - 0000153F (0x40 bytes), align: 2
  Segment part 3. ROOT.
           ENTRY                   ADDRESS         REF BY
           =====                   =======         ======
           MAIL_LOGIN              00001500 
    -------------------------------------------------------------------------
CONFIG_C
  Relative segment, address: CODE_AREA 00001540 - 0000156B (0x2c bytes), align: 2
  Segment part 4. ROOT.
           ENTRY                   ADDRESS         REF BY
           =====                   =======         ======
           cfghdr1                 00001540 
    -------------------------------------------------------------------------
CONFIG_C
  Relative segment, address: CODE_AREA 0000156C - 0000158B (0x20 bytes), align: 2
  Segment part 5. ROOT.
           ENTRY                   ADDRESS         REF BY
           =====                   =======         ======
           MAIL_PASS               0000156C 
    -------------------------------------------------------------------------
CONFIG_C
  Relative segment, address: CODE_AREA 0000158C - 000015B7 (0x2c bytes), align: 2
  Segment part 6. ROOT.
           ENTRY                   ADDRESS         REF BY
           =====                   =======         ======
           cfghdr2                 0000158C 
    -------------------------------------------------------------------------
CONFIG_C
  Relative segment, address: CODE_AREA 000015B8 - 000015F7 (0x40 bytes), align: 2
  Segment part 7. ROOT.
           ENTRY                   ADDRESS         REF BY
           =====                   =======         ======
           HIST_PATH               000015B8        Segment part 107 (main)
    -------------------------------------------------------------------------
CONFIG_C
  Relative segment, address: CODE_AREA 000015F8 - 00001623 (0x2c bytes), align: 2
  Segment part 8. ROOT.
           ENTRY                   ADDRESS         REF BY
           =====                   =======         ======
           cfghdr3                 000015F8 
    -------------------------------------------------------------------------
CONFIG_C
  Relative segment, address: CODE_AREA 00001624 - 00001627 (0x4 bytes), align: 2
  Segment part 9. ROOT.
           ENTRY                   ADDRESS         REF BY
           =====                   =======         ======
           LOAD_ONLY               00001624 
    -------------------------------------------------------------------------
CONFIG_C
  Relative segment, address: CODE_AREA 00001628 - 00001667 (0x40 bytes), align: 2
  Segment part 10. ROOT.
           ENTRY                   ADDRESS         REF BY
           =====                   =======         ======
           cfgcbox1                00001628 
    -------------------------------------------------------------------------
CONFIG_C
  Relative segment, address: CODE_AREA 00001668 - 00001693 (0x2c bytes), align: 2
  Segment part 11. ROOT.
           ENTRY                   ADDRESS         REF BY
           =====                   =======         ======
           cfghdr4                 00001668 
    -------------------------------------------------------------------------
CONFIG_C
  Relative segment, address: CODE_AREA 00001694 - 00001697 (0x4 bytes), align: 2
  Segment part 12. ROOT.
           ENTRY                   ADDRESS         REF BY
           =====                   =======         ======
           ICON0                   00001694        main (main)
    -------------------------------------------------------------------------
CONFIG_C
  Relative segment, address: CODE_AREA 00001698 - 000016C3 (0x2c bytes), align: 2
  Segment part 13. ROOT.
           ENTRY                   ADDRESS         REF BY
           =====                   =======         ======
           cfghdr6                 00001698 
    -------------------------------------------------------------------------
CONFIG_C
  Relative segment, address: CODE_AREA 000016C4 - 000016C7 (0x4 bytes), align: 2
  Segment part 14. ROOT.
           ENTRY                   ADDRESS         REF BY
           =====                   =======         ======
           ICON1                   000016C4        main (main)
    -------------------------------------------------------------------------
CONFIG_C
  Relative segment, address: CODE_AREA 000016C8 - 000016F3 (0x2c bytes), align: 2
  Segment part 15. ROOT.
           ENTRY                   ADDRESS         REF BY
           =====                   =======         ======
           cfghdr7                 000016C8 
    -------------------------------------------------------------------------
CONFIG_C
  Relative segment, address: CODE_AREA 000016F4 - 000016F7 (0x4 bytes), align: 2
  Segment part 16. ROOT.
           ENTRY                   ADDRESS         REF BY
           =====                   =======         ======
           ICON2                   000016F4        main (main)
    -------------------------------------------------------------------------
CONFIG_C
  Relative segment, address: CODE_AREA 000016F8 - 00001723 (0x2c bytes), align: 2
  Segment part 17. ROOT.
           ENTRY                   ADDRESS         REF BY
           =====                   =======         ======
           cfghdr8                 000016F8 
    -------------------------------------------------------------------------
CONFIG_C
  Relative segment, address: CODE_AREA 00001724 - 00001727 (0x4 bytes), align: 2
  Segment part 18. ROOT.
           ENTRY                   ADDRESS         REF BY
           =====                   =======         ======
           ICON3                   00001724        main (main)

    *************************************************************************

  FILE NAME : D:\Siemens\Sources\C++\MailViewer\Release\Obj\func.r79
  PROGRAM MODULE, NAME : func

  SEGMENTS IN THE MODULE
  ======================
ELFBEGIN
  Relative segment, address: CODE_AREA 00000000, align: 0
  Segment part 0. ROOT.
           ENTRY                   ADDRESS         REF BY
           =====                   =======         ======
           ELF_BEGIN               00000000        ElfKiller (main)
    -------------------------------------------------------------------------
CODE
  Relative segment, address: CODE_AREA 0000044C - 0000044F (0x4 bytes), align: 2
  Segment part 1. ROOT.
           ENTRY                   ADDRESS         REF BY
           =====                   =======         ======
           kill_data               0000044C        ElfKiller (main)

    *************************************************************************

  FILE NAME : D:\Siemens\Sources\C++\MailViewer\Release\Obj\main.r79
  PROGRAM MODULE, NAME : main

  SEGMENTS IN THE MODULE
  ======================
DATA_I
  Relative segment, address: DATA_AREA 00000000 - 000000FF (0x100 bytes), align: 2
  Segment part 27.            Intra module refs:   base64_decode
    -------------------------------------------------------------------------
DATA_Z
  Relative segment, address: CODE_AREA 000013A4 - 000013B7 (0x14 bytes), align: 2
  Segment part 29.            Intra module refs:   Segment part 130
           ENTRY                   ADDRESS         REF BY
           =====                   =======         ======
           S_ICONS                 000013A4 
    -------------------------------------------------------------------------
DATA_Z
  Relative segment, address: CODE_AREA 000013B8 - 000013BB (0x4 bytes), align: 2
  Segment part 30.            Intra module refs:   Options
           ENTRY                   ADDRESS         REF BY
           =====                   =======         ======
           displace_config         000013B8        InitConfig (conf_loader)
    -------------------------------------------------------------------------
CODE
  Relative segment, address: CODE_AREA 00000450 - 000004B7 (0x68 bytes), align: 2
  Segment part 56.            Intra module refs:   decodestr
           ENTRY                   ADDRESS         REF BY
           =====                   =======         ======
           ecnq                    00000450 
    -------------------------------------------------------------------------
CODE
  Relative segment, address: CODE_AREA 000004B8 - 000005BB (0x104 bytes), align: 2
  Segment part 58.            Intra module refs:   ElfKiller
                                                   decodestr
           ENTRY                   ADDRESS         REF BY
           =====                   =======         ======
           base64_decode           000004B8 
               stack 1 = 00000000 ( 0000002C )
    -------------------------------------------------------------------------
CODE
  Relative segment, address: CODE_AREA 000005BC - 00000713 (0x158 bytes), align: 2
  Segment part 60.            Intra module refs:   decodestr
           ENTRY                   ADDRESS         REF BY
           =====                   =======         ======
           quoted_printable_decode
                                   000005BC 
               stack 1 = 00000000 ( 00000014 )
    -------------------------------------------------------------------------
DATA_C
  Relative segment, address: CODE_AREA 00001258 - 00001263 (0xc bytes), align: 2
  Segment part 2.             Intra module refs:   find_subject
    -------------------------------------------------------------------------
DATA_C
  Relative segment, address: CODE_AREA 00001264 - 0000127B (0x18 bytes), align: 2
  Segment part 5.             Intra module refs:   decodestr
    -------------------------------------------------------------------------
DATA_C
  Relative segment, address: CODE_AREA 0000127C - 00001287 (0xc bytes), align: 2
  Segment part 6.             Intra module refs:   get_eml_name
    -------------------------------------------------------------------------
DATA_C
  Relative segment, address: CODE_AREA 00001288 - 0000128F (0x8 bytes), align: 2
  Segment part 9.             Intra module refs:   Segment part 50
    -------------------------------------------------------------------------
DATA_C
  Relative segment, address: CODE_AREA 00001290 - 0000129B (0xc bytes), align: 2
  Segment part 10.            Intra module refs:   Segment part 50
    -------------------------------------------------------------------------
DATA_C
  Relative segment, address: CODE_AREA 0000129C - 000012A7 (0xc bytes), align: 2
  Segment part 11.            Intra module refs:   Segment part 50
    -------------------------------------------------------------------------
DATA_C
  Relative segment, address: CODE_AREA 000012A8 - 000012BB (0x14 bytes), align: 2
  Segment part 12.            Intra module refs:   Segment part 36
    -------------------------------------------------------------------------
DATA_C
  Relative segment, address: CODE_AREA 000012BC - 000012C7 (0xc bytes), align: 2
  Segment part 13.            Intra module refs:   Segment part 38
                                                   Segment part 50
    -------------------------------------------------------------------------
DATA_C
  Relative segment, address: CODE_AREA 000012C8 - 000012CF (0x8 bytes), align: 2
  Segment part 14.            Intra module refs:   Segment part 46
    -------------------------------------------------------------------------
DATA_C
  Relative segment, address: CODE_AREA 000012D0 - 000012DB (0xc bytes), align: 2
  Segment part 15.            Intra module refs:   Segment part 46
    -------------------------------------------------------------------------
DATA_C
  Relative segment, address: CODE_AREA 000012DC - 000012E3 (0x8 bytes), align: 2
  Segment part 16.            Intra module refs:   Segment part 46
    -------------------------------------------------------------------------
DATA_C
  Relative segment, address: CODE_AREA 000012E4 - 000012EF (0xc bytes), align: 2
  Segment part 17.            Intra module refs:   Segment part 46
    -------------------------------------------------------------------------
DATA_C
  Relative segment, address: CODE_AREA 000012F0 - 000012F7 (0x8 bytes), align: 2
  Segment part 18.            Intra module refs:   Segment part 34
    -------------------------------------------------------------------------
DATA_C
  Relative segment, address: CODE_AREA 00001388 - 00001389 (0x2 bytes), align: 0
  Segment part 19.            Intra module refs:   Segment part 42
    -------------------------------------------------------------------------
DATA_C
  Relative segment, address: CODE_AREA 000012F8 - 000012FF (0x8 bytes), align: 2
  Segment part 20.            Intra module refs:   Segment part 42
    -------------------------------------------------------------------------
DATA_C
  Relative segment, address: CODE_AREA 00001300 - 00001307 (0x8 bytes), align: 2
  Segment part 21.            Intra module refs:   Segment part 42
    -------------------------------------------------------------------------
DATA_C
  Relative segment, address: CODE_AREA 00001308 - 0000131B (0x14 bytes), align: 2
  Segment part 22.            Intra module refs:   Segment part 106
           ENTRY                   ADDRESS         REF BY
           =====                   =======         ======
           mailer_db_name          00001310 
    -------------------------------------------------------------------------
DATA_C
  Relative segment, address: CODE_AREA 0000131C - 00001323 (0x8 bytes), align: 2
  Segment part 24.            Intra module refs:   maillist_menu_iconhndl
    -------------------------------------------------------------------------
DATA_C
  Relative segment, address: CODE_AREA 00001324 - 00001343 (0x20 bytes), align: 2
  Segment part 25.            Intra module refs:   Options
    -------------------------------------------------------------------------
DATA_Z
  Relative segment, address: CODE_AREA 000013BC - 000014D3 (0x118 bytes), align: 2
  Segment part 32.            Intra module refs:   MAINCSM
           ENTRY                   ADDRESS         REF BY
           =====                   =======         ======
           maincsm_name_body       000013BC 
    -------------------------------------------------------------------------
CODE
  Relative segment, address: CODE_AREA 00000714 - 0000073F (0x2c bytes), align: 2
  Segment part 62.            Intra module refs:   maincsm_onclose
           ENTRY                   ADDRESS         REF BY
           =====                   =======         ======
           ElfKiller               00000714 
               stack 1 = 00000000 ( 00000004 )
    -------------------------------------------------------------------------
CODE
  Relative segment, address: CODE_AREA 00000740 - 0000077F (0x40 bytes), align: 2
  Segment part 64.            Intra module refs:   find_subject
                                                   maillist_menu_onkey
           ENTRY                   ADDRESS         REF BY
           =====                   =======         ======
           get_eml_name            00000740 
               stack 1 = 00000000 ( 00000010 )
    -------------------------------------------------------------------------
CODE
  Relative segment, address: CODE_AREA 00000780 - 0000092B (0x1ac bytes), align: 2
  Segment part 66.            Intra module refs:   find_subject
           ENTRY                   ADDRESS         REF BY
           =====                   =======         ======
           decodestr               00000780 
               stack 1 = 00000000 ( 00000028 )
    -------------------------------------------------------------------------
CODE
  Relative segment, address: CODE_AREA 0000092C - 00000953 (0x28 bytes), align: 2
  Segment part 68.            Intra module refs:   CreateMailList
                                                   delete_record
                                                   find_subject
                                                   read_db_file
                                                   setstate
           ENTRY                   ADDRESS         REF BY
           =====                   =======         ======
           get_file_size           0000092C 
               stack 1 = 00000000 ( 00000030 )
    -------------------------------------------------------------------------
CODE
  Relative segment, address: CODE_AREA 00000954 - 00000A47 (0xf4 bytes), align: 2
  Segment part 70.            Intra module refs:   maillist_menu_iconhndl
           ENTRY                   ADDRESS         REF BY
           =====                   =======         ======
           find_subject            00000954 
               stack 1 = 00000000 ( 0000009C )
    -------------------------------------------------------------------------
CODE
  Relative segment, address: CODE_AREA 00000A48 - 00000AF3 (0xac bytes), align: 2
  Segment part 72.            Intra module refs:   GetIconIndex
                                                   delete_record
                                                   get_eml_name
                                                   maillist_menu_iconhndl
                                                   setstate
           ENTRY                   ADDRESS         REF BY
           =====                   =======         ======
           read_db_file            00000A48 
               stack 1 = 00000000 ( 00000098 )
    -------------------------------------------------------------------------
CODE
  Relative segment, address: CODE_AREA 00000AF4 - 00000B6B (0x78 bytes), align: 2
  Segment part 74.            Intra module refs:   delete_record
                                                   setstate
           ENTRY                   ADDRESS         REF BY
           =====                   =======         ======
           write_db_file           00000AF4 
               stack 1 = 00000000 ( 00000098 )
    -------------------------------------------------------------------------
CODE
  Relative segment, address: CODE_AREA 00000B6C - 00000BBF (0x54 bytes), align: 2
  Segment part 76.            Intra module refs:   maillist_menu_iconhndl
           ENTRY                   ADDRESS         REF BY
           =====                   =======         ======
           GetIconIndex            00000B6C 
               stack 1 = 00000000 ( 00000008 )
    -------------------------------------------------------------------------
CODE
  Relative segment, address: CODE_AREA 00000BC0 - 00000C37 (0x78 bytes), align: 2
  Segment part 78.            Intra module refs:   set_state_delete
                                                   set_state_download
           ENTRY                   ADDRESS         REF BY
           =====                   =======         ======
           setstate                00000BC0 
               stack 1 = 00000000 ( 00000094 )
    -------------------------------------------------------------------------
CODE
  Relative segment, address: CODE_AREA 00000C38 - 00000C3F (0x8 bytes), align: 2
  Segment part 80.            Intra module refs:   Segment part 34
           ENTRY                   ADDRESS         REF BY
           =====                   =======         ======
           options_menu_onkey      00000C38 
    -------------------------------------------------------------------------
CODE
  Relative segment, address: CODE_AREA 00000C40 - 00000C43 (0x4 bytes), align: 2
  Segment part 82.            Intra module refs:   Segment part 34
           ENTRY                   ADDRESS         REF BY
           =====                   =======         ======
           options_menu_ghook      00000C40 
    -------------------------------------------------------------------------
CODE
  Relative segment, address: CODE_AREA 00000C44 - 00000C5B (0x18 bytes), align: 2
  Segment part 84.            Intra module refs:   Segment part 48
           ENTRY                   ADDRESS         REF BY
           =====                   =======         ======
           set_state_download      00000C44 
               stack 1 = 00000000 ( 00000004 )
    -------------------------------------------------------------------------
CODE
  Relative segment, address: CODE_AREA 00000C5C - 00000C73 (0x18 bytes), align: 2
  Segment part 86.            Intra module refs:   Segment part 48
           ENTRY                   ADDRESS         REF BY
           =====                   =======         ======
           set_state_delete        00000C5C 
               stack 1 = 00000000 ( 00000004 )
    -------------------------------------------------------------------------
CODE
  Relative segment, address: CODE_AREA 00000C74 - 00000D33 (0xc0 bytes), align: 2
  Segment part 88.            Intra module refs:   Segment part 48
           ENTRY                   ADDRESS         REF BY
           =====                   =======         ======
           delete_record           00000C74 
               stack 1 = 00000000 ( 00000090 )
    -------------------------------------------------------------------------
CODE
  Relative segment, address: CODE_AREA 00000D34 - 00000D37 (0x4 bytes), align: 2
  Segment part 89.            Intra module refs:   delete_record
                                                   setstate
    -------------------------------------------------------------------------
CODE
  Relative segment, address: CODE_AREA 00000D38 - 00000D47 (0x10 bytes), align: 2
  Segment part 91.            Intra module refs:   Segment part 48
           ENTRY                   ADDRESS         REF BY
           =====                   =======         ======
           back                    00000D38 
               stack 1 = 00000000 ( 00000004 )
    -------------------------------------------------------------------------
DATA_I
  Relative segment, address: DATA_AREA 00000100 - 00000147 (0x48 bytes), align: 2
  Segment part 33.            Intra module refs:   Segment part 89
                                                   create_options_menu
           ENTRY                   ADDRESS         REF BY
           =====                   =======         ======
           cur_menu                00000114 
           options_menu_STRUCT     0000011C 
           options_menu_id         00000118 
           options_menuhdr         00000100 
    -------------------------------------------------------------------------
CODE
  Relative segment, address: CODE_AREA 00000D48 - 00000DBB (0x74 bytes), align: 2
  Segment part 93.            Intra module refs:   maillist_menu_onkey
           ENTRY                   ADDRESS         REF BY
           =====                   =======         ======
           create_options_menu     00000D48 
               stack 1 = 00000000 ( 00000018 )
    -------------------------------------------------------------------------
CODE
  Relative segment, address: CODE_AREA 00000DBC - 00000E3B (0x80 bytes), align: 2
  Segment part 95.            Intra module refs:   Segment part 38
           ENTRY                   ADDRESS         REF BY
           =====                   =======         ======
           maillist_menu_onkey     00000DBC 
               stack 1 = 00000000 ( 00000088 )
    -------------------------------------------------------------------------
CODE
  Relative segment, address: CODE_AREA 00000E3C - 00000E73 (0x38 bytes), align: 2
  Segment part 97.            Intra module refs:   Segment part 38
           ENTRY                   ADDRESS         REF BY
           =====                   =======         ======
           maillist_menu_ghook     00000E3C 
               stack 1 = 00000000 ( 00000004 )
    -------------------------------------------------------------------------
CODE
  Relative segment, address: CODE_AREA 00000E74 - 00000F4B (0xd8 bytes), align: 2
  Segment part 99.            Intra module refs:   Segment part 38
           ENTRY                   ADDRESS         REF BY
           =====                   =======         ======
           maillist_menu_iconhndl
                                   00000E74 
               stack 1 = 00000000 ( 00000020 )
    -------------------------------------------------------------------------
CODE
  Relative segment, address: CODE_AREA 00000F4C - 00000F5F (0x14 bytes), align: 2
  Segment part 101.           Intra module refs:   Segment part 36
           ENTRY                   ADDRESS         REF BY
           =====                   =======         ======
           main_menu_ghook         00000F4C 
               stack 1 = 00000000 ( 00000004 )
    -------------------------------------------------------------------------
CODE
  Relative segment, address: CODE_AREA 00000F60 - 00000F77 (0x18 bytes), align: 2
  Segment part 103.           Intra module refs:   Segment part 36
           ENTRY                   ADDRESS         REF BY
           =====                   =======         ======
           main_menu_onkey         00000F60 
    -------------------------------------------------------------------------
CODE
  Relative segment, address: CODE_AREA 00000F78 - 00000FF7 (0x80 bytes), align: 2
  Segment part 105.           Intra module refs:   Incoming
                                                   maincsm_onmessage
                                                   remake_mailmenu
           ENTRY                   ADDRESS         REF BY
           =====                   =======         ======
           CreateMailList          00000F78 
               stack 1 = 00000000 ( 00000098 )
    -------------------------------------------------------------------------
CODE
  Relative segment, address: CODE_AREA 00000FF8 - 00000FFB (0x4 bytes), align: 2
  Segment part 106.           Intra module refs:   CreateMailList
                                                   delete_record
                                                   read_db_file
                                                   setstate
                                                   write_db_file
    -------------------------------------------------------------------------
CODE
  Relative segment, address: CODE_AREA 00000FFC - 00000FFF (0x4 bytes), align: 2
  Segment part 107.           Intra module refs:   CreateMailList
                                                   delete_record
                                                   get_eml_name
                                                   read_db_file
                                                   setstate
                                                   write_db_file
    -------------------------------------------------------------------------
CODE
  Relative segment, address: CODE_AREA 00001000 - 00001003 (0x4 bytes), align: 2
  Segment part 108.           Intra module refs:   CreateMailList
                                                   delete_record
    -------------------------------------------------------------------------
CODE
  Relative segment, address: CODE_AREA 00001004 - 0000104B (0x48 bytes), align: 2
  Segment part 110.           Intra module refs:   delete_record
           ENTRY                   ADDRESS         REF BY
           =====                   =======         ======
           remake_mailmenu         00001004 
               stack 1 = 00000000 ( 0000000C )
    -------------------------------------------------------------------------
CODE
  Relative segment, address: CODE_AREA 0000104C - 0000104F (0x4 bytes), align: 2
  Segment part 112.           Intra module refs:   Segment part 52
           ENTRY                   ADDRESS         REF BY
           =====                   =======         ======
           Incoming                0000104C 
               stack 1 = 00000000 ( 00000004 )
    -------------------------------------------------------------------------
CODE
  Relative segment, address: CODE_AREA 00001050 - 00001053 (0x4 bytes), align: 2
  Segment part 114.           Intra module refs:   Segment part 52
           ENTRY                   ADDRESS         REF BY
           =====                   =======         ======
           Outgoing                00001050 
    -------------------------------------------------------------------------
CODE
  Relative segment, address: CODE_AREA 00001054 - 0000109B (0x48 bytes), align: 2
  Segment part 116.           Intra module refs:   Segment part 52
           ENTRY                   ADDRESS         REF BY
           =====                   =======         ======
           Options                 00001054 
               stack 1 = 00000000 ( 00000008 )
    -------------------------------------------------------------------------
CODE
  Relative segment, address: CODE_AREA 0000109C - 000010AB (0x10 bytes), align: 2
  Segment part 118.           Intra module refs:   Segment part 52
           ENTRY                   ADDRESS         REF BY
           =====                   =======         ======
           Exit                    0000109C 
               stack 1 = 00000000 ( 00000004 )
    -------------------------------------------------------------------------
DATA_I
  Relative segment, address: DATA_AREA 00000148 - 0000018B (0x44 bytes), align: 2
  Segment part 35.            Intra module refs:   maincsm_oncreate
           ENTRY                   ADDRESS         REF BY
           =====                   =======         ======
           main_menu_id            0000015C 
           mainmenu_HDR            00000148 
           mainmenu_STRUCT         00000160 
    -------------------------------------------------------------------------
DATA_I
  Relative segment, address: DATA_AREA 0000018C - 000001D7 (0x4c bytes), align: 2
  Segment part 37.            Intra module refs:   Segment part 125
           ENTRY                   ADDRESS         REF BY
           =====                   =======         ======
           maillist_menu           000001AC 
           maillist_menu_id        0000018C 
           maillist_menuhdr        00000198 
           request_close_mailmenu
                                   00000194 
           request_remake_mailmenu
                                   00000190 
    -------------------------------------------------------------------------
DATA_I
  Relative segment, address: DATA_AREA 000001D8 - 000001E3 (0xc bytes), align: 2
  Segment part 39.            Intra module refs:   Segment part 34
                                                   Segment part 36
                                                   Segment part 38
           ENTRY                   ADDRESS         REF BY
           =====                   =======         ======
           menusoftkeys            000001D8 
    -------------------------------------------------------------------------
DATA_I
  Relative segment, address: DATA_AREA 000001E4 - 000001FB (0x18 bytes), align: 2
  Segment part 41.            Intra module refs:   Segment part 44
           ENTRY                   ADDRESS         REF BY
           =====                   =======         ======
           menu_sk                 000001E4 
    -------------------------------------------------------------------------
DATA_I
  Relative segment, address: DATA_AREA 000001FC - 00000203 (0x8 bytes), align: 2
  Segment part 43.            Intra module refs:   Segment part 34
                                                   Segment part 36
                                                   Segment part 38
           ENTRY                   ADDRESS         REF BY
           =====                   =======         ======
           menu_skt                000001FC 
    -------------------------------------------------------------------------
DATA_I
  Relative segment, address: DATA_AREA 00000204 - 00000273 (0x70 bytes), align: 2
  Segment part 45.            Intra module refs:   Segment part 34
           ENTRY                   ADDRESS         REF BY
           =====                   =======         ======
           options_menu_ITEMS      00000204 
    -------------------------------------------------------------------------
DATA_I
  Relative segment, address: DATA_AREA 00000274 - 00000283 (0x10 bytes), align: 2
  Segment part 47.            Intra module refs:   Segment part 34
           ENTRY                   ADDRESS         REF BY
           =====                   =======         ======
           options_menu_HNDLS      00000274 
    -------------------------------------------------------------------------
DATA_I
  Relative segment, address: DATA_AREA 00000284 - 000002F3 (0x70 bytes), align: 2
  Segment part 49.            Intra module refs:   Segment part 36
           ENTRY                   ADDRESS         REF BY
           =====                   =======         ======
           mainmenu_ITEMS          00000284 
    -------------------------------------------------------------------------
DATA_I
  Relative segment, address: DATA_AREA 000002F4 - 0000030B (0x18 bytes), align: 2
  Segment part 51.            Intra module refs:   Segment part 36
           ENTRY                   ADDRESS         REF BY
           =====                   =======         ======
           mainmenu_HNDLS          000002F4 
    -------------------------------------------------------------------------
CODE
  Relative segment, address: CODE_AREA 000010AC - 00001107 (0x5c bytes), align: 2
  Segment part 120.           Intra module refs:   MAINCSM
           ENTRY                   ADDRESS         REF BY
           =====                   =======         ======
           maincsm_oncreate        000010AC 
               stack 1 = 00000000 ( 0000001C )
    -------------------------------------------------------------------------
CODE
  Relative segment, address: CODE_AREA 00001108 - 0000111B (0x14 bytes), align: 2
  Segment part 122.           Intra module refs:   MAINCSM
           ENTRY                   ADDRESS         REF BY
           =====                   =======         ======
           maincsm_onclose         00001108 
               stack 1 = 00000000 ( 00000004 )
    -------------------------------------------------------------------------
CODE
  Relative segment, address: CODE_AREA 0000111C - 00001177 (0x5c bytes), align: 2
  Segment part 124.           Intra module refs:   MAINCSM
           ENTRY                   ADDRESS         REF BY
           =====                   =======         ======
           maincsm_onmessage       0000111C 
               stack 1 = 00000000 ( 00000004 )
    -------------------------------------------------------------------------
CODE
  Relative segment, address: CODE_AREA 00001178 - 0000117B (0x4 bytes), align: 2
  Segment part 125.           Intra module refs:   CreateMailList
                                                   maillist_menu_ghook
                                                   maincsm_onmessage
                                                   remake_mailmenu
    -------------------------------------------------------------------------
DATA_C
  Relative segment, address: CODE_AREA 00001344 - 00001383 (0x40 bytes), align: 2
  Segment part 26.            Intra module refs:   UpdateCSMname
                                                   main
           ENTRY                   ADDRESS         REF BY
           =====                   =======         ======
           MAINCSM                 00001358 
    -------------------------------------------------------------------------
DATA_C
  Relative segment, address: CODE_AREA 00001384 - 00001387 (0x4 bytes), align: 2
  Segment part 31.            Intra module refs:   MAINCSM
           ENTRY                   ADDRESS         REF BY
           =====                   =======         ======
           minus11                 00001384 
    -------------------------------------------------------------------------
CODE
  Relative segment, address: CODE_AREA 0000117C - 00001197 (0x1c bytes), align: 2
  Segment part 127.           Intra module refs:   main
           ENTRY                   ADDRESS         REF BY
           =====                   =======         ======
           UpdateCSMname           0000117C 
               stack 1 = 00000000 ( 00000004 )
    -------------------------------------------------------------------------
CODE
  Relative segment, address: CODE_AREA 00001198 - 00001213 (0x7c bytes), align: 2
  Segment part 129.
           ENTRY                   ADDRESS         REF BY
           =====                   =======         ======
           main                    00001198        Absolute parts (?ABS_ENTRY_MOD)
               stack 1 = 00000000 ( 00000030 )
    -------------------------------------------------------------------------
CODE
  Relative segment, address: CODE_AREA 00001214 - 00001217 (0x4 bytes), align: 2
  Segment part 130.           Intra module refs:   maillist_menu_iconhndl
                                                   main
    -------------------------------------------------------------------------
DATA_ID
  Relative segment, address: CODE_AREA 00000000 - 000000FF (0x100 bytes), align: 2
  Segment part 28.            Intra module refs:   Segment part 27
    -------------------------------------------------------------------------
DATA_ID
  Relative segment, address: CODE_AREA 00000100 - 00000147 (0x48 bytes), align: 2
  Segment part 34.            Intra module refs:   Segment part 33
    -------------------------------------------------------------------------
DATA_ID
  Relative segment, address: CODE_AREA 00000148 - 0000018B (0x44 bytes), align: 2
  Segment part 36.            Intra module refs:   Segment part 35
    -------------------------------------------------------------------------
DATA_ID
  Relative segment, address: CODE_AREA 0000018C - 000001D7 (0x4c bytes), align: 2
  Segment part 38.            Intra module refs:   Segment part 37
    -------------------------------------------------------------------------
DATA_ID
  Relative segment, address: CODE_AREA 000001D8 - 000001E3 (0xc bytes), align: 2
  Segment part 40.            Intra module refs:   menusoftkeys
    -------------------------------------------------------------------------
DATA_ID
  Relative segment, address: CODE_AREA 000001E4 - 000001FB (0x18 bytes), align: 2
  Segment part 42.            Intra module refs:   menu_sk
    -------------------------------------------------------------------------
DATA_ID
  Relative segment, address: CODE_AREA 000001FC - 00000203 (0x8 bytes), align: 2
  Segment part 44.            Intra module refs:   menu_skt
    -------------------------------------------------------------------------
DATA_ID
  Relative segment, address: CODE_AREA 00000204 - 00000273 (0x70 bytes), align: 2
  Segment part 46.            Intra module refs:   options_menu_ITEMS
    -------------------------------------------------------------------------
DATA_ID
  Relative segment, address: CODE_AREA 00000274 - 00000283 (0x10 bytes), align: 2
  Segment part 48.            Intra module refs:   options_menu_HNDLS
    -------------------------------------------------------------------------
DATA_ID
  Relative segment, address: CODE_AREA 00000284 - 000002F3 (0x70 bytes), align: 2
  Segment part 50.            Intra module refs:   mainmenu_ITEMS
    -------------------------------------------------------------------------
DATA_ID
  Relative segment, address: CODE_AREA 000002F4 - 0000030B (0x18 bytes), align: 2
  Segment part 52.            Intra module refs:   mainmenu_HNDLS
    -------------------------------------------------------------------------
INITTAB
  Relative segment, address: CODE_AREA 0000138C - 00001397 (0xc bytes), align: 2
  Segment part 133. ROOT.
           ENTRY                   ADDRESS         REF BY
           =====                   =======         ======
           ?init?tab?DATA_Z        0000138C 
    -------------------------------------------------------------------------
INITTAB
  Relative segment, address: CODE_AREA 00001398 - 000013A3 (0xc bytes), align: 2
  Segment part 135. ROOT.
           ENTRY                   ADDRESS         REF BY
           =====                   =======         ======
           ?init?tab?DATA_I        00001398 




                ****************************************
                *                                      *
                *      SEGMENTS IN ADDRESS ORDER       *
                *                                      *
                ****************************************


SEGMENT              SPACE    START ADDRESS   END ADDRESS     SIZE  TYPE  ALIGN
=======              =====    =============   ===========     ====  ====  =====
ELFBEGIN             CODE_AREA           00000000                     rel    0
DATA_ID              CODE_AREA      00000000 - 0000030B         30C   rel    2
START                CODE_AREA           0000030C                     dse    0
CODE                 CODE_AREA      0000030C - 00001217         F0C   rel    2
DATA_C               CODE_AREA      00001218 - 00001389         172   rel    2
INITTAB              CODE_AREA      0000138C - 000013A3          18   rel    2
DATA_Z               CODE_AREA      000013A4 - 000014D3         130   rel    2
DATA_N               CODE_AREA           000014D4                     dse    0
CONFIG_C             CODE_AREA      000014D4 - 00001727         254   rel    2
DATA_I               DATA_AREA      00000000 - 0000030B         30C   rel    2

                ****************************************
                *                                      *
                *        END OF CROSS REFERENCE        *
                *                                      *
                ****************************************

 5 926 bytes of CODE memory
   780 bytes of DATA memory

Errors: none
Warnings: none

