Warning[w6]: Type conflict for external/entry "ussd_str", in module main against external/entry in module config_data; types have different type attributes
  /* In module main: */
  char ussd_str[64];
  /* In module config_data: */
  char (const ussd_str)[64];
################################################################################
#                                                                              #
#      IAR Universal Linker V4.59Z/386                                         #
#                                                                              #
#           Link time     =  17/Dec/2006  00:04:23                             #
#           Target CPU    =  ARM                                               #
#           List file     =  D:\MOBILE\ELFS\Development\!_IAR_projects\USSD_Ba #
#                            lance\Release\List\smenud.map                     #
#           Output file 1 =  D:\MOBILE\ELFS\Development\!_IAR_projects\USSD_Ba #
#                            lance\Release\Exe\smenud.elf                      #
#                            Format: elf, variant: -ynpra                      #
#           Command line  =  D:\MOBILE\ELFS\Development\!_IAR_projects\USSD_Ba #
#                            lance\Release\Obj\conf_loader.r79                 #
#                            D:\MOBILE\ELFS\Development\!_IAR_projects\USSD_Ba #
#                            lance\Release\Obj\config_data.r79                 #
#                            D:\MOBILE\ELFS\Development\!_IAR_projects\USSD_Ba #
#                            lance\Release\Obj\func.r79                        #
#                            D:\MOBILE\ELFS\Development\!_IAR_projects\USSD_Ba #
#                            lance\Release\Obj\main.r79                        #
#                            -o                                                #
#                            D:\MOBILE\ELFS\Development\!_IAR_projects\USSD_Ba #
#                            lance\Release\Exe\smenud.elf                      #
#                            -Felf -l                                          #
#                            D:\MOBILE\ELFS\Development\!_IAR_projects\USSD_Ba #
#                            lance\Release\List\smenud.map                     #
#                            -xmsnio -f                                        #
#                            D:\MOBILE\ELFS\Development\!_IAR_projects\USSD_Ba #
#                            lance\test.xcl                                    #
#                            (-carm -V(CODE)CODE_AREA,12                       #
#                            -V(DATA)DATA_AREA,12                              #
#                            -Z(CODE_AREA)ELFBEGIN,DATA_ID,START,CODE,DATA_C,I #
#                            NITTAB,DATA_Z,DATA_N,CONFIG_C=0-FFFFFFFF          #
#                            -Z(DATA_AREA)DATA_I=0-FFFFFFFF) -n -ynpra -s      #
#                            main                                              #
#                                                                              #
#                        Copyright 1987-2006 IAR Systems. All rights reserved. #
################################################################################





                ****************************************
                *                                      *
                *           CROSS REFERENCE            *
                *                                      *
                ****************************************

       Program entry at : CODE_AREA 0000016C  Relocatable, from module : main




                ****************************************
                *                                      *
                *            RUNTIME MODEL             *
                *                                      *
                ****************************************

  StackAlign4  = USED
  __cpu_mode   = __pcs__interwork
  __data_model = absolute
  __endian     = little
  __rt_version = 6



                ****************************************
                *                                      *
                *              MODULE MAP              *
                *                                      *
                ****************************************


  DEFINED ABSOLUTE ENTRIES
    *************************************************************************

  DEFINED ABSOLUTE ENTRIES
    *************************************************************************

  FILE NAME : D:\MOBILE\ELFS\Development\!_IAR_projects\USSD_Balance\Release\Obj\conf_loader.r79
  PROGRAM MODULE, NAME : conf_loader

  SEGMENTS IN THE MODULE
  ======================
CODE
  Segment part 3. NOT NEEDED.
    -------------------------------------------------------------------------
CODE
  Relative segment, address: CODE_AREA 00000000 - 000000FB (0xfc bytes), align: 2
  Segment part 4.             Intra module refs:   InitConfig
           ENTRY                   ADDRESS         REF BY
           =====                   =======         ======
           LoadConfigData          00000000 
               stack 1 = 00000000 ( 00000024 )
    -------------------------------------------------------------------------
CODE
  Segment part 5. NOT NEEDED.
    -------------------------------------------------------------------------
CODE
  Relative segment, address: CODE_AREA 000000FC - 00000127 (0x2c bytes), align: 2
  Segment part 6.
           ENTRY                   ADDRESS         REF BY
           =====                   =======         ======
           InitConfig              000000FC        main (main)
               stack 1 = 00000000 ( 00000008 )
    -------------------------------------------------------------------------
CSTACK
  Segment part 1. NOT NEEDED.
    -------------------------------------------------------------------------
CONFIG_C
  Segment part 7. NOT NEEDED.
    -------------------------------------------------------------------------
DATA_C
  Relative segment, address: CODE_AREA 000001A8 - 000001D7 (0x30 bytes), align: 2
  Segment part 2.             Intra module refs:   InitConfig

    *************************************************************************

  FILE NAME : D:\MOBILE\ELFS\Development\!_IAR_projects\USSD_Balance\Release\Obj\config_data.r79
  PROGRAM MODULE, NAME : config_data

  SEGMENTS IN THE MODULE
  ======================
CONFIG_C
  Relative segment, address: CODE_AREA 000001D8 - 00000203 (0x2c bytes), align: 2
  Segment part 2. ROOT.
           ENTRY                   ADDRESS         REF BY
           =====                   =======         ======
           cfghdr0                 000001D8        LoadConfigData (conf_loader)
    -------------------------------------------------------------------------
CONFIG_C
  Relative segment, address: CODE_AREA 00000204 - 00000243 (0x40 bytes), align: 2
  Segment part 3. ROOT.
           ENTRY                   ADDRESS         REF BY
           =====                   =======         ======
           ussd_str                00000204        main (main)
    -------------------------------------------------------------------------
CSTACK
  Segment part 1. NOT NEEDED.

    *************************************************************************

  FILE NAME : D:\MOBILE\ELFS\Development\!_IAR_projects\USSD_Balance\Release\Obj\func.r79
  PROGRAM MODULE, NAME : func

  SEGMENTS IN THE MODULE
  ======================
ELFBEGIN
  Relative segment, address: CODE_AREA 00000000, align: 0
  Segment part 0. ROOT.
           ENTRY                   ADDRESS         REF BY
           =====                   =======         ======
           ELF_BEGIN               00000000 
    -------------------------------------------------------------------------
CODE
  Relative segment, address: CODE_AREA 00000128 - 0000012F (0x8 bytes), align: 2
  Segment part 1. ROOT.
           ENTRY                   ADDRESS         REF BY
           =====                   =======         ======
           kill_data               00000128 
           seqkill                 0000012C 

    *************************************************************************

  FILE NAME : D:\MOBILE\ELFS\Development\!_IAR_projects\USSD_Balance\Release\Obj\main.r79
  PROGRAM MODULE, NAME : main

  SEGMENTS IN THE MODULE
  ======================
CODE
  Segment part 2. NOT NEEDED.
    -------------------------------------------------------------------------
CODE
  Relative segment, address: CODE_AREA 00000130 - 0000016B (0x3c bytes), align: 2
  Segment part 3.             Intra module refs:   main
           ENTRY                   ADDRESS         REF BY
           =====                   =======         ======
           SendKeyPress            00000130 
               stack 1 = 00000000 ( 0000000C )
    -------------------------------------------------------------------------
CODE
  Segment part 4. NOT NEEDED.
    -------------------------------------------------------------------------
CODE
  Relative segment, address: CODE_AREA 0000016C - 000001A7 (0x3c bytes), align: 2
  Segment part 5.
           ENTRY                   ADDRESS         REF BY
           =====                   =======         ======
           main                    0000016C        Absolute parts (?ABS_ENTRY_MOD)
               stack 1 = 00000000 ( 00000008 )
    -------------------------------------------------------------------------
CODE
  Segment part 6. NOT NEEDED. Intra module refs:   main
    -------------------------------------------------------------------------
CSTACK
  Segment part 1. NOT NEEDED.




                ****************************************
                *                                      *
                *            MODULE SUMMARY            *
                *                                      *
                ****************************************

Module        CODE
------        ----
             (Rel)
conf_loader    344
config_data    108
func             8
main           120
------         ---
Total:         580


                ****************************************
                *                                      *
                *              CALL GRAPH              *
                *                                      *
                ****************************************

  ->Sub-tree of type: Function tree
                             CSTACK
    | Stack used (prev) :  00000000
  01  LoadConfigData
      | Stack used (prev) :  00000000
      | + function block  :  00000024
  <-Sub-tree of type: Function tree
    | Stack used          :  00000024


  ->Sub-tree of type: Function tree
                             CSTACK
    | Stack used (prev) :  00000024
  01  InitConfig
      | Stack used (prev) :  00000024
      | + function block  :  00000008
  <-Sub-tree of type: Function tree
    | Stack used          :  0000002C


  ->Sub-tree of type: Function tree
                             CSTACK
    | Stack used (prev) :  0000002C
  01  SendKeyPress
      | Stack used (prev) :  0000002C
      | + function block  :  0000000C
  <-Sub-tree of type: Function tree
    | Stack used          :  00000038


  ->Sub-tree of type: Function tree
                             CSTACK
    | Stack used (prev) :  00000038
  01  main
      | Stack used (prev) :  00000038
      | + function block  :  00000008
  <-Sub-tree of type: Function tree
    | Stack used          :  00000040




                ****************************************
                *                                      *
                *      SEGMENTS IN ADDRESS ORDER       *
                *                                      *
                ****************************************


SEGMENT              SPACE    START ADDRESS   END ADDRESS     SIZE  TYPE  ALIGN
=======              =====    =============   ===========     ====  ====  =====
DATA_ID              CODE_AREA           00000000                     dse    0
START                CODE_AREA           00000000                     dse    0
ELFBEGIN             CODE_AREA           00000000                     rel    0
CODE                 CODE_AREA      00000000 - 000001A7         1A8   rel    2
DATA_C               CODE_AREA      000001A8 - 000001D7          30   rel    2
DATA_Z               CODE_AREA           000001D8                     dse    0
DATA_N               CODE_AREA           000001D8                     dse    0
INITTAB              CODE_AREA           000001D8                     dse    0
CONFIG_C             CODE_AREA      000001D8 - 00000243          6C   rel    2

                ****************************************
                *                                      *
                *        END OF CROSS REFERENCE        *
                *                                      *
                ****************************************

 580 bytes of CODE memory

Errors: none
Warnings: 1

