Warning[w6]: Type conflict for external/entry "ussd_str", in module main against external/entry in module config_data; types have different type attributes
  /* In module main: */
  char ussd_str[64];
  /* In module config_data: */
  char (const ussd_str)[64];
################################################################################
#                                                                              #
#      IAR Universal Linker V4.59Z/386                                         #
#                                                                              #
#           Link time     =  23/Dec/2006  11:14:02                             #
#           Target CPU    =  ARM                                               #
#           List file     =  D:\MOBILE\ELFS\SVN_82_207_89_182\ARM\USSD_Balance #
#                            \Release\List\USSD_b.map                          #
#           Output file 1 =  D:\MOBILE\ELFS\SVN_82_207_89_182\ARM\USSD_Balance #
#                            \Release\Exe\USSD_b.elf                           #
#                            Format: elf, variant: -ynpra                      #
#           Command line  =  D:\MOBILE\ELFS\SVN_82_207_89_182\ARM\USSD_Balance #
#                            \Release\Obj\conf_loader.r79                      #
#                            D:\MOBILE\ELFS\SVN_82_207_89_182\ARM\USSD_Balance #
#                            \Release\Obj\config_data.r79                      #
#                            D:\MOBILE\ELFS\SVN_82_207_89_182\ARM\USSD_Balance #
#                            \Release\Obj\func.r79                             #
#                            D:\MOBILE\ELFS\SVN_82_207_89_182\ARM\USSD_Balance #
#                            \Release\Obj\main.r79                             #
#                            -o                                                #
#                            D:\MOBILE\ELFS\SVN_82_207_89_182\ARM\USSD_Balance #
#                            \Release\Exe\USSD_b.elf                           #
#                            -Felf -l                                          #
#                            D:\MOBILE\ELFS\SVN_82_207_89_182\ARM\USSD_Balance #
#                            \Release\List\USSD_b.map                          #
#                            -xmsnio -f                                        #
#                            D:\MOBILE\ELFS\SVN_82_207_89_182\ARM\USSD_Balance #
#                            \test.xcl                                         #
#                            (-carm -V(CODE)CODE_AREA,12                       #
#                            -V(DATA)DATA_AREA,12                              #
#                            -Z(CODE_AREA)ELFBEGIN,DATA_ID,START,CODE,DATA_C,I #
#                            NITTAB,DATA_Z,DATA_N,CONFIG_C=0-FFFFFFFF          #
#                            -Z(DATA_AREA)DATA_I=0-FFFFFFFF) -n -ynpra -s      #
#                            main                                              #
#                                                                              #
#                        Copyright 1987-2006 IAR Systems. All rights reserved. #
################################################################################





                ****************************************
                *                                      *
                *           CROSS REFERENCE            *
                *                                      *
                ****************************************

       Program entry at : CODE_AREA 00000264  Relocatable, from module : main




                ****************************************
                *                                      *
                *            RUNTIME MODEL             *
                *                                      *
                ****************************************

  StackAlign4  = USED
  __cpu_mode   = __pcs__interwork
  __data_model = absolute
  __endian     = little
  __rt_version = 6



                ****************************************
                *                                      *
                *              MODULE MAP              *
                *                                      *
                ****************************************


  DEFINED ABSOLUTE ENTRIES
    *************************************************************************

  DEFINED ABSOLUTE ENTRIES
    *************************************************************************

  FILE NAME : D:\MOBILE\ELFS\SVN_82_207_89_182\ARM\USSD_Balance\Release\Obj\conf_loader.r79
  PROGRAM MODULE, NAME : conf_loader

  SEGMENTS IN THE MODULE
  ======================
CODE
  Segment part 3. NOT NEEDED.
    -------------------------------------------------------------------------
CODE
  Relative segment, address: CODE_AREA 00000000 - 000000FB (0xfc bytes), align: 2
  Segment part 4.             Intra module refs:   InitConfig
           ENTRY                   ADDRESS         REF BY
           =====                   =======         ======
           LoadConfigData          00000000 
               stack 1 = 00000000 ( 00000024 )
    -------------------------------------------------------------------------
CODE
  Segment part 5. NOT NEEDED.
    -------------------------------------------------------------------------
CODE
  Relative segment, address: CODE_AREA 000000FC - 00000127 (0x2c bytes), align: 2
  Segment part 6.
           ENTRY                   ADDRESS         REF BY
           =====                   =======         ======
           InitConfig              000000FC        main (main)
               stack 1 = 00000000 ( 00000008 )
    -------------------------------------------------------------------------
CSTACK
  Segment part 1. NOT NEEDED.
    -------------------------------------------------------------------------
CONFIG_C
  Segment part 7. NOT NEEDED.
    -------------------------------------------------------------------------
DATA_C
  Relative segment, address: CODE_AREA 000002BC - 000002EB (0x30 bytes), align: 2
  Segment part 2.             Intra module refs:   InitConfig

    *************************************************************************

  FILE NAME : D:\MOBILE\ELFS\SVN_82_207_89_182\ARM\USSD_Balance\Release\Obj\config_data.r79
  PROGRAM MODULE, NAME : config_data

  SEGMENTS IN THE MODULE
  ======================
CONFIG_C
  Relative segment, address: CODE_AREA 00000310 - 0000033B (0x2c bytes), align: 2
  Segment part 2. ROOT.
           ENTRY                   ADDRESS         REF BY
           =====                   =======         ======
           cfghdr0                 00000310        LoadConfigData (conf_loader)
    -------------------------------------------------------------------------
CONFIG_C
  Relative segment, address: CODE_AREA 0000033C - 0000037B (0x40 bytes), align: 2
  Segment part 3. ROOT.
           ENTRY                   ADDRESS         REF BY
           =====                   =======         ======
           ussd_str                0000033C        timer_proc (main)
    -------------------------------------------------------------------------
CSTACK
  Segment part 1. NOT NEEDED.

    *************************************************************************

  FILE NAME : D:\MOBILE\ELFS\SVN_82_207_89_182\ARM\USSD_Balance\Release\Obj\func.r79
  PROGRAM MODULE, NAME : func

  SEGMENTS IN THE MODULE
  ======================
ELFBEGIN
  Relative segment, address: CODE_AREA 00000000, align: 0
  Segment part 0. ROOT.
           ENTRY                   ADDRESS         REF BY
           =====                   =======         ======
           ELF_BEGIN               00000000        Killer (main)
    -------------------------------------------------------------------------
CODE
  Relative segment, address: CODE_AREA 00000128 - 0000012F (0x8 bytes), align: 2
  Segment part 1. ROOT.
           ENTRY                   ADDRESS         REF BY
           =====                   =======         ======
           kill_data               00000128        Killer (main)
           seqkill                 0000012C 

    *************************************************************************

  FILE NAME : D:\MOBILE\ELFS\SVN_82_207_89_182\ARM\USSD_Balance\Release\Obj\main.r79
  PROGRAM MODULE, NAME : main

  SEGMENTS IN THE MODULE
  ======================
CODE
  Segment part 3. NOT NEEDED.
    -------------------------------------------------------------------------
CODE
  Relative segment, address: CODE_AREA 00000130 - 0000014F (0x20 bytes), align: 2
  Segment part 4.             Intra module refs:   timer_proc
           ENTRY                   ADDRESS         REF BY
           =====                   =======         ======
           Killer                  00000130 
               stack 1 = 00000000 ( 00000004 )
    -------------------------------------------------------------------------
CODE
  Segment part 5. NOT NEEDED.
    -------------------------------------------------------------------------
CODE
  Relative segment, address: CODE_AREA 00000150 - 0000018B (0x3c bytes), align: 2
  Segment part 6.             Intra module refs:   timer_proc
           ENTRY                   ADDRESS         REF BY
           =====                   =======         ======
           SendKeyPress            00000150 
               stack 1 = 00000000 ( 0000000C )
    -------------------------------------------------------------------------
CODE
  Segment part 7. NOT NEEDED.
    -------------------------------------------------------------------------
CODE
  Relative segment, address: CODE_AREA 0000018C - 000001BF (0x34 bytes), align: 2
  Segment part 8.             Intra module refs:   SwitchToIdle
           ENTRY                   ADDRESS         REF BY
           =====                   =======         ======
           swap_csms               0000018C 
               stack 1 = 00000000 ( 00000004 )
    -------------------------------------------------------------------------
CODE
  Segment part 9. NOT NEEDED.
    -------------------------------------------------------------------------
CODE
  Relative segment, address: CODE_AREA 000001C0 - 000001E7 (0x28 bytes), align: 2
  Segment part 10.            Intra module refs:   SwitchToIdle
           ENTRY                   ADDRESS         REF BY
           =====                   =======         ======
           TopCsmId                000001C0 
    -------------------------------------------------------------------------
CODE
  Segment part 11. NOT NEEDED.
    -------------------------------------------------------------------------
CODE
  Relative segment, address: CODE_AREA 000001E8 - 00000207 (0x20 bytes), align: 2
  Segment part 12.            Intra module refs:   main
           ENTRY                   ADDRESS         REF BY
           =====                   =======         ======
           SwitchToIdle            000001E8 
               stack 1 = 00000000 ( 00000004 )
    -------------------------------------------------------------------------
CODE
  Segment part 13. NOT NEEDED.
    -------------------------------------------------------------------------
CODE
  Relative segment, address: CODE_AREA 00000208 - 0000020B (0x4 bytes), align: 2
  Segment part 14.            Intra module refs:   timer_proc
           ENTRY                   ADDRESS         REF BY
           =====                   =======         ======
           SwitchFromIdle          00000208 
    -------------------------------------------------------------------------
CODE
  Segment part 15. NOT NEEDED.
    -------------------------------------------------------------------------
DATA_Z
  Relative segment, address: CODE_AREA 000002F8 - 0000030F (0x18 bytes), align: 2
  Segment part 2.             Intra module refs:   Segment part 19
                                                   SwitchToIdle
                                                   timer_proc
           ENTRY                   ADDRESS         REF BY
           =====                   =======         ======
           idlecsm                 000002FC 
           timer                   00000300 
           under_idle              000002F8 
    -------------------------------------------------------------------------
CODE
  Relative segment, address: CODE_AREA 0000020C - 00000263 (0x58 bytes), align: 2
  Segment part 16.            Intra module refs:   main
           ENTRY                   ADDRESS         REF BY
           =====                   =======         ======
           timer_proc              0000020C 
               stack 1 = 00000000 ( 00000008 )
    -------------------------------------------------------------------------
CODE
  Segment part 17. NOT NEEDED.
    -------------------------------------------------------------------------
CODE
  Relative segment, address: CODE_AREA 00000264 - 000002B7 (0x54 bytes), align: 2
  Segment part 18.
           ENTRY                   ADDRESS         REF BY
           =====                   =======         ======
           main                    00000264        Absolute parts (?ABS_ENTRY_MOD)
               stack 1 = 00000000 ( 00000008 )
    -------------------------------------------------------------------------
CODE
  Relative segment, address: CODE_AREA 000002B8 - 000002BB (0x4 bytes), align: 2
  Segment part 19.            Intra module refs:   TopCsmId
                                                   main
    -------------------------------------------------------------------------
CODE
  Segment part 20. NOT NEEDED.Intra module refs:   Killer
    -------------------------------------------------------------------------
CODE
  Segment part 21. NOT NEEDED.Intra module refs:   main
    -------------------------------------------------------------------------
CSTACK
  Segment part 1. NOT NEEDED.
    -------------------------------------------------------------------------
INITTAB
  Relative segment, address: CODE_AREA 000002EC - 000002F7 (0xc bytes), align: 2
  Segment part 22. ROOT.
           ENTRY                   ADDRESS         REF BY
           =====                   =======         ======
           ?init?tab?DATA_Z        000002EC 




                ****************************************
                *                                      *
                *            MODULE SUMMARY            *
                *                                      *
                ****************************************

Module        CODE
------        ----
             (Rel)
conf_loader    344
config_data    108
func             8
main           432
------         ---
Total:         892


                ****************************************
                *                                      *
                *              CALL GRAPH              *
                *                                      *
                ****************************************

  ->Sub-tree of type: Indirectly called function tree that does not make
                    : indirect calls (Is not an interrupt and is not flagged
                    : as not overlayable)
                             CSTACK
    | Stack used (prev) :  00000000
  01  SwitchFromIdle
      | Stack used (prev) :  00000000
      | + function block  :  00000000
  <-Sub-tree of type: Indirectly called function tree that does not make
                    : indirect calls (Is not an interrupt and is not flagged
                    : as not overlayable)
    | Stack used          :  00000000


  ->Sub-tree of type: Indirectly called function tree that does not make
                    : indirect calls (Is not an interrupt and is not flagged
                    : as not overlayable)
                             CSTACK
    | Stack used (prev) :  00000000
  01  timer_proc
      | Stack used (prev) :  00000000
      | + function block  :  00000008
  <-Sub-tree of type: Indirectly called function tree that does not make
                    : indirect calls (Is not an interrupt and is not flagged
                    : as not overlayable)
    | Stack used          :  00000008


  ->Sub-tree of type: Function tree
                             CSTACK
    | Stack used (prev) :  00000008
  01  LoadConfigData
      | Stack used (prev) :  00000008
      | + function block  :  00000024
  <-Sub-tree of type: Function tree
    | Stack used          :  0000002C


  ->Sub-tree of type: Function tree
                             CSTACK
    | Stack used (prev) :  0000002C
  01  InitConfig
      | Stack used (prev) :  0000002C
      | + function block  :  00000008
  <-Sub-tree of type: Function tree
    | Stack used          :  00000034


  ->Sub-tree of type: Function tree
                             CSTACK
    | Stack used (prev) :  00000034
  01  Killer
      | Stack used (prev) :  00000034
      | + function block  :  00000004
  <-Sub-tree of type: Function tree
    | Stack used          :  00000038


  ->Sub-tree of type: Function tree
                             CSTACK
    | Stack used (prev) :  00000038
  01  SendKeyPress
      | Stack used (prev) :  00000038
      | + function block  :  0000000C
  <-Sub-tree of type: Function tree
    | Stack used          :  00000044


  ->Sub-tree of type: Function tree
                             CSTACK
    | Stack used (prev) :  00000044
  01  swap_csms
      | Stack used (prev) :  00000044
      | + function block  :  00000004
  <-Sub-tree of type: Function tree
    | Stack used          :  00000048


  ->Sub-tree of type: Function tree
                             CSTACK
    | Stack used (prev) :  00000048
  01  TopCsmId
      | Stack used (prev) :  00000048
      | + function block  :  00000000
  <-Sub-tree of type: Function tree
    | Stack used          :  00000048


  ->Sub-tree of type: Function tree
                             CSTACK
    | Stack used (prev) :  00000048
  01  SwitchToIdle
      | Stack used (prev) :  00000048
      | + function block  :  00000004
  <-Sub-tree of type: Function tree
    | Stack used          :  0000004C


  ->Sub-tree of type: Function tree
                             CSTACK
    | Stack used (prev) :  0000004C
  01  main
      | Stack used (prev) :  0000004C
      | + function block  :  00000008
  <-Sub-tree of type: Function tree
    | Stack used          :  00000054




                ****************************************
                *                                      *
                *      SEGMENTS IN ADDRESS ORDER       *
                *                                      *
                ****************************************


SEGMENT              SPACE    START ADDRESS   END ADDRESS     SIZE  TYPE  ALIGN
=======              =====    =============   ===========     ====  ====  =====
DATA_ID              CODE_AREA           00000000                     dse    0
START                CODE_AREA           00000000                     dse    0
ELFBEGIN             CODE_AREA           00000000                     rel    0
CODE                 CODE_AREA      00000000 - 000002BB         2BC   rel    2
DATA_C               CODE_AREA      000002BC - 000002EB          30   rel    2
INITTAB              CODE_AREA      000002EC - 000002F7           C   rel    2
DATA_Z               CODE_AREA      000002F8 - 0000030F          18   rel    2
DATA_N               CODE_AREA           00000310                     dse    0
CONFIG_C             CODE_AREA      00000310 - 0000037B          6C   rel    2

                ****************************************
                *                                      *
                *        END OF CROSS REFERENCE        *
                *                                      *
                ****************************************

 892 bytes of CODE memory

Errors: none
Warnings: 1

