################################################################################
#                                                                              #
#      IAR Universal Linker V4.59Z/386                                         #
#                                                                              #
#           Link time     =  22/Aug/2006  13:39:34                             #
#           Target CPU    =  ARM                                               #
#           List file     =  E:\ARM\elfloader\ELFLoader\Release\List\ELFLoader #
#                            .map                                              #
#           Output file 1 =  E:\ARM\elfloader\ELFLoader\Release\Exe\ELFLoader. #
#                            elf                                               #
#                            Format: elf, variant: -yas                        #
#           Output file 2 =  E:\ARM\elfloader\ELFLoader\Release\Exe\ELFLoader. #
#                            hex                                               #
#                            Format: intel-extended                            #
#           Command line  =  E:\ARM\elfloader\ELFLoader\Release\Obj\ESI.r79    #
#                            E:\ARM\elfloader\ELFLoader\Release\Obj\IMB.r79    #
#                            E:\ARM\elfloader\ELFLoader\Release\Obj\elfloader. #
#                            r79                                               #
#                            E:\ARM\elfloader\ELFLoader\Release\Obj\rets.r79   #
#                            -o                                                #
#                            E:\ARM\elfloader\ELFLoader\Release\Exe\ELFLoader. #
#                            hex                                               #
#                            -Fintel-extended -l                               #
#                            E:\ARM\elfloader\ELFLoader\Release\List\ELFLoader #
#                            .map                                              #
#                            -xmsnio -f                                        #
#                            E:\ARM\elfloader\ELFLoader\ELFLoader_lnk.xcl      #
#                            (-carm                                            #
#                            -Z(CODE)START,CODE,SWITAB=A0078100-A0079000       #
#                            -Z(CODE)RET_ADRS=A0079000-A00790FF                #
#                            -Z(CONST)INITTAB,DATA_ID,DATA_C=A0078100-A00790FF #
#                            -Z(CODE)HELPER_PROC=A0079100-A00791FF             #
#                            -Z(CONST)HELPER_PROC_DATA=A0079100-A00791FF       #
#                            -Z(CODE)PATCH_ONCREATE=A042E748-A042E74B          #
#                            -Z(CODE)PATCH_ONCLOSE=A042E75C-A042E75F           #
#                            -Z(CODE)PATCH_ESI1=A0902B54-A0902B57              #
#                            -Z(CODE)PATCH_ESI2=A0902B64-A0902B67              #
#                            -Z(CODE)PATCH_SHOWMSG_BLF=A065AB30-A065AB33       #
#                            -Z(CODE)PATCH_TXT_EXT=A067E7EC-A067E7EF           #
#                            -Z(CODE)SWILIB_FUNC171=A00745C4-A00745C7          #
#                            -Z(CODE)SWILIB_FUNC172=A00745C8-A00745CB)         #
#                            -Oelf,as=E:\ARM\elfloader\ELFLoader\Release\Exe\E #
#                            LFLoader.elf                                      #
#                                                                              #
#                        Copyright 1987-2006 IAR Systems. All rights reserved. #
################################################################################





                ****************************************
                *                                      *
                *           CROSS REFERENCE            *
                *                                      *
                ****************************************

                  There are no program entries.




                ****************************************
                *                                      *
                *            RUNTIME MODEL             *
                *                                      *
                ****************************************

  StackAlign4  = USED
  __cpu_mode   = __pcs__interwork
  __data_model = absolute
  __endian     = little
  __rt_version = 6



                ****************************************
                *                                      *
                *              MODULE MAP              *
                *                                      *
                ****************************************


  DEFINED ABSOLUTE ENTRIES
    *************************************************************************

  FILE NAME : E:\ARM\elfloader\ELFLoader\Release\Obj\ESI.r79
  PROGRAM MODULE, NAME : ESI

  SEGMENTS IN THE MODULE
  ======================
PATCH_ESI1
  Relative segment, address: A0902B54 - A0902B57 (0x4 bytes), align: 2
  Segment part 0. ROOT.
    -------------------------------------------------------------------------
PATCH_ESI2
  Relative segment, address: A0902B64 - A0902B67 (0x4 bytes), align: 2
  Segment part 1. ROOT.       Intra module refs:   Segment part 0
    -------------------------------------------------------------------------
CODE
  Relative segment, address: A0078100 - A007810B (0xc bytes), align: 2
  Segment part 2. ROOT.       Intra module refs:   Segment part 1

    *************************************************************************

  FILE NAME : E:\ARM\elfloader\ELFLoader\Release\Obj\IMB.r79
  PROGRAM MODULE, NAME : IMB

  SEGMENTS IN THE MODULE
  ======================
CODE
  Relative segment, address: A007810C - A0078177 (0x6c bytes), align: 2
  Segment part 0. ROOT.
           ENTRY                   ADDRESS         REF BY
           =====                   =======         ======
           ExecuteIMB              A007810C        ExecuteIMB::??rT (elfloader)
                                                   elfload (elfloader)

    *************************************************************************

  FILE NAME : E:\ARM\elfloader\ELFLoader\Release\Obj\elfloader.r79
  PROGRAM MODULE, NAME : elfloader

  SEGMENTS IN THE MODULE
  ======================
CODE
  Segment part 16. NOT NEEDED.
    -------------------------------------------------------------------------
CODE
  Relative segment, address: A0078178 - A0078183 (0xc bytes), align: 2
  Segment part 17.            Intra module refs:   elfload
           ENTRY                   ADDRESS         REF BY
           =====                   =======         ======
           zeromem_a               A0078178 
               stack 1 = 00000000 ( 00000004 )
    -------------------------------------------------------------------------
CODE
  Segment part 18. NOT NEEDED.
    -------------------------------------------------------------------------
CODE
  Relative segment, address: A0078184 - A00783CF (0x24c bytes), align: 2
  Segment part 19.            Intra module refs:   DoUnknownFileType
                                                   LoadDaemons
                                                   elfloader_onload
           ENTRY                   ADDRESS         REF BY
           =====                   =======         ======
           elfload                 A0078185 
               stack 1 = 00000000 ( 00000218 )
    -------------------------------------------------------------------------
CODE
  Segment part 20. NOT NEEDED.
    -------------------------------------------------------------------------
CODE
  Relative segment, address: A00783D0 - A00783E9 (0x1a bytes), align: 2
  Segment part 21.            Intra module refs:   Segment part 3
           ENTRY                   ADDRESS         REF BY
           =====                   =======         ======
           elfloader_onload        A00783D1 
               stack 1 = 00000000 ( 00000084 )
    -------------------------------------------------------------------------
CODE
  Segment part 22. NOT NEEDED.
    -------------------------------------------------------------------------
HELPER_PROC
  Relative segment, address: A0079100 - A0079143 (0x44 bytes), align: 2
  Segment part 38.            Intra module refs:   CreateHELPER_PROC
           ENTRY                   ADDRESS         REF BY
           =====                   =======         ======
           proc_HELPER             A0079100 
               stack 1 = 00000000 ( 00000018 )
    -------------------------------------------------------------------------
HELPER_PROC
  Relative segment, address: A0079144 - A0079177 (0x34 bytes), align: 2
  Segment part 39.            Intra module refs:   MyIDLECSMonCreate
           ENTRY                   ADDRESS         REF BY
           =====                   =======         ======
           CreateHELPER_PROC       A0079144 
               stack 1 = 00000000 ( 00000008 )
    -------------------------------------------------------------------------
HELPER_PROC_DATA
  Relative segment, address: A00791B4 - A00791BB (0x8 bytes), align: 2
  Segment part 7.             Intra module refs:   CreateHELPER_PROC
    -------------------------------------------------------------------------
HELPER_PROC
  Relative segment, address: A0079178 - A007918B (0x14 bytes), align: 2
  Segment part 40.            Intra module refs:   Segment part 15
           ENTRY                   ADDRESS         REF BY
           =====                   =======         ======
           REDRAW_impl             A0079178 
               stack 1 = 00000000 ( 00000004 )
    -------------------------------------------------------------------------
HELPER_PROC
  Relative segment, address: A007918C - A00791B3 (0x28 bytes), align: 2
  Segment part 41.            Intra module refs:   Segment part 14
           ENTRY                   ADDRESS         REF BY
           =====                   =======         ======
           SUBPROC_impl            A007918C 
               stack 1 = 00000000 ( 00000008 )
    -------------------------------------------------------------------------
CODE
  Relative segment, address: A00783EC - A007841B (0x30 bytes), align: 2
  Segment part 23.            Intra module refs:   Segment part 11
           ENTRY                   ADDRESS         REF BY
           =====                   =======         ======
           MyIDLECSMonClose        A00783EC 
               stack 1 = 00000000 ( 00000008 )
    -------------------------------------------------------------------------
CODE
  Segment part 24. NOT NEEDED.
    -------------------------------------------------------------------------
CODE
  Relative segment, address: A007841C - A00784B3 (0x98 bytes), align: 2
  Segment part 25.            Intra module refs:   MyIDLECSMonCreate
           ENTRY                   ADDRESS         REF BY
           =====                   =======         ======
           LoadDaemons             A007841C 
               stack 1 = 00000000 ( 00000450 )
    -------------------------------------------------------------------------
CODE
  Segment part 26. NOT NEEDED.
    -------------------------------------------------------------------------
CODE
  Relative segment, address: A00784B4 - A00784FF (0x4c bytes), align: 2
  Segment part 27.            Intra module refs:   Segment part 10
           ENTRY                   ADDRESS         REF BY
           =====                   =======         ======
           MyIDLECSMonCreate       A00784B4 
               stack 1 = 00000000 ( 0000000C )
    -------------------------------------------------------------------------
CODE
  Segment part 28. NOT NEEDED.
    -------------------------------------------------------------------------
DATA_C
  Relative segment, address: A00787AC - A00787B3 (0x8 bytes), align: 2
  Segment part 2.             Intra module refs:   LoadDaemons
    -------------------------------------------------------------------------
DATA_C
  Relative segment, address: A00787B4 - A00787EF (0x3c bytes), align: 2
  Segment part 3.             Intra module refs:   MyIDLECSMonCreate
    -------------------------------------------------------------------------
DATA_C
  Relative segment, address: A00787F0 - A00787F3 (0x4 bytes), align: 2
  Segment part 4.             Intra module refs:   Segment part 3
    -------------------------------------------------------------------------
DATA_C
  Segment part 5. NOT NEEDED.
    -------------------------------------------------------------------------
CODE
  Relative segment, address: A0078500 - A0078537 (0x38 bytes), align: 2
  Segment part 29.
           ENTRY                   ADDRESS         REF BY
           =====                   =======         ======
           ESI                     A0078500        Segment part 2 (ESI)
               stack 1 = 00000000 ( 0000000C )
    -------------------------------------------------------------------------
CODE
  Segment part 30. NOT NEEDED.
    -------------------------------------------------------------------------
CODE
  Relative segment, address: A0078538 - A0078545 (0xe bytes), align: 2
  Segment part 31.            Intra module refs:   DoUnknownFileType
           ENTRY                   ADDRESS         REF BY
           =====                   =======         ======
           toupper                 A0078539 
               stack 1 = 00000000 ( 00000004 )
    -------------------------------------------------------------------------
CODE
  Segment part 32. NOT NEEDED.
    -------------------------------------------------------------------------
DATA_C
  Relative segment, address: A00787F4 - A0078843 (0x50 bytes), align: 2
  Segment part 6.             Intra module refs:   DoUnknownFileType
    -------------------------------------------------------------------------
DATA_C
  Relative segment, address: A0078844 - A007884B (0x8 bytes), align: 2
  Segment part 8.             Intra module refs:   Segment part 3
    -------------------------------------------------------------------------
DATA_C
  Relative segment, address: A007884C - A0078853 (0x8 bytes), align: 2
  Segment part 9.             Intra module refs:   Segment part 3
    -------------------------------------------------------------------------
CODE
  Relative segment, address: A0078548 - A0078783 (0x23c bytes), align: 2
  Segment part 33.            Intra module refs:   MyShowMSG
                                                   Segment part 13
           ENTRY                   ADDRESS         REF BY
           =====                   =======         ======
           DoUnknownFileType       A0078548 
               stack 1 = 00000000 ( 000001AC )
    -------------------------------------------------------------------------
CODE
  Segment part 34. NOT NEEDED.
    -------------------------------------------------------------------------
CODE
  Relative segment, address: A0078784 - A00787A3 (0x20 bytes), align: 2
  Segment part 35.            Intra module refs:   Segment part 12
           ENTRY                   ADDRESS         REF BY
           =====                   =======         ======
           MyShowMSG               A0078785 
               stack 1 = 00000000 ( 00000004 )
    -------------------------------------------------------------------------
CODE
  Relative segment, address: A00787A4 - A00787AB (0x8 bytes), align: 2
  Segment part 36.            Intra module refs:   elfload
           ENTRY                   ADDRESS         REF BY
           =====                   =======         ======
           ExecuteIMB::??rT        A00787A5 
    -------------------------------------------------------------------------
CODE
  Segment part 37. NOT NEEDED.Intra module refs:   MyIDLECSMonCreate
    -------------------------------------------------------------------------
PATCH_ONCREATE
  Relative segment, address: A042E748 - A042E74B (0x4 bytes), align: 2
  Segment part 10. ROOT.
    -------------------------------------------------------------------------
PATCH_ONCLOSE
  Relative segment, address: A042E75C - A042E75F (0x4 bytes), align: 2
  Segment part 11. ROOT.
    -------------------------------------------------------------------------
PATCH_SHOWMSG_BLF
  Relative segment, address: A065AB30 - A065AB33 (0x4 bytes), align: 2
  Segment part 12. ROOT.
    -------------------------------------------------------------------------
PATCH_TXT_EXT
  Relative segment, address: A067E7EC - A067E7EF (0x4 bytes), align: 2
  Segment part 13. ROOT.
    -------------------------------------------------------------------------
SWILIB_FUNC171
  Relative segment, address: A00745C4 - A00745C7 (0x4 bytes), align: 2
  Segment part 14. ROOT.
    -------------------------------------------------------------------------
SWILIB_FUNC172
  Relative segment, address: A00745C8 - A00745CB (0x4 bytes), align: 2
  Segment part 15. ROOT.
    -------------------------------------------------------------------------
CSTACK
  Segment part 1. NOT NEEDED.

    *************************************************************************

  FILE NAME : E:\ARM\elfloader\ELFLoader\Release\Obj\rets.r79
  PROGRAM MODULE, NAME : rets

  SEGMENTS IN THE MODULE
  ======================
RET_ADRS
  Relative segment, address: A0079000 - A007900B (0xc bytes), align: 2
  Segment part 0. ROOT.
           ENTRY                   ADDRESS         REF BY
           =====                   =======         ======
           OldOnClose              A0079000        MyIDLECSMonClose (elfloader)
           OldOnCreate             A0079004        MyIDLECSMonCreate (elfloader)
           OldShowMsg              A0079008        MyShowMSG (elfloader)




                ****************************************
                *                                      *
                *            MODULE SUMMARY            *
                *                                      *
                ****************************************

Module      CODE  CONST
------      ----  -----
           (Rel)  (Rel)
ESI           20
IMB          108
elfloader  1 792    176
rets          12
------     -----    ---
Total:     1 932    176


                ****************************************
                *                                      *
                *              CALL GRAPH              *
                *                                      *
                ****************************************

  ->Sub-tree of type: Indirectly called function tree that does not make
                    : indirect calls (Is not an interrupt and is not flagged
                    : as not overlayable)
                             CSTACK
    | Stack used (prev) :  00000000
  01  elfloader_onload
      | Stack used (prev) :  00000000
      | + function block  :  00000084
  <-Sub-tree of type: Indirectly called function tree that does not make
                    : indirect calls (Is not an interrupt and is not flagged
                    : as not overlayable)
    | Stack used          :  00000084


  ->Sub-tree of type: Indirectly called function tree that does not make
                    : indirect calls (Is not an interrupt and is not flagged
                    : as not overlayable)
                             CSTACK
    | Stack used (prev) :  00000000
  01  proc_HELPER
      | Stack used (prev) :  00000000
      | + function block  :  00000018
  <-Sub-tree of type: Indirectly called function tree that does not make
                    : indirect calls (Is not an interrupt and is not flagged
                    : as not overlayable)
    | Stack used          :  00000018


  ->Sub-tree of type: Indirectly called function tree that does not make
                    : indirect calls (Is not an interrupt and is not flagged
                    : as not overlayable)
                             CSTACK
    | Stack used (prev) :  00000000
  01  REDRAW_impl
      | Stack used (prev) :  00000000
      | + function block  :  00000004
  <-Sub-tree of type: Indirectly called function tree that does not make
                    : indirect calls (Is not an interrupt and is not flagged
                    : as not overlayable)
    | Stack used          :  00000004


  ->Sub-tree of type: Indirectly called function tree that does not make
                    : indirect calls (Is not an interrupt and is not flagged
                    : as not overlayable)
                             CSTACK
    | Stack used (prev) :  00000000
  01  SUBPROC_impl
      | Stack used (prev) :  00000000
      | + function block  :  00000008
  <-Sub-tree of type: Indirectly called function tree that does not make
                    : indirect calls (Is not an interrupt and is not flagged
                    : as not overlayable)
    | Stack used          :  00000008


  ->Sub-tree of type: Indirectly called function tree that does not make
                    : indirect calls (Is not an interrupt and is not flagged
                    : as not overlayable)
                             CSTACK
    | Stack used (prev) :  00000000
  01  MyIDLECSMonClose
      | Stack used (prev) :  00000000
      | + function block  :  00000008
  <-Sub-tree of type: Indirectly called function tree that does not make
                    : indirect calls (Is not an interrupt and is not flagged
                    : as not overlayable)
    | Stack used          :  00000008


  ->Sub-tree of type: Indirectly called function tree that does not make
                    : indirect calls (Is not an interrupt and is not flagged
                    : as not overlayable)
                             CSTACK
    | Stack used (prev) :  00000000
  01  LoadDaemons
      | Stack used (prev) :  00000000
      | + function block  :  00000450
  <-Sub-tree of type: Indirectly called function tree that does not make
                    : indirect calls (Is not an interrupt and is not flagged
                    : as not overlayable)
    | Stack used          :  00000450


  ->Sub-tree of type: Indirectly called function tree that does not make
                    : indirect calls (Is not an interrupt and is not flagged
                    : as not overlayable)
                             CSTACK
    | Stack used (prev) :  00000000
  01  MyIDLECSMonCreate
      | Stack used (prev) :  00000000
      | + function block  :  0000000C
  <-Sub-tree of type: Indirectly called function tree that does not make
                    : indirect calls (Is not an interrupt and is not flagged
                    : as not overlayable)
    | Stack used          :  0000000C


  ->Sub-tree of type: Indirectly called function tree that does not make
                    : indirect calls (Is not an interrupt and is not flagged
                    : as not overlayable)
                             CSTACK
    | Stack used (prev) :  00000000
  01  DoUnknownFileType
      | Stack used (prev) :  00000000
      | + function block  :  000001AC
  <-Sub-tree of type: Indirectly called function tree that does not make
                    : indirect calls (Is not an interrupt and is not flagged
                    : as not overlayable)
    | Stack used          :  000001AC


  ->Sub-tree of type: Indirectly called function tree that does not make
                    : indirect calls (Is not an interrupt and is not flagged
                    : as not overlayable)
                             CSTACK
    | Stack used (prev) :  00000000
  01  MyShowMSG
      | Stack used (prev) :  00000000
      | + function block  :  00000004
  <-Sub-tree of type: Indirectly called function tree that does not make
                    : indirect calls (Is not an interrupt and is not flagged
                    : as not overlayable)
    | Stack used          :  00000004


  ->Sub-tree of type: Function tree
                             CSTACK
    | Stack used (prev) :  00000450
  01  zeromem_a
      | Stack used (prev) :  00000450
      | + function block  :  00000004
  <-Sub-tree of type: Function tree
    | Stack used          :  00000454


  ->Sub-tree of type: Function tree
                             CSTACK
    | Stack used (prev) :  00000454
  01  elfload
      | Stack used (prev) :  00000454
      | + function block  :  00000218
  <-Sub-tree of type: Function tree
    | Stack used          :  0000066C


  ->Sub-tree of type: Function tree
                             CSTACK
    | Stack used (prev) :  0000066C
  01  CreateHELPER_PROC
      | Stack used (prev) :  0000066C
      | + function block  :  00000008
  <-Sub-tree of type: Function tree
    | Stack used          :  00000674


  ->Sub-tree of type: Function tree
                             CSTACK
    | Stack used (prev) :  00000674
  01  ESI
      | Stack used (prev) :  00000674
      | + function block  :  0000000C
  <-Sub-tree of type: Function tree
    | Stack used          :  00000680


  ->Sub-tree of type: Function tree
                             CSTACK
    | Stack used (prev) :  00000680
  01  toupper
      | Stack used (prev) :  00000680
      | + function block  :  00000004
  <-Sub-tree of type: Function tree
    | Stack used          :  00000684




                ****************************************
                *                                      *
                *      SEGMENTS IN ADDRESS ORDER       *
                *                                      *
                ****************************************


SEGMENT              SPACE    START ADDRESS   END ADDRESS     SIZE  TYPE  ALIGN
=======              =====    =============   ===========     ====  ====  =====
SWILIB_FUNC171                     A00745C4 - A00745C7           4   rel    2
SWILIB_FUNC172                     A00745C8 - A00745CB           4   rel    2
START                                   A0078100                     dse    0
CODE                               A0078100 - A00787AB         6AC   rel    2
DATA_ID                                 A00787AC                     dse    0
INITTAB                                 A00787AC                     dse    0
DATA_C                             A00787AC - A0078853          A8   rel    2
RET_ADRS                           A0079000 - A007900B           C   rel    2
HELPER_PROC                        A0079100 - A00791B3          B4   rel    2
HELPER_PROC_DATA                   A00791B4 - A00791BB           8   rel    2
PATCH_ONCREATE                     A042E748 - A042E74B           4   rel    2
PATCH_ONCLOSE                      A042E75C - A042E75F           4   rel    2
PATCH_SHOWMSG_BLF                  A065AB30 - A065AB33           4   rel    2
PATCH_TXT_EXT                      A067E7EC - A067E7EF           4   rel    2
PATCH_ESI1                         A0902B54 - A0902B57           4   rel    2
PATCH_ESI2                         A0902B64 - A0902B67           4   rel    2

                ****************************************
                *                                      *
                *        END OF CROSS REFERENCE        *
                *                                      *
                ****************************************

 1 932 bytes of CODE  memory
   176 bytes of CONST memory

Errors: none
Warnings: none

