################################################################################
#                                                                              #
#      IAR Universal Linker V4.59Z/386                                         #
#                                                                              #
#           Link time     =  08/Sep/2006  13:36:07                             #
#           Target CPU    =  ARM                                               #
#           List file     =  E:\ARM\XTASK\Release\List\XTask.map               #
#           Output file 1 =  E:\ARM\XTASK\Release\Exe\XTask.elf                #
#                            Format: elf, variant: -ynpra                      #
#           Command line  =  E:\ARM\XTASK\Release\Obj\func.r79                 #
#                            E:\ARM\XTASK\Release\Obj\gui.r79                  #
#                            E:\ARM\XTASK\Release\Obj\main.r79 -o              #
#                            E:\ARM\XTASK\Release\Exe\XTask.elf -Felf -l       #
#                            E:\ARM\XTASK\Release\List\XTask.map -xmsnio -f    #
#                            E:\ARM\XTASK\test.xcl (-carm                      #
#                            -V(CODE)CODE_AREA,12 -V(DATA)DATA_AREA,12         #
#                            -Z(CODE_AREA)ELFBEGIN,DATA_ID,START,CODE,DATA_C,I #
#                            NITTAB,DATA_Z,DATA_N,MYSEG=0-FFFFFFFF             #
#                            -Z(DATA_AREA)DATA_I=0-FFFFFFFF) -ynpra -s main    #
#                                                                              #
#                        Copyright 1987-2006 IAR Systems. All rights reserved. #
################################################################################





                ****************************************
                *                                      *
                *           CROSS REFERENCE            *
                *                                      *
                ****************************************

       Program entry at : CODE_AREA 000008B0  Relocatable, from module : main




                ****************************************
                *                                      *
                *            RUNTIME MODEL             *
                *                                      *
                ****************************************

  StackAlign4  = USED
  __cpu_mode   = __pcs__interwork
  __data_model = absolute
  __endian     = little
  __rt_version = 6



                ****************************************
                *                                      *
                *              MODULE MAP              *
                *                                      *
                ****************************************


  DEFINED ABSOLUTE ENTRIES
    *************************************************************************

  DEFINED ABSOLUTE ENTRIES
    *************************************************************************

  FILE NAME : E:\ARM\XTASK\Release\Obj\func.r79
  PROGRAM MODULE, NAME : func

  SEGMENTS IN THE MODULE
  ======================
ELFBEGIN
  Relative segment, address: CODE_AREA 00000000, align: 0
  Segment part 0. ROOT.
           ENTRY                   ADDRESS         REF BY
           =====                   =======         ======
           ELF_BEGIN               00000000        ElfKiller (main)

    *************************************************************************

  FILE NAME : E:\ARM\XTASK\Release\Obj\gui.r79
  PROGRAM MODULE, NAME : gui

  SEGMENTS IN THE MODULE
  ======================
DATA_Z
  Relative segment, address: CODE_AREA 00000ABC - 00000ABF (0x4 bytes), align: 2
  Segment part 10.            Intra module refs:   Segment part 66
           ENTRY                   ADDRESS         REF BY
           =====                   =======         ======
           my_csm_id               00000ABC 
    -------------------------------------------------------------------------
DATA_Z
  Relative segment, address: CODE_AREA 00000AC0 - 00000AC3 (0x4 bytes), align: 2
  Segment part 11.            Intra module refs:   Segment part 49
           ENTRY                   ADDRESS         REF BY
           =====                   =======         ======
           cursor                  00000AC0 
    -------------------------------------------------------------------------
DATA_Z
  Relative segment, address: CODE_AREA 00000AC4 - 00000AC7 (0x4 bytes), align: 2
  Segment part 12.            Intra module refs:   Segment part 50
           ENTRY                   ADDRESS         REF BY
           =====                   =======         ======
           selcsm                  00000AC4 
    -------------------------------------------------------------------------
DATA_Z
  Relative segment, address: CODE_AREA 00000AC8 - 00000ACB (0x4 bytes), align: 2
  Segment part 13.            Intra module refs:   Segment part 36
           ENTRY                   ADDRESS         REF BY
           =====                   =======         ======
           nltop                   00000AC8 
    -------------------------------------------------------------------------
DATA_Z
  Relative segment, address: CODE_AREA 00000ACC - 00000ACF (0x4 bytes), align: 2
  Segment part 14.            Intra module refs:   Segment part 26
           ENTRY                   ADDRESS         REF BY
           =====                   =======         ======
           nlbot                   00000ACC 
    -------------------------------------------------------------------------
DATA_Z
  Relative segment, address: CODE_AREA 00000AD0 - 00008ACF (0x8000 bytes), align: 2
  Segment part 15.            Intra module refs:   Segment part 40
           ENTRY                   ADDRESS         REF BY
           =====                   =======         ======
           csm_text                00000AD0 
    -------------------------------------------------------------------------
DATA_C
  Relative segment, address: CODE_AREA 0000095C - 00000963 (0x8 bytes), align: 2
  Segment part 2.             Intra module refs:   find_name
    -------------------------------------------------------------------------
DATA_C
  Relative segment, address: CODE_AREA 00000964 - 00000973 (0x10 bytes), align: 2
  Segment part 3.             Intra module refs:   find_name
    -------------------------------------------------------------------------
DATA_C
  Relative segment, address: CODE_AREA 00000974 - 0000097F (0xc bytes), align: 2
  Segment part 4.             Intra module refs:   GetNumberOfDialogs
    -------------------------------------------------------------------------
DATA_C
  Relative segment, address: CODE_AREA 00000980 - 00000987 (0x8 bytes), align: 2
  Segment part 5.             Intra module refs:   GetNumberOfDialogs
    -------------------------------------------------------------------------
DATA_C
  Relative segment, address: CODE_AREA 00000988 - 000009AF (0x28 bytes), align: 2
  Segment part 6.             Intra module refs:   method0
    -------------------------------------------------------------------------
DATA_C
  Relative segment, address: CODE_AREA 000009B0 - 000009C3 (0x14 bytes), align: 2
  Segment part 7.             Intra module refs:   method0
    -------------------------------------------------------------------------
DATA_C
  Relative segment, address: CODE_AREA 000009C4 - 000009DB (0x18 bytes), align: 2
  Segment part 8.             Intra module refs:   method0
    -------------------------------------------------------------------------
DATA_C
  Relative segment, address: CODE_AREA 000009DC - 000009F3 (0x18 bytes), align: 2
  Segment part 9.             Intra module refs:   method1
    -------------------------------------------------------------------------
DATA_C
  Relative segment, address: CODE_AREA 00000AAC - 00000AAE (0x3 bytes), align: 0
  Segment part 16.            Intra module refs:   Segment part 37
           ENTRY                   ADDRESS         REF BY
           =====                   =======         ======
           percent_t               00000AAC 
    -------------------------------------------------------------------------
CODE
  Segment part 22. NOT NEEDED.
    -------------------------------------------------------------------------
CODE
  Relative segment, address: CODE_AREA 00000000 - 0000004F (0x50 bytes), align: 2
  Segment part 23.            Intra module refs:   GetNumberOfDialogs
                                                   method2
           ENTRY                   ADDRESS         REF BY
           =====                   =======         ======
           ClearNL                 00000000 
               stack 1 = 00000000 ( 0000000C )
    -------------------------------------------------------------------------
CODE
  Segment part 24. NOT NEEDED.
    -------------------------------------------------------------------------
CODE
  Relative segment, address: CODE_AREA 00000050 - 0000009B (0x4c bytes), align: 2
  Segment part 25.            Intra module refs:   GetNumberOfDialogs
           ENTRY                   ADDRESS         REF BY
           =====                   =======         ======
           AddNL                   00000050 
               stack 1 = 00000000 ( 0000000C )
    -------------------------------------------------------------------------
CODE
  Relative segment, address: CODE_AREA 0000009C - 0000009F (0x4 bytes), align: 2
  Segment part 26.            Intra module refs:   AddNL
                                                   ClearNL
    -------------------------------------------------------------------------
CODE
  Segment part 27. NOT NEEDED.
    -------------------------------------------------------------------------
CODE
  Relative segment, address: CODE_AREA 000000A0 - 000000FF (0x60 bytes), align: 2
  Segment part 28.            Intra module refs:   GetNumberOfDialogs
           ENTRY                   ADDRESS         REF BY
           =====                   =======         ======
           find_name               000000A0 
               stack 1 = 00000000 ( 00000034 )
    -------------------------------------------------------------------------
CODE
  Segment part 29. NOT NEEDED.
    -------------------------------------------------------------------------
DATA_Z
  Relative segment, address: CODE_AREA 00008AD0 - 00008AF7 (0x28 bytes), align: 2
  Segment part 17.            Intra module refs:   find_name
    -------------------------------------------------------------------------
CODE
  Relative segment, address: CODE_AREA 00000100 - 0000020B (0x10c bytes), align: 2
  Segment part 30.            Intra module refs:   SwapCSMS
                                                   method0
           ENTRY                   ADDRESS         REF BY
           =====                   =======         ======
           GetNumberOfDialogs      00000100 
               stack 1 = 00000000 ( 0000001C )
    -------------------------------------------------------------------------
CODE
  Segment part 31. NOT NEEDED.
    -------------------------------------------------------------------------
CODE
  Relative segment, address: CODE_AREA 0000020C - 0000030B (0x100 bytes), align: 2
  Segment part 32.            Intra module refs:   method5
           ENTRY                   ADDRESS         REF BY
           =====                   =======         ======
           SwapCSMS                0000020C 
               stack 1 = 00000000 ( 00000034 )
    -------------------------------------------------------------------------
CODE
  Relative segment, address: CODE_AREA 0000030C - 0000030F (0x4 bytes), align: 2
  Segment part 33.            Intra module refs:   GetNumberOfDialogs
                                                   SwapCSMS
    -------------------------------------------------------------------------
CODE
  Segment part 34. NOT NEEDED.
    -------------------------------------------------------------------------
CODE
  Relative segment, address: CODE_AREA 00000310 - 0000056B (0x25c bytes), align: 2
  Segment part 35.            Intra module refs:   gui_methods
           ENTRY                   ADDRESS         REF BY
           =====                   =======         ======
           method0                 00000310 
               stack 1 = 00000000 ( 00000044 )
    -------------------------------------------------------------------------
CODE
  Relative segment, address: CODE_AREA 0000056C - 0000056F (0x4 bytes), align: 2
  Segment part 36.            Intra module refs:   AddNL
                                                   ClearNL
                                                   GetNumberOfDialogs
                                                   method0
    -------------------------------------------------------------------------
CODE
  Relative segment, address: CODE_AREA 00000570 - 00000573 (0x4 bytes), align: 2
  Segment part 37.            Intra module refs:   GetNumberOfDialogs
                                                   method0
    -------------------------------------------------------------------------
CODE
  Segment part 38. NOT NEEDED.
    -------------------------------------------------------------------------
CODE
  Relative segment, address: CODE_AREA 00000574 - 0000060F (0x9c bytes), align: 2
  Segment part 39.            Intra module refs:   gui_methods
           ENTRY                   ADDRESS         REF BY
           =====                   =======         ======
           method1                 00000574 
               stack 1 = 00000000 ( 0000001C )
    -------------------------------------------------------------------------
CODE
  Relative segment, address: CODE_AREA 00000610 - 00000613 (0x4 bytes), align: 2
  Segment part 40.            Intra module refs:   find_name
                                                   method1
    -------------------------------------------------------------------------
CODE
  Segment part 41. NOT NEEDED.
    -------------------------------------------------------------------------
CODE
  Relative segment, address: CODE_AREA 00000614 - 0000063B (0x28 bytes), align: 2
  Segment part 42.            Intra module refs:   gui_methods
           ENTRY                   ADDRESS         REF BY
           =====                   =======         ======
           method2                 00000614 
               stack 1 = 00000000 ( 00000008 )
    -------------------------------------------------------------------------
CODE
  Segment part 43. NOT NEEDED.
    -------------------------------------------------------------------------
CODE
  Relative segment, address: CODE_AREA 0000063C - 00000647 (0xc bytes), align: 2
  Segment part 44.            Intra module refs:   gui_methods
           ENTRY                   ADDRESS         REF BY
           =====                   =======         ======
           method3                 0000063C 
    -------------------------------------------------------------------------
CODE
  Segment part 45. NOT NEEDED.
    -------------------------------------------------------------------------
CODE
  Relative segment, address: CODE_AREA 00000648 - 0000065B (0x14 bytes), align: 2
  Segment part 46.            Intra module refs:   gui_methods
           ENTRY                   ADDRESS         REF BY
           =====                   =======         ======
           method4                 00000648 
    -------------------------------------------------------------------------
CODE
  Segment part 47. NOT NEEDED.
    -------------------------------------------------------------------------
CODE
  Relative segment, address: CODE_AREA 0000065C - 000006F3 (0x98 bytes), align: 2
  Segment part 48.            Intra module refs:   gui_methods
           ENTRY                   ADDRESS         REF BY
           =====                   =======         ======
           method5                 0000065C 
               stack 1 = 00000000 ( 00000004 )
    -------------------------------------------------------------------------
CODE
  Relative segment, address: CODE_AREA 000006F4 - 000006F7 (0x4 bytes), align: 2
  Segment part 49.            Intra module refs:   method0
                                                   method1
                                                   method5
    -------------------------------------------------------------------------
CODE
  Relative segment, address: CODE_AREA 000006F8 - 000006FB (0x4 bytes), align: 2
  Segment part 50.            Intra module refs:   SwapCSMS
                                                   method0
                                                   method1
                                                   method5
    -------------------------------------------------------------------------
CODE
  Segment part 51. NOT NEEDED.
    -------------------------------------------------------------------------
CODE
  Relative segment, address: CODE_AREA 000006FC - 000006FF (0x4 bytes), align: 2
  Segment part 52.            Intra module refs:   gui_methods
           ENTRY                   ADDRESS         REF BY
           =====                   =======         ======
           method7                 000006FC 
               stack 1 = 00000000 ( 00000004 )
    -------------------------------------------------------------------------
CODE
  Segment part 53. NOT NEEDED.
    -------------------------------------------------------------------------
CODE
  Relative segment, address: CODE_AREA 00000700 - 00000707 (0x8 bytes), align: 2
  Segment part 54.            Intra module refs:   gui_methods
           ENTRY                   ADDRESS         REF BY
           =====                   =======         ======
           method8                 00000700 
    -------------------------------------------------------------------------
CODE
  Segment part 55. NOT NEEDED.
    -------------------------------------------------------------------------
CODE
  Relative segment, address: CODE_AREA 00000708 - 0000070F (0x8 bytes), align: 2
  Segment part 56.            Intra module refs:   gui_methods
           ENTRY                   ADDRESS         REF BY
           =====                   =======         ======
           method9                 00000708 
    -------------------------------------------------------------------------
CODE
  Segment part 57. NOT NEEDED.
    -------------------------------------------------------------------------
DATA_C
  Relative segment, address: CODE_AREA 000009F4 - 00000A1F (0x2c bytes), align: 2
  Segment part 18.            Intra module refs:   maincsm_oncreate
           ENTRY                   ADDRESS         REF BY
           =====                   =======         ======
           gui_methods             000009F4 
    -------------------------------------------------------------------------
DATA_C
  Relative segment, address: CODE_AREA 00000A20 - 00000A27 (0x8 bytes), align: 2
  Segment part 19.            Intra module refs:   maincsm_oncreate
           ENTRY                   ADDRESS         REF BY
           =====                   =======         ======
           Canvas                  00000A20 
    -------------------------------------------------------------------------
CODE
  Relative segment, address: CODE_AREA 00000710 - 0000076F (0x60 bytes), align: 2
  Segment part 58.            Intra module refs:   maincsm
           ENTRY                   ADDRESS         REF BY
           =====                   =======         ======
           maincsm_oncreate        00000710 
               stack 1 = 00000000 ( 0000000C )
    -------------------------------------------------------------------------
CODE
  Segment part 59. NOT NEEDED.
    -------------------------------------------------------------------------
CODE
  Relative segment, address: CODE_AREA 00000770 - 0000077F (0x10 bytes), align: 2
  Segment part 60.            Intra module refs:   maincsm
           ENTRY                   ADDRESS         REF BY
           =====                   =======         ======
           maincsm_onclose         00000770 
    -------------------------------------------------------------------------
CODE
  Segment part 61. NOT NEEDED.
    -------------------------------------------------------------------------
CODE
  Relative segment, address: CODE_AREA 00000780 - 000007AF (0x30 bytes), align: 2
  Segment part 62.            Intra module refs:   maincsm
           ENTRY                   ADDRESS         REF BY
           =====                   =======         ======
           maincsm_onmessage       00000780 
    -------------------------------------------------------------------------
CODE
  Segment part 63. NOT NEEDED.
    -------------------------------------------------------------------------
DATA_C
  Relative segment, address: CODE_AREA 00000A28 - 00000A2B (0x4 bytes), align: 2
  Segment part 20.            Intra module refs:   maincsm
           ENTRY                   ADDRESS         REF BY
           =====                   =======         ======
           minus11                 00000A28 
    -------------------------------------------------------------------------
DATA_C
  Relative segment, address: CODE_AREA 00000A2C - 00000A53 (0x28 bytes), align: 2
  Segment part 21.            Intra module refs:   Segment part 65
           ENTRY                   ADDRESS         REF BY
           =====                   =======         ======
           maincsm                 00000A2C 
    -------------------------------------------------------------------------
CODE
  Relative segment, address: CODE_AREA 000007B0 - 000007E3 (0x34 bytes), align: 2
  Segment part 64.
           ENTRY                   ADDRESS         REF BY
           =====                   =======         ======
           do_gui                  000007B0        my_keyhook (main)
               stack 1 = 00000000 ( 00000030 )
    -------------------------------------------------------------------------
CODE
  Relative segment, address: CODE_AREA 000007E4 - 000007E7 (0x4 bytes), align: 2
  Segment part 65.            Intra module refs:   GetNumberOfDialogs
                                                   do_gui
    -------------------------------------------------------------------------
CODE
  Relative segment, address: CODE_AREA 000007E8 - 000007EB (0x4 bytes), align: 2
  Segment part 66.            Intra module refs:   SwapCSMS
                                                   do_gui
    -------------------------------------------------------------------------
CODE
  Relative segment, address: CODE_AREA 000007EC - 000007EF (0x4 bytes), align: 2
  Segment part 67.            Intra module refs:   do_gui
                                                   maincsm_onclose
    -------------------------------------------------------------------------
CSTACK
  Segment part 1. NOT NEEDED.
    -------------------------------------------------------------------------
INITTAB
  Relative segment, address: CODE_AREA 00000AB0 - 00000ABB (0xc bytes), align: 2
  Segment part 68. ROOT.
           ENTRY                   ADDRESS         REF BY
           =====                   =======         ======
           ?init?tab?DATA_Z        00000AB0 

    *************************************************************************

  FILE NAME : E:\ARM\XTASK\Release\Obj\main.r79
  PROGRAM MODULE, NAME : main

  SEGMENTS IN THE MODULE
  ======================
DATA_Z
  Relative segment, address: CODE_AREA 00008AF8 - 00008AFB (0x4 bytes), align: 2
  Segment part 7.             Intra module refs:   Segment part 20
           ENTRY                   ADDRESS         REF BY
           =====                   =======         ======
           ws_nogui                00008AF8        SwapCSMS (gui)
    -------------------------------------------------------------------------
DATA_Z
  Relative segment, address: CODE_AREA 00008AFC - 00008AFF (0x4 bytes), align: 2
  Segment part 8.             Intra module refs:   main
           ENTRY                   ADDRESS         REF BY
           =====                   =======         ======
           under_idle              00008AFC        Segment part 33 (gui)
    -------------------------------------------------------------------------
CODE
  Segment part 11. NOT NEEDED.
    -------------------------------------------------------------------------
CODE
  Relative segment, address: CODE_AREA 000007F0 - 00000817 (0x28 bytes), align: 2
  Segment part 12.            Intra module refs:   Segment part 19
           ENTRY                   ADDRESS         REF BY
           =====                   =======         ======
           ElfKiller               000007F0 
               stack 1 = 00000000 ( 00000004 )
    -------------------------------------------------------------------------
CODE
  Segment part 13. NOT NEEDED.
    -------------------------------------------------------------------------
DATA_Z
  Relative segment, address: CODE_AREA 00008B00 - 00008B03 (0x4 bytes), align: 2
  Segment part 9.             Intra module refs:   Segment part 17
           ENTRY                   ADDRESS         REF BY
           =====                   =======         ======
           mode                    00008B00        Segment part 67 (gui)
    -------------------------------------------------------------------------
DATA_Z
  Segment part 10. NOT NEEDED.
           ENTRY                   ADDRESS         REF BY
           =====                   =======         ======
           mode_red                
    -------------------------------------------------------------------------
CODE
  Relative segment, address: CODE_AREA 00000818 - 000008AF (0x98 bytes), align: 2
  Segment part 14.            Intra module refs:   Segment part 18
           ENTRY                   ADDRESS         REF BY
           =====                   =======         ======
           my_keyhook              00000818 
               stack 1 = 00000000 ( 00000004 )
    -------------------------------------------------------------------------
CODE
  Segment part 15. NOT NEEDED.
    -------------------------------------------------------------------------
CODE
  Relative segment, address: CODE_AREA 000008B0 - 0000094B (0x9c bytes), align: 2
  Segment part 16.
           ENTRY                   ADDRESS         REF BY
           =====                   =======         ======
           main                    000008B0        Absolute parts (?ABS_ENTRY_MOD)
               stack 1 = 00000000 ( 00000008 )
    -------------------------------------------------------------------------
CODE
  Relative segment, address: CODE_AREA 0000094C - 0000094F (0x4 bytes), align: 2
  Segment part 17.            Intra module refs:   main
                                                   my_keyhook
    -------------------------------------------------------------------------
CODE
  Relative segment, address: CODE_AREA 00000950 - 00000953 (0x4 bytes), align: 2
  Segment part 18.            Intra module refs:   main
                                                   my_keyhook
    -------------------------------------------------------------------------
CODE
  Relative segment, address: CODE_AREA 00000954 - 00000957 (0x4 bytes), align: 2
  Segment part 19.            Intra module refs:   main
                                                   my_keyhook
    -------------------------------------------------------------------------
CODE
  Relative segment, address: CODE_AREA 00000958 - 0000095B (0x4 bytes), align: 2
  Segment part 20.            Intra module refs:   ElfKiller
                                                   main
    -------------------------------------------------------------------------
CODE
  Segment part 21. NOT NEEDED.Intra module refs:   my_keyhook
    -------------------------------------------------------------------------
CSTACK
  Segment part 1. NOT NEEDED.
    -------------------------------------------------------------------------
INITTAB
  Segment part 22. TENTATIVE. Used definition from gui
           ENTRY                   ADDRESS         REF BY
           =====                   =======         ======
           ?init?tab?DATA_Z        
    -------------------------------------------------------------------------
DATA_C
  Relative segment, address: CODE_AREA 00000A54 - 00000A63 (0x10 bytes), align: 2
  Segment part 2.             Intra module refs:   my_keyhook
    -------------------------------------------------------------------------
DATA_C
  Relative segment, address: CODE_AREA 00000A64 - 00000A8B (0x28 bytes), align: 2
  Segment part 3.             Intra module refs:   main
    -------------------------------------------------------------------------
DATA_C
  Relative segment, address: CODE_AREA 00000A8C - 00000A9F (0x14 bytes), align: 2
  Segment part 4.             Intra module refs:   main
    -------------------------------------------------------------------------
DATA_C
  Segment part 5. NOT NEEDED.
    -------------------------------------------------------------------------
DATA_C
  Relative segment, address: CODE_AREA 00000AA0 - 00000AAB (0xc bytes), align: 2
  Segment part 6.             Intra module refs:   main




                ****************************************
                *                                      *
                *            MODULE SUMMARY            *
                *                                      *
                ****************************************

Module             CODE
------             ----
                  (Rel)
gui              35 111
  + shared           12
main                464
N/A (alignment)
------           ------
Total:           35 587


                ****************************************
                *                                      *
                *              CALL GRAPH              *
                *                                      *
                ****************************************

  ->Sub-tree of type: Indirectly called function tree that does not make
                    : indirect calls (Is not an interrupt and is not flagged
                    : as not overlayable)
                             CSTACK
    | Stack used (prev) :  00000000
  01  method0
      | Stack used (prev) :  00000000
      | + function block  :  00000044
  <-Sub-tree of type: Indirectly called function tree that does not make
                    : indirect calls (Is not an interrupt and is not flagged
                    : as not overlayable)
    | Stack used          :  00000044


  ->Sub-tree of type: Indirectly called function tree that does not make
                    : indirect calls (Is not an interrupt and is not flagged
                    : as not overlayable)
                             CSTACK
    | Stack used (prev) :  00000000
  01  method1
      | Stack used (prev) :  00000000
      | + function block  :  0000001C
  <-Sub-tree of type: Indirectly called function tree that does not make
                    : indirect calls (Is not an interrupt and is not flagged
                    : as not overlayable)
    | Stack used          :  0000001C


  ->Sub-tree of type: Indirectly called function tree that does not make
                    : indirect calls (Is not an interrupt and is not flagged
                    : as not overlayable)
                             CSTACK
    | Stack used (prev) :  00000000
  01  method2
      | Stack used (prev) :  00000000
      | + function block  :  00000008
  <-Sub-tree of type: Indirectly called function tree that does not make
                    : indirect calls (Is not an interrupt and is not flagged
                    : as not overlayable)
    | Stack used          :  00000008


  ->Sub-tree of type: Indirectly called function tree that does not make
                    : indirect calls (Is not an interrupt and is not flagged
                    : as not overlayable)
                             CSTACK
    | Stack used (prev) :  00000000
  01  method3
      | Stack used (prev) :  00000000
      | + function block  :  00000000
  <-Sub-tree of type: Indirectly called function tree that does not make
                    : indirect calls (Is not an interrupt and is not flagged
                    : as not overlayable)
    | Stack used          :  00000000


  ->Sub-tree of type: Indirectly called function tree that does not make
                    : indirect calls (Is not an interrupt and is not flagged
                    : as not overlayable)
                             CSTACK
    | Stack used (prev) :  00000000
  01  method4
      | Stack used (prev) :  00000000
      | + function block  :  00000000
  <-Sub-tree of type: Indirectly called function tree that does not make
                    : indirect calls (Is not an interrupt and is not flagged
                    : as not overlayable)
    | Stack used          :  00000000


  ->Sub-tree of type: Indirectly called function tree that does not make
                    : indirect calls (Is not an interrupt and is not flagged
                    : as not overlayable)
                             CSTACK
    | Stack used (prev) :  00000000
  01  method5
      | Stack used (prev) :  00000000
      | + function block  :  00000004
  <-Sub-tree of type: Indirectly called function tree that does not make
                    : indirect calls (Is not an interrupt and is not flagged
                    : as not overlayable)
    | Stack used          :  00000004


  ->Sub-tree of type: Indirectly called function tree that does not make
                    : indirect calls (Is not an interrupt and is not flagged
                    : as not overlayable)
                             CSTACK
    | Stack used (prev) :  00000000
  01  method7
      | Stack used (prev) :  00000000
      | + function block  :  00000004
  <-Sub-tree of type: Indirectly called function tree that does not make
                    : indirect calls (Is not an interrupt and is not flagged
                    : as not overlayable)
    | Stack used          :  00000004


  ->Sub-tree of type: Indirectly called function tree that does not make
                    : indirect calls (Is not an interrupt and is not flagged
                    : as not overlayable)
                             CSTACK
    | Stack used (prev) :  00000000
  01  method8
      | Stack used (prev) :  00000000
      | + function block  :  00000000
  <-Sub-tree of type: Indirectly called function tree that does not make
                    : indirect calls (Is not an interrupt and is not flagged
                    : as not overlayable)
    | Stack used          :  00000000


  ->Sub-tree of type: Indirectly called function tree that does not make
                    : indirect calls (Is not an interrupt and is not flagged
                    : as not overlayable)
                             CSTACK
    | Stack used (prev) :  00000000
  01  method9
      | Stack used (prev) :  00000000
      | + function block  :  00000000
  <-Sub-tree of type: Indirectly called function tree that does not make
                    : indirect calls (Is not an interrupt and is not flagged
                    : as not overlayable)
    | Stack used          :  00000000


  ->Sub-tree of type: Indirectly called function tree that does not make
                    : indirect calls (Is not an interrupt and is not flagged
                    : as not overlayable)
                             CSTACK
    | Stack used (prev) :  00000000
  01  maincsm_oncreate
      | Stack used (prev) :  00000000
      | + function block  :  0000000C
  <-Sub-tree of type: Indirectly called function tree that does not make
                    : indirect calls (Is not an interrupt and is not flagged
                    : as not overlayable)
    | Stack used          :  0000000C


  ->Sub-tree of type: Indirectly called function tree that does not make
                    : indirect calls (Is not an interrupt and is not flagged
                    : as not overlayable)
                             CSTACK
    | Stack used (prev) :  00000000
  01  maincsm_onclose
      | Stack used (prev) :  00000000
      | + function block  :  00000000
  <-Sub-tree of type: Indirectly called function tree that does not make
                    : indirect calls (Is not an interrupt and is not flagged
                    : as not overlayable)
    | Stack used          :  00000000


  ->Sub-tree of type: Indirectly called function tree that does not make
                    : indirect calls (Is not an interrupt and is not flagged
                    : as not overlayable)
                             CSTACK
    | Stack used (prev) :  00000000
  01  maincsm_onmessage
      | Stack used (prev) :  00000000
      | + function block  :  00000000
  <-Sub-tree of type: Indirectly called function tree that does not make
                    : indirect calls (Is not an interrupt and is not flagged
                    : as not overlayable)
    | Stack used          :  00000000


  ->Sub-tree of type: Indirectly called function tree that does not make
                    : indirect calls (Is not an interrupt and is not flagged
                    : as not overlayable)
                             CSTACK
    | Stack used (prev) :  00000000
  01  ElfKiller
      | Stack used (prev) :  00000000
      | + function block  :  00000004
  <-Sub-tree of type: Indirectly called function tree that does not make
                    : indirect calls (Is not an interrupt and is not flagged
                    : as not overlayable)
    | Stack used          :  00000004


  ->Sub-tree of type: Indirectly called function tree that does not make
                    : indirect calls (Is not an interrupt and is not flagged
                    : as not overlayable)
                             CSTACK
    | Stack used (prev) :  00000000
  01  my_keyhook
      | Stack used (prev) :  00000000
      | + function block  :  00000004
  <-Sub-tree of type: Indirectly called function tree that does not make
                    : indirect calls (Is not an interrupt and is not flagged
                    : as not overlayable)
    | Stack used          :  00000004


  ->Sub-tree of type: Function tree
                             CSTACK
    | Stack used (prev) :  00000044
  01  ClearNL
      | Stack used (prev) :  00000044
      | + function block  :  0000000C
  <-Sub-tree of type: Function tree
    | Stack used          :  00000050


  ->Sub-tree of type: Function tree
                             CSTACK
    | Stack used (prev) :  00000050
  01  AddNL
      | Stack used (prev) :  00000050
      | + function block  :  0000000C
  <-Sub-tree of type: Function tree
    | Stack used          :  0000005C


  ->Sub-tree of type: Function tree
                             CSTACK
    | Stack used (prev) :  0000005C
  01  find_name
      | Stack used (prev) :  0000005C
      | + function block  :  00000034
  <-Sub-tree of type: Function tree
    | Stack used          :  00000090


  ->Sub-tree of type: Function tree
                             CSTACK
    | Stack used (prev) :  00000090
  01  GetNumberOfDialogs
      | Stack used (prev) :  00000090
      | + function block  :  0000001C
  <-Sub-tree of type: Function tree
    | Stack used          :  000000AC


  ->Sub-tree of type: Function tree
                             CSTACK
    | Stack used (prev) :  000000AC
  01  SwapCSMS
      | Stack used (prev) :  000000AC
      | + function block  :  00000034
  <-Sub-tree of type: Function tree
    | Stack used          :  000000E0


  ->Sub-tree of type: Function tree
                             CSTACK
    | Stack used (prev) :  000000E0
  01  do_gui
      | Stack used (prev) :  000000E0
      | + function block  :  00000030
  <-Sub-tree of type: Function tree
    | Stack used          :  00000110


  ->Sub-tree of type: Function tree
                             CSTACK
    | Stack used (prev) :  00000110
  01  main
      | Stack used (prev) :  00000110
      | + function block  :  00000008
  <-Sub-tree of type: Function tree
    | Stack used          :  00000118




                ****************************************
                *                                      *
                *      SEGMENTS IN ADDRESS ORDER       *
                *                                      *
                ****************************************


SEGMENT              SPACE    START ADDRESS   END ADDRESS     SIZE  TYPE  ALIGN
=======              =====    =============   ===========     ====  ====  =====
DATA_ID              CODE_AREA           00000000                     dse    0
START                CODE_AREA           00000000                     dse    0
ELFBEGIN             CODE_AREA           00000000                     rel    0
CODE                 CODE_AREA      00000000 - 0000095B         95C   rel    2
DATA_C               CODE_AREA      0000095C - 00000AAE         153   rel    2
INITTAB              CODE_AREA      00000AB0 - 00000ABB           C   rel    2
DATA_Z               CODE_AREA      00000ABC - 00008B03        8048   rel    2

                ****************************************
                *                                      *
                *        END OF CROSS REFERENCE        *
                *                                      *
                ****************************************

 35 587 bytes of CODE memory

Errors: none
Warnings: none

