################################################################################
#                                                                              #
#      IAR Universal Linker V4.59Z/386                                         #
#                                                                              #
#           Link time     =  28/Jun/2006  11:37:41                             #
#           Target CPU    =  ARM                                               #
#           List file     =  E:\ARM\FSWI\Release\List\FSWI.map                 #
#           Output file 1 =  E:\ARM\FSWI\Release\Exe\FSWI.hex                  #
#                            Format: intel-extended                            #
#           Command line  =  E:\ARM\FSWI\Release\Obj\main.r79 -o               #
#                            E:\ARM\FSWI\Release\Exe\FSWI.hex                  #
#                            -Fintel-extended -l                               #
#                            E:\ARM\FSWI\Release\List\FSWI.map -xms -f         #
#                            E:\ARM\FSWI\1.xcl (-carm                          #
#                            -Z(CODE)CODE=A0078000-A00780FF                    #
#                            -Z(CODE)PATCH1=A13A1374-A13A1377                  #
#                            -Z(CODE)PATCH2=A13A1288-A13A128B                  #
#                            -Z(CODE)LIBR=A0074000-A0077FFF)                   #
#                                                                              #
#                        Copyright 1987-2006 IAR Systems. All rights reserved. #
################################################################################





                ****************************************
                *                                      *
                *           CROSS REFERENCE            *
                *                                      *
                ****************************************

                  There are no program entries.




                ****************************************
                *                                      *
                *              MODULE MAP              *
                *                                      *
                ****************************************


  DEFINED ABSOLUTE ENTRIES
    *************************************************************************

  FILE NAME : E:\ARM\FSWI\Release\Obj\main.r79
  PROGRAM MODULE, NAME : main

  SEGMENTS IN THE MODULE
  ======================
PATCH1
  Relative segment, address: A13A1374 - A13A1377 (0x4 bytes), align: 2
  Segment part 0. ROOT.
    -------------------------------------------------------------------------
PATCH2
  Relative segment, address: A13A1288 - A13A128B (0x4 bytes), align: 2
  Segment part 1. ROOT.       Intra module refs:   Segment part 0
    -------------------------------------------------------------------------
CODE
  Relative segment, address: A0078000 - A0078067 (0x68 bytes), align: 2
  Segment part 2. ROOT.       Intra module refs:   Segment part 1
                                                   Segment part 3
    -------------------------------------------------------------------------
LIBR
  Relative segment, address: A0074000 - A0074013 (0x14 bytes), align: 2
  Segment part 3. ROOT.       Intra module refs:   Segment part 2




                ****************************************
                *                                      *
                *      SEGMENTS IN ADDRESS ORDER       *
                *                                      *
                ****************************************


SEGMENT              SPACE    START ADDRESS   END ADDRESS     SIZE  TYPE  ALIGN
=======              =====    =============   ===========     ====  ====  =====
LIBR                               A0074000 - A0074013          14   rel    2
CODE                               A0078000 - A0078067          68   rel    2
PATCH2                             A13A1288 - A13A128B           4   rel    2
PATCH1                             A13A1374 - A13A1377           4   rel    2

                ****************************************
                *                                      *
                *        END OF CROSS REFERENCE        *
                *                                      *
                ****************************************

 132 bytes of CODE memory

Errors: none
Warnings: none

