################################################################################
#                                                                              #
#      IAR Universal Linker V4.60I/386                                         #
#                                                                              #
#           Link time     =  27/Jan/2009  11:16:26                             #
#           Target CPU    =  ARM                                               #
#           List file     =  "C:\Documents and Settings\Mehanoshin\Рабочий сто #
#                            л\123\Embedded Workbench 4.0 Evaluation\Project\C #
#                            all_Logger\Release\List\Call Logger.map"          #
#           Output file 1 =  "C:\Documents and Settings\Mehanoshin\Рабочий сто #
#                            л\123\Embedded Workbench 4.0 Evaluation\Project\C #
#                            all_Logger\Release\Exe\Call Logger.elf"           #
#                            Format: elf, variant: -ynpra                      #
#           Command line  =  "C:\Documents and Settings\Mehanoshin\Рабочий сто #
#                            л\123\Embedded Workbench 4.0 Evaluation\Project\C #
#                            all_Logger\Release\Obj\_cpp2.r79"                 #
#                            "C:\Documents and Settings\Mehanoshin\Рабочий сто #
#                            л\123\Embedded Workbench 4.0 Evaluation\Project\C #
#                            all_Logger\Release\Obj\conf_loader.r79"           #
#                            "C:\Documents and Settings\Mehanoshin\Рабочий сто #
#                            л\123\Embedded Workbench 4.0 Evaluation\Project\C #
#                            all_Logger\Release\Obj\config_data.r79"           #
#                            "C:\Documents and Settings\Mehanoshin\Рабочий сто #
#                            л\123\Embedded Workbench 4.0 Evaluation\Project\C #
#                            all_Logger\Release\Obj\func.r79"                  #
#                            "C:\Documents and Settings\Mehanoshin\Рабочий сто #
#                            л\123\Embedded Workbench 4.0 Evaluation\Project\C #
#                            all_Logger\Release\Obj\main.r79"                  #
#                            -o                                                #
#                            "C:\Documents and Settings\Mehanoshin\Рабочий сто #
#                            л\123\Embedded Workbench 4.0 Evaluation\Project\C #
#                            all_Logger\Release\Exe\Call Logger.elf"           #
#                            -Felf -l                                          #
#                            "C:\Documents and Settings\Mehanoshin\Рабочий сто #
#                            л\123\Embedded Workbench 4.0 Evaluation\Project\C #
#                            all_Logger\Release\List\Call Logger.map"          #
#                            -xms -f                                           #
#                            "C:\Documents and Settings\Mehanoshin\Рабочий сто #
#                            л\123\Embedded Workbench 4.0 Evaluation\Project\C #
#                            all_Logger\..\include\1.xcl"                      #
#                            (-carm -ynpra -V(CODE)CODE_AREA,12                #
#                            -V(DATA)DATA_AREA,12                              #
#                            -Z(CODE_AREA)ELFBEGIN,DATA_ID,START,CODE,DATA_C,I #
#                            NITTAB,DATA_Z,DATA_N,CONFIG_C,DYN_CONST,DYN_CONST #
#                            _DESC,DYN_PAGE,DYN_PAGE_DESC=0-FFFFFFFF           #
#                            -Z(DATA_AREA)DATA_I=0-FFFFFFFF)                   #
#                            "C:\Documents and Settings\Mehanoshin\Рабочий сто #
#                            л\123\Embedded Workbench 4.0 Evaluation\ARM\LIB\d #
#                            l5tpainl8n.r79"                                   #
#                            -s main                                           #
#                                                                              #
#                        Copyright 1987-2007 IAR Systems. All rights reserved. #
################################################################################





                ****************************************
                *                                      *
                *           CROSS REFERENCE            *
                *                                      *
                ****************************************

       Program entry at : CODE_AREA 00001ED8  Relocatable, from module : main




                ****************************************
                *                                      *
                *            RUNTIME MODEL             *
                *                                      *
                ****************************************

  ARMv4M                 = USED
  ARMv4T                 = USED
  ARMv5T                 = USED
  StackAlign4            = USED
  __cpu_mode             = __pcs__interwork
  __data_model           = absolute
  __dlib_file_descriptor = 0
  __endian               = little
  __rt_version           = 6



                ****************************************
                *                                      *
                *              MODULE MAP              *
                *                                      *
                ****************************************


  DEFINED ABSOLUTE ENTRIES
    *************************************************************************

  DEFINED ABSOLUTE ENTRIES
    *************************************************************************

  FILE NAME : C:\Documents and Settings\Mehanoshin\Рабочий стол\123\Embedded Workbench 4.0 Evaluation\Project\Call_Logger\Release\Obj\_cpp2.r79
  PROGRAM MODULE, NAME : _cpp2

  SEGMENTS IN THE MODULE
  ======================
CODE
  Relative segment, address: CODE_AREA 00000028 - 00000033 (0xc bytes), align: 2
  Segment part 3.
           ENTRY                   ADDRESS         REF BY
           =====                   =======         ======
           operator new(size_t)    00000028        CreateCLBook() (main)
                                                   OnCallManager(void *, BOOK *) (main)
                                                   onClockChange(void *, BOOK *) (main)
                                                   onSessionEstablished(void *, BOOK *) (main)
                                                   onSessionTerminated(void *, BOOK *) (main)
               stack 1 = 00000000 ( 00000004 )
    -------------------------------------------------------------------------
CODE
  Relative segment, address: CODE_AREA 00000034 - 0000003F (0xc bytes), align: 2
  Segment part 5.
           ENTRY                   ADDRESS         REF BY
           =====                   =======         ======
           operator new[](size_t)
                                   00000034        LoadConfigData(wchar_t const *, wchar_t const *) (conf_loader)
                                                   OnCallManager(void *, BOOK *) (main)
                                                   get_bcfg_key() (main)
                                                   onClockChange(void *, BOOK *) (main)
                                                   onSessionTerminated(void *, BOOK *) (main)
               stack 1 = 00000000 ( 00000004 )
    -------------------------------------------------------------------------
CODE
  Relative segment, address: CODE_AREA 00000040 - 0000004B (0xc bytes), align: 2
  Segment part 7.
           ENTRY                   ADDRESS         REF BY
           =====                   =======         ======
           operator delete(void *)
                                   00000040        LoadConfigData(wchar_t const *, wchar_t const *) (conf_loader)
                                                   OnCallManager(void *, BOOK *) (main)
                                                   get_bcfg_key() (main)
                                                   myList_elem_Free(void *) (main)
                                                   myList_gprs_elem_Free(void *) (main)
                                                   onClockChange(void *, BOOK *) (main)
                                                   onCloseCLBook(BOOK *) (main)
                                                   onSessionTerminated(void *, BOOK *) (main)
               stack 1 = 00000000 ( 00000004 )

    *************************************************************************

  FILE NAME : C:\Documents and Settings\Mehanoshin\Рабочий стол\123\Embedded Workbench 4.0 Evaluation\Project\Call_Logger\Release\Obj\conf_loader.r79
  PROGRAM MODULE, NAME : conf_loader

  SEGMENTS IN THE MODULE
  ======================
DATA_I
  Relative segment, address: DATA_AREA 00000000 - 00000007 (0x8 bytes), align: 2
  Segment part 4.             Intra module refs:   LoadConfigData(wchar_t const *, wchar_t const *)
           ENTRY                   ADDRESS         REF BY
           =====                   =======         ======
           successed_config_name   00000004        ReconfigElf(void *, BOOK *) (main)
           successed_config_path   00000000        ReconfigElf(void *, BOOK *) (main)
    -------------------------------------------------------------------------
CODE
  Relative segment, address: CODE_AREA 0000004C - 0000016F (0x124 bytes), align: 2
  Segment part 7.             Intra module refs:   InitConfig()
           ENTRY                   ADDRESS         REF BY
           =====                   =======         ======
           LoadConfigData(wchar_t const *, wchar_t const *)
                                   0000004C 
               stack 1 = 00000000 ( 00000044 )
    -------------------------------------------------------------------------
CODE
  Relative segment, address: CODE_AREA 00000170 - 000001A7 (0x38 bytes), align: 2
  Segment part 9.
           ENTRY                   ADDRESS         REF BY
           =====                   =======         ======
           InitConfig()            00000170        get_bcfg_key() (main)
               stack 1 = 00000000 ( 00000008 )
    -------------------------------------------------------------------------
DATA_ID
  Relative segment, address: CODE_AREA 00000000 - 00000007 (0x8 bytes), align: 2
  Segment part 5.             Intra module refs:   Segment part 4
    -------------------------------------------------------------------------
INITTAB
  Relative segment, address: CODE_AREA 000027CC - 000027D7 (0xc bytes), align: 2
  Segment part 13. ROOT.
           ENTRY                   ADDRESS         REF BY
           =====                   =======         ======
           ?init?tab?DATA_I        000027CC 
    -------------------------------------------------------------------------
DATA_C
  Relative segment, address: CODE_AREA 000027C8 - 000027C9 (0x2 bytes), align: 1
  Segment part 2.             Intra module refs:   Segment part 5
    -------------------------------------------------------------------------
DATA_C
  Relative segment, address: CODE_AREA 00002038 - 0000204F (0x18 bytes), align: 2
  Segment part 3.             Intra module refs:   InitConfig()

    *************************************************************************

  FILE NAME : C:\Documents and Settings\Mehanoshin\Рабочий стол\123\Embedded Workbench 4.0 Evaluation\Project\Call_Logger\Release\Obj\config_data.r79
  PROGRAM MODULE, NAME : config_data

  SEGMENTS IN THE MODULE
  ======================
CONFIG_C
  Relative segment, address: CODE_AREA 000027D8 - 00002803 (0x2c bytes), align: 2
  Segment part 2. ROOT.
    -------------------------------------------------------------------------
CONFIG_C
  Relative segment, address: CODE_AREA 00002804 - 00002807 (0x4 bytes), align: 2
  Segment part 3. ROOT.
           ENTRY                   ADDRESS         REF BY
           =====                   =======         ======
           TrafDiv                 00002804        Segment part 41 (main)
    -------------------------------------------------------------------------
CONFIG_C
  Relative segment, address: CODE_AREA 00002808 - 00002833 (0x2c bytes), align: 2
  Segment part 4. ROOT.
    -------------------------------------------------------------------------
CONFIG_C
  Relative segment, address: CODE_AREA 00002834 - 00002837 (0x4 bytes), align: 2
  Segment part 5. ROOT.
           ENTRY                   ADDRESS         REF BY
           =====                   =======         ======
           TrafKb                  00002834        Segment part 42 (main)
    -------------------------------------------------------------------------
CONFIG_C
  Relative segment, address: CODE_AREA 00002838 - 00002877 (0x40 bytes), align: 2
  Segment part 6. ROOT.
    -------------------------------------------------------------------------
CONFIG_C
  Relative segment, address: CODE_AREA 00002878 - 000028A3 (0x2c bytes), align: 2
  Segment part 7. ROOT.
    -------------------------------------------------------------------------
CONFIG_C
  Relative segment, address: CODE_AREA 000028A4 - 000028A7 (0x4 bytes), align: 2
  Segment part 8. ROOT.
           ENTRY                   ADDRESS         REF BY
           =====                   =======         ======
           sort_order              000028A4        Segment part 46 (main)
    -------------------------------------------------------------------------
CONFIG_C
  Relative segment, address: CODE_AREA 000028A8 - 000028E7 (0x40 bytes), align: 2
  Segment part 9. ROOT.
    -------------------------------------------------------------------------
CONFIG_C
  Relative segment, address: CODE_AREA 000028E8 - 00002913 (0x2c bytes), align: 2
  Segment part 10. ROOT.
    -------------------------------------------------------------------------
CONFIG_C
  Relative segment, address: CODE_AREA 00002914 - 00002917 (0x4 bytes), align: 2
  Segment part 11. ROOT.
           ENTRY                   ADDRESS         REF BY
           =====                   =======         ======
           TrafCost                00002914        onSessionTerminated(void *, BOOK *) (main)
    -------------------------------------------------------------------------
CONFIG_C
  Relative segment, address: CODE_AREA 00002918 - 00002943 (0x2c bytes), align: 2
  Segment part 12. ROOT.
    -------------------------------------------------------------------------
CONFIG_C
  Relative segment, address: CODE_AREA 00002944 - 00002947 (0x4 bytes), align: 2
  Segment part 13. ROOT.
           ENTRY                   ADDRESS         REF BY
           =====                   =======         ======
           TrafRound               00002944        onSessionTerminated(void *, BOOK *) (main)
    -------------------------------------------------------------------------
CONFIG_C
  Relative segment, address: CODE_AREA 00002948 - 00002973 (0x2c bytes), align: 2
  Segment part 14. ROOT.
    -------------------------------------------------------------------------
CONFIG_C
  Relative segment, address: CODE_AREA 00002974 - 00002977 (0x4 bytes), align: 2
  Segment part 15. ROOT.
           ENTRY                   ADDRESS         REF BY
           =====                   =======         ======
           TimeDay                 00002974        onSessionTerminated(void *, BOOK *) (main)
    -------------------------------------------------------------------------
CONFIG_C
  Relative segment, address: CODE_AREA 00002978 - 000029A3 (0x2c bytes), align: 2
  Segment part 16. ROOT.
    -------------------------------------------------------------------------
CONFIG_C
  Relative segment, address: CODE_AREA 000029A4 - 000029A7 (0x4 bytes), align: 2
  Segment part 17. ROOT.
           ENTRY                   ADDRESS         REF BY
           =====                   =======         ======
           TimeNight               000029A4        onSessionTerminated(void *, BOOK *) (main)
    -------------------------------------------------------------------------
CONFIG_C
  Relative segment, address: CODE_AREA 000029A8 - 000029D3 (0x2c bytes), align: 2
  Segment part 18. ROOT.
    -------------------------------------------------------------------------
CONFIG_C
  Relative segment, address: CODE_AREA 000029D4 - 000029D7 (0x4 bytes), align: 2
  Segment part 19. ROOT.
           ENTRY                   ADDRESS         REF BY
           =====                   =======         ======
           TrafCostDay             000029D4        onSessionTerminated(void *, BOOK *) (main)
    -------------------------------------------------------------------------
CONFIG_C
  Relative segment, address: CODE_AREA 000029D8 - 00002A03 (0x2c bytes), align: 2
  Segment part 20. ROOT.
    -------------------------------------------------------------------------
CONFIG_C
  Relative segment, address: CODE_AREA 00002A04 - 00002A07 (0x4 bytes), align: 2
  Segment part 21. ROOT.
           ENTRY                   ADDRESS         REF BY
           =====                   =======         ======
           TrafCostNight           00002A04        onSessionTerminated(void *, BOOK *) (main)
    -------------------------------------------------------------------------
CONFIG_C
  Relative segment, address: CODE_AREA 00002A08 - 00002A33 (0x2c bytes), align: 2
  Segment part 22. ROOT.
    -------------------------------------------------------------------------
CONFIG_C
  Relative segment, address: CODE_AREA 00002A34 - 00002A37 (0x4 bytes), align: 2
  Segment part 23. ROOT.
           ENTRY                   ADDRESS         REF BY
           =====                   =======         ======
           Hol1                    00002A34        onSessionTerminated(void *, BOOK *) (main)
    -------------------------------------------------------------------------
CONFIG_C
  Relative segment, address: CODE_AREA 00002A38 - 00002A63 (0x2c bytes), align: 2
  Segment part 24. ROOT.
    -------------------------------------------------------------------------
CONFIG_C
  Relative segment, address: CODE_AREA 00002A64 - 00002A67 (0x4 bytes), align: 2
  Segment part 25. ROOT.
           ENTRY                   ADDRESS         REF BY
           =====                   =======         ======
           Hol2                    00002A64        onSessionTerminated(void *, BOOK *) (main)
    -------------------------------------------------------------------------
CONFIG_C
  Relative segment, address: CODE_AREA 00002A68 - 00002A93 (0x2c bytes), align: 2
  Segment part 26. ROOT.
    -------------------------------------------------------------------------
CONFIG_C
  Relative segment, address: CODE_AREA 00002A94 - 00002A97 (0x4 bytes), align: 2
  Segment part 27. ROOT.
           ENTRY                   ADDRESS         REF BY
           =====                   =======         ======
           TrafCostHol             00002A94        onSessionTerminated(void *, BOOK *) (main)
    -------------------------------------------------------------------------
CONFIG_C
  Relative segment, address: CODE_AREA 00002A98 - 00002AC3 (0x2c bytes), align: 2
  Segment part 28. ROOT.
    -------------------------------------------------------------------------
CONFIG_C
  Relative segment, address: CODE_AREA 00002AC4 - 00002AD3 (0x10 bytes), align: 2
  Segment part 29. ROOT.
           ENTRY                   ADDRESS         REF BY
           =====                   =======         ======
           strMoney                00002AC4        get_bcfg_key() (main)

    *************************************************************************

  FILE NAME : C:\Documents and Settings\Mehanoshin\Рабочий стол\123\Embedded Workbench 4.0 Evaluation\Project\Call_Logger\Release\Obj\func.r79
  PROGRAM MODULE, NAME : func

  SEGMENTS IN THE MODULE
  ======================
ELFBEGIN
  Relative segment, address: CODE_AREA 00000000, align: 0
  Segment part 0. ROOT.
           ENTRY                   ADDRESS         REF BY
           =====                   =======         ======
           ELF_BEGIN               00000000        elf_exit() (main)
    -------------------------------------------------------------------------
CODE
  Relative segment, address: CODE_AREA 000001A8 - 000001BF (0x18 bytes), align: 2
  Segment part 1. ROOT.
           ENTRY                   ADDRESS         REF BY
           =====                   =======         ======
           kill_data               000001A8        elf_exit() (main)
           seqkill                 000001AC 
           ASYNC                   000001BC 
           SYNC                    000001B8        Segment part 34 (main)
                                                   Segment part 56 (main)
    -------------------------------------------------------------------------
DYN_CONST_DESC
  Relative segment, address: CODE_AREA 00002AD4 - 00002AD7 (0x4 bytes), align: 2
  Segment part 510. ROOT.
    -------------------------------------------------------------------------
DYN_PAGE
  Relative segment, address: CODE_AREA 00002AD8, align: 2
  Segment part 511.
    -------------------------------------------------------------------------
DYN_PAGE_DESC
  Relative segment, address: CODE_AREA 00002B18 - 00002B1B (0x4 bytes), align: 2
  Segment part 512. ROOT.

    *************************************************************************

  FILE NAME : C:\Documents and Settings\Mehanoshin\Рабочий стол\123\Embedded Workbench 4.0 Evaluation\Project\Call_Logger\Release\Obj\main.r79
  PROGRAM MODULE, NAME : main

  SEGMENTS IN THE MODULE
  ======================
CODE
  Relative segment, address: CODE_AREA 000001C0 - 00000257 (0x98 bytes), align: 2
  Segment part 11.            Intra module refs:   OnCallManager(void *, BOOK *)
                                                   get_bcfg_key()
           ENTRY                   ADDRESS         REF BY
           =====                   =======         ======
           win12512unicode(wchar_t *, char *, int)
                                   000001C0 
    -------------------------------------------------------------------------
CODE
  Relative segment, address: CODE_AREA 00000258 - 000002AF (0x58 bytes), align: 2
  Segment part 13.            Intra module refs:   CreateCLBook()
                                                   ReconfigElf(void *, BOOK *)
           ENTRY                   ADDRESS         REF BY
           =====                   =======         ======
           get_bcfg_key()          00000258 
               stack 1 = 00000000 ( 0000000C )
    -------------------------------------------------------------------------
CODE
  Relative segment, address: CODE_AREA 000002B0 - 000002B3 (0x4 bytes), align: 2
  Segment part 14.            Intra module refs:   get_bcfg_key()
    -------------------------------------------------------------------------
CODE
  Relative segment, address: CODE_AREA 000002B4 - 000002CF (0x1c bytes), align: 2
  Segment part 16.            Intra module refs:   OnCallManager(void *, BOOK *)
           ENTRY                   ADDRESS         REF BY
           =====                   =======         ======
           myList_Find(void *, void *)
                                   000002B4 
    -------------------------------------------------------------------------
CODE
  Relative segment, address: CODE_AREA 000002D0 - 000002EB (0x1c bytes), align: 2
  Segment part 18.            Intra module refs:   onSessionTerminated(void *, BOOK *)
           ENTRY                   ADDRESS         REF BY
           =====                   =======         ======
           myList_gprs_Find(void *, void *)
                                   000002D0 
    -------------------------------------------------------------------------
CODE
  Relative segment, address: CODE_AREA 000002EC - 00000343 (0x58 bytes), align: 2
  Segment part 20.            Intra module refs:   OnCallManager(void *, BOOK *)
                                                   onCloseCLBook(BOOK *)
           ENTRY                   ADDRESS         REF BY
           =====                   =======         ======
           myList_elem_Free(void *)
                                   000002EC 
               stack 1 = 00000000 ( 00000008 )
    -------------------------------------------------------------------------
CODE
  Relative segment, address: CODE_AREA 00000344 - 0000035F (0x1c bytes), align: 2
  Segment part 22.            Intra module refs:   onCloseCLBook(BOOK *)
                                                   onSessionTerminated(void *, BOOK *)
           ENTRY                   ADDRESS         REF BY
           =====                   =======         ======
           myList_gprs_elem_Free(void *)
                                   00000344 
               stack 1 = 00000000 ( 00000008 )
    -------------------------------------------------------------------------
CODE
  Relative segment, address: CODE_AREA 00000360 - 0000036B (0xc bytes), align: 2
  Segment part 24.            Intra module refs:   onCloseCLBook(BOOK *)
           ENTRY                   ADDRESS         REF BY
           =====                   =======         ======
           myList_elem_Filter(void *)
                                   00000360 
    -------------------------------------------------------------------------
CODE
  Relative segment, address: CODE_AREA 0000036C - 0000037F (0x14 bytes), align: 2
  Segment part 26.            Intra module refs:   Segment part 9
           ENTRY                   ADDRESS         REF BY
           =====                   =======         ======
           TerminateElf(void *, BOOK *)
                                   0000036C 
               stack 1 = 00000000 ( 00000004 )
    -------------------------------------------------------------------------
CODE
  Relative segment, address: CODE_AREA 00000380 - 000003CF (0x50 bytes), align: 2
  Segment part 28.            Intra module refs:   Segment part 9
           ENTRY                   ADDRESS         REF BY
           =====                   =======         ======
           ShowAuthorInfo(void *, BOOK *)
                                   00000380 
               stack 1 = 00000000 ( 00000010 )
    -------------------------------------------------------------------------
CODE
  Relative segment, address: CODE_AREA 000003D0 - 00000B03 (0x734 bytes), align: 2
  Segment part 30.            Intra module refs:   Segment part 9
           ENTRY                   ADDRESS         REF BY
           =====                   =======         ======
           onClockChange(void *, BOOK *)
                                   000003D0 
               stack 1 = 00000000 ( 00000414 )
    -------------------------------------------------------------------------
CODE
  Relative segment, address: CODE_AREA 00000B04 - 00000B07 (0x4 bytes), align: 2
  Segment part 31.            Intra module refs:   onClockChange(void *, BOOK *)
    -------------------------------------------------------------------------
CODE
  Relative segment, address: CODE_AREA 00000B08 - 00000B5B (0x54 bytes), align: 2
  Segment part 33.            Intra module refs:   Segment part 9
           ENTRY                   ADDRESS         REF BY
           =====                   =======         ======
           onSessionEstablished(void *, BOOK *)
                                   00000B08 
               stack 1 = 00000000 ( 0000000C )
    -------------------------------------------------------------------------
CODE
  Relative segment, address: CODE_AREA 00000B5C - 00000B5F (0x4 bytes), align: 2
  Segment part 34.            Intra module refs:   onClockChange(void *, BOOK *)
                                                   onSessionEstablished(void *, BOOK *)
    -------------------------------------------------------------------------
CODE
  Relative segment, address: CODE_AREA 00000B60 - 00001403 (0x8a4 bytes), align: 2
  Segment part 36.            Intra module refs:   Segment part 9
           ENTRY                   ADDRESS         REF BY
           =====                   =======         ======
           onSessionTerminated(void *, BOOK *)
                                   00000B60 
               stack 1 = 00000000 ( 00000570 )
    -------------------------------------------------------------------------
CODE
  Relative segment, address: CODE_AREA 00001404 - 00001407 (0x4 bytes), align: 2
  Segment part 37.            Intra module refs:   onSessionTerminated(void *, BOOK *)
    -------------------------------------------------------------------------
CODE
  Relative segment, address: CODE_AREA 00001408 - 0000140B (0x4 bytes), align: 2
  Segment part 38.            Intra module refs:   onSessionEstablished(void *, BOOK *)
                                                   onSessionTerminated(void *, BOOK *)
    -------------------------------------------------------------------------
CODE
  Relative segment, address: CODE_AREA 0000140C - 0000140F (0x4 bytes), align: 2
  Segment part 39.            Intra module refs:   onClockChange(void *, BOOK *)
                                                   onSessionTerminated(void *, BOOK *)
    -------------------------------------------------------------------------
CODE
  Relative segment, address: CODE_AREA 00001410 - 00001413 (0x4 bytes), align: 2
  Segment part 40.            Intra module refs:   onClockChange(void *, BOOK *)
                                                   onSessionTerminated(void *, BOOK *)
    -------------------------------------------------------------------------
CODE
  Relative segment, address: CODE_AREA 00001414 - 00001417 (0x4 bytes), align: 2
  Segment part 41.            Intra module refs:   onClockChange(void *, BOOK *)
                                                   onSessionTerminated(void *, BOOK *)
    -------------------------------------------------------------------------
CODE
  Relative segment, address: CODE_AREA 00001418 - 0000141B (0x4 bytes), align: 2
  Segment part 42.            Intra module refs:   onClockChange(void *, BOOK *)
                                                   onSessionTerminated(void *, BOOK *)
    -------------------------------------------------------------------------
CODE
  Relative segment, address: CODE_AREA 0000141C - 00001D4F (0x934 bytes), align: 2
  Segment part 44.            Intra module refs:   Segment part 9
           ENTRY                   ADDRESS         REF BY
           =====                   =======         ======
           OnCallManager(void *, BOOK *)
                                   0000141C 
               stack 1 = 00000000 ( 00000700 )
    -------------------------------------------------------------------------
CODE
  Relative segment, address: CODE_AREA 00001D50 - 00001D53 (0x4 bytes), align: 2
  Segment part 45.            Intra module refs:   OnCallManager(void *, BOOK *)
    -------------------------------------------------------------------------
CODE
  Relative segment, address: CODE_AREA 00001D54 - 00001D57 (0x4 bytes), align: 2
  Segment part 46.            Intra module refs:   OnCallManager(void *, BOOK *)
                                                   onSessionTerminated(void *, BOOK *)
    -------------------------------------------------------------------------
CODE
  Relative segment, address: CODE_AREA 00001D58 - 00001DA3 (0x4c bytes), align: 2
  Segment part 48.            Intra module refs:   Segment part 9
           LOCAL                   ADDRESS         
           =====                   =======         
           ReconfigElf(void *, BOOK *)
                                   00001D58 
               stack 1 = 00000000 ( 00000008 )
    -------------------------------------------------------------------------
DYN_PAGE
  Relative segment, address: CODE_AREA 00002AD8 - 00002B17 (0x40 bytes), align: 2
  Segment part 9.             Intra module refs:   Segment part 8
    -------------------------------------------------------------------------
DATA_I
  Relative segment, address: DATA_AREA 00000008 - 00000027 (0x20 bytes), align: 2
  Segment part 7.             Intra module refs:   CreateCLBook()
                                                   OnCallManager(void *, BOOK *)
                                                   Segment part 14
                                                   Segment part 38
                                                   Segment part 40
                                                   Segment part 53
                                                   onClockChange(void *, BOOK *)
           ENTRY                   ADDRESS         REF BY
           =====                   =======         ======
           CLBook                  00000008 
           Money                   00000018 
           base_page               0000001C 
           cur_date                00000014 
           myList                  0000000C 
           myList_gprs             00000010 
    -------------------------------------------------------------------------
CODE
  Relative segment, address: CODE_AREA 00001DA4 - 00001DBF (0x1c bytes), align: 2
  Segment part 50.            Intra module refs:   Segment part 62
           ENTRY                   ADDRESS         REF BY
           =====                   =======         ======
           elf_exit()              00001DA4 
               stack 1 = 00000000 ( 00000004 )
    -------------------------------------------------------------------------
CODE
  Relative segment, address: CODE_AREA 00001DC0 - 00001E2B (0x6c bytes), align: 2
  Segment part 52.            Intra module refs:   CreateCLBook()
           ENTRY                   ADDRESS         REF BY
           =====                   =======         ======
           onCloseCLBook(BOOK *)   00001DC0 
               stack 1 = 00000000 ( 0000000C )
    -------------------------------------------------------------------------
CODE
  Relative segment, address: CODE_AREA 00001E2C - 00001E2F (0x4 bytes), align: 2
  Segment part 53.            Intra module refs:   onCloseCLBook(BOOK *)
    -------------------------------------------------------------------------
CODE
  Relative segment, address: CODE_AREA 00001E30 - 00001EA7 (0x78 bytes), align: 2
  Segment part 55.            Intra module refs:   main
           ENTRY                   ADDRESS         REF BY
           =====                   =======         ======
           CreateCLBook()          00001E30 
               stack 1 = 00000000 ( 00000010 )
    -------------------------------------------------------------------------
CODE
  Relative segment, address: CODE_AREA 00001EA8 - 00001EAB (0x4 bytes), align: 2
  Segment part 56.            Intra module refs:   CreateCLBook()
                                                   OnCallManager(void *, BOOK *)
    -------------------------------------------------------------------------
CODE
  Relative segment, address: CODE_AREA 00001EAC - 00001ED3 (0x28 bytes), align: 2
  Segment part 58.            Intra module refs:   main
           ENTRY                   ADDRESS         REF BY
           =====                   =======         ======
           myFind(BOOK *)          00001EAC 
               stack 1 = 00000000 ( 00000004 )
    -------------------------------------------------------------------------
CODE
  Relative segment, address: CODE_AREA 00001ED4 - 00001ED7 (0x4 bytes), align: 2
  Segment part 59.            Intra module refs:   CreateCLBook()
                                                   myFind(BOOK *)
    -------------------------------------------------------------------------
CODE
  Relative segment, address: CODE_AREA 00001ED8 - 00001F4F (0x78 bytes), align: 2
  Segment part 61.
           ENTRY                   ADDRESS         REF BY
           =====                   =======         ======
           main                    00001ED8        Absolute parts (?ABS_ENTRY_MOD)
               stack 1 = 00000000 ( 0000000C )
    -------------------------------------------------------------------------
CODE
  Relative segment, address: CODE_AREA 00001F50 - 00001F53 (0x4 bytes), align: 2
  Segment part 62.            Intra module refs:   main
                                                   onCloseCLBook(BOOK *)
    -------------------------------------------------------------------------
DATA_ID
  Relative segment, address: CODE_AREA 00000008 - 00000027 (0x20 bytes), align: 2
  Segment part 8.             Intra module refs:   Segment part 7
    -------------------------------------------------------------------------
DATA_C
  Relative segment, address: CODE_AREA 00002050 - 0000274F (0x700 bytes), align: 2
  Segment part 2.             Intra module refs:   Segment part 31
                                                   Segment part 37
                                                   Segment part 45
    -------------------------------------------------------------------------
DATA_C
  Relative segment, address: CODE_AREA 00002750 - 0000275B (0xc bytes), align: 2
  Segment part 3.             Intra module refs:   Segment part 59
    -------------------------------------------------------------------------
DATA_C
  Relative segment, address: CODE_AREA 0000275C - 00002767 (0xc bytes), align: 2
  Segment part 4.             Intra module refs:   Segment part 8
    -------------------------------------------------------------------------
DATA_C
  Relative segment, address: CODE_AREA 00002768 - 000027AB (0x44 bytes), align: 2
  Segment part 5.             Intra module refs:   ShowAuthorInfo(void *, BOOK *)
    -------------------------------------------------------------------------
DATA_C
  Relative segment, address: CODE_AREA 000027AC - 000027C7 (0x1c bytes), align: 2
  Segment part 6.             Intra module refs:   main

    *************************************************************************

  FILE NAME : C:\Documents and Settings\Mehanoshin\Рабочий стол\123\Embedded Workbench 4.0 Evaluation\ARM\LIB\dl5tpainl8n.r79
  LIBRARY MODULE, NAME : ?div_module

  SEGMENTS IN THE MODULE
  ======================
CODE
  Relative segment, address: CODE_AREA 00001F54 - 00001F5F (0xc bytes), align: 2
  Segment part 5.
           ENTRY                   ADDRESS         REF BY
           =====                   =======         ======
           ??divu32_a              00001F54        onSessionTerminated(void *, BOOK *) (main)
    -------------------------------------------------------------------------
CODE
  Relative segment, address: CODE_AREA 00001F60 - 00002037 (0xd8 bytes), align: 2
  Segment part 12.            Intra module refs:   ??divu32_a




                ****************************************
                *                                      *
                *      SEGMENTS IN ADDRESS ORDER       *
                *                                      *
                ****************************************


SEGMENT              SPACE    START ADDRESS   END ADDRESS     SIZE  TYPE  ALIGN
=======              =====    =============   ===========     ====  ====  =====
ELFBEGIN             CODE_AREA           00000000                     rel    0
DATA_ID              CODE_AREA      00000000 - 00000027          28   rel    2
START                CODE_AREA           00000028                     dse    0
CODE                 CODE_AREA      00000028 - 00002037        2010   rel    2
DATA_C               CODE_AREA      00002038 - 000027C9         792   rel    2
INITTAB              CODE_AREA      000027CC - 000027D7           C   rel    2
DATA_Z               CODE_AREA           000027D8                     dse    0
DATA_N               CODE_AREA           000027D8                     dse    0
CONFIG_C             CODE_AREA      000027D8 - 00002AD3         2FC   rel    2
DYN_CONST            CODE_AREA           00002AD4                     dse    0
DYN_CONST_DESC       CODE_AREA      00002AD4 - 00002AD7           4   rel    2
DYN_PAGE             CODE_AREA      00002AD8 - 00002B17          40   rel    2
DYN_PAGE_DESC        CODE_AREA      00002B18 - 00002B1B           4   rel    2
DATA_I               DATA_AREA      00000000 - 00000027          28   rel    2

                ****************************************
                *                                      *
                *        END OF CROSS REFERENCE        *
                *                                      *
                ****************************************

 11 034 bytes of CODE memory
     40 bytes of DATA memory

Errors: none
Warnings: none

