##############################################################################
#                                                                            #
# IAR ARM ANSI C/C++ Compiler V4.42A/W32 EVALUATION    27/Jan/2009  11:16:25 #
# Copyright 1999-2005 IAR Systems. All rights reserved.                      #
#                                                                            #
#    Cpu mode        =  interwork                                            #
#    Endian          =  little                                               #
#    Stack alignment =  4                                                    #
#    Source file     =  C:\Documents and Settings\Mehanoshin\Рабочий         #
#                       стол\123\Embedded Workbench 4.0                      #
#                       Evaluation\Project\Call_Logger\config_data.c         #
#    Command line    =  "C:\Documents and Settings\Mehanoshin\Рабочий        #
#                       стол\123\Embedded Workbench 4.0                      #
#                       Evaluation\Project\Call_Logger\config_data.c" -D     #
#                       NDEBUG -lC "C:\Documents and                         #
#                       Settings\Mehanoshin\Рабочий стол\123\Embedded        #
#                       Workbench 4.0 Evaluation\Project\Call_Logger\Release #
#                       \List\" -lA "C:\Documents and                        #
#                       Settings\Mehanoshin\Рабочий стол\123\Embedded        #
#                       Workbench 4.0 Evaluation\Project\Call_Logger\Release #
#                       \List\" -o "C:\Documents and                         #
#                       Settings\Mehanoshin\Рабочий стол\123\Embedded        #
#                       Workbench 4.0 Evaluation\Project\Call_Logger\Release #
#                       \Obj\" -s9 --no_unroll --no_inline --cpu_mode arm    #
#                       --endian little --cpu ARM926EJ-S --stack_align 4     #
#                       --interwork -e --fpu None --eec++ --dlib_config      #
#                       "C:\Documents and Settings\Mehanoshin\Рабочий        #
#                       стол\123\Embedded Workbench 4.0                      #
#                       Evaluation\ARM\LIB\dl5tpainl8n.h" --segment          #
#                       code=CONFIG --segment data=CONFIG -I "C:\Documents   #
#                       and Settings\Mehanoshin\Рабочий стол\123\Embedded    #
#                       Workbench 4.0 Evaluation\ARM\INC\"                   #
#    List file       =  C:\Documents and Settings\Mehanoshin\Рабочий         #
#                       стол\123\Embedded Workbench 4.0                      #
#                       Evaluation\Project\Call_Logger\Release\List\config_d #
#                       ata.lst                                              #
#    Object file     =  C:\Documents and Settings\Mehanoshin\Рабочий         #
#                       стол\123\Embedded Workbench 4.0                      #
#                       Evaluation\Project\Call_Logger\Release\Obj\config_da #
#                       ta.r79                                               #
#                                                                            #
#                                                                            #
##############################################################################

C:\Documents and Settings\Mehanoshin\Рабочий стол\123\Embedded Workbench 4.0 Evaluation\Project\Call_Logger\config_data.c
      1          #include "..\\include\cfg_items.h"
      2          #include "config_data.h"
      3          
      4          #pragma diag_suppress=Pe177
      5          

   \                                 In segment CONFIG_C, align 4, align-sorted, root
   \   00000000   0B000000           DC32 11
   \   00000004   446976696465       DC8 "Divide Traf"
   \              205472616600
   \   00000010   000000000000       DC8 0, 0, 0, 0, 0, 0, 0, 0, 0, 0, 0, 0, 0, 0, 0, 0, 0, 0, 0, 0
   \              000000000000
   \              000000000000
   \              0000        
   \   00000024   000000000000       DC32 0, 0
   \              0000        
      6          __root const CFG_HDR cfghdr0={CFG_CHECKBOX,"Divide Traf",0,0};

   \                                 In segment CONFIG_C, align 4, align-sorted, root
      7          __root const int TrafDiv=1;
   \                     TrafDiv:
   \   00000000   01000000           DC32 1
      8          
      9          

   \                                 In segment CONFIG_C, align 4, align-sorted, root
   \   00000000   05000000           DC32 5
   \   00000004   4D6561737572       DC8 "Measure Unit"
   \              6520556E6974
   \              00          
   \   00000011   000000000000       DC8 0, 0, 0, 0, 0, 0, 0, 0, 0, 0, 0, 0, 0, 0, 0, 0, 0, 0, 0
   \              000000000000
   \              000000000000
   \              00          
   \   00000024   000000000200       DC32 0, 2
   \              0000        
     10          __root const CFG_HDR cfghdr1={CFG_CBOX,"Measure Unit",0,2};

   \                                 In segment CONFIG_C, align 4, align-sorted, root
     11          __root const int TrafKb=0;
   \                     TrafKb:
   \   00000000   00000000           DC32 0

   \                                 In segment CONFIG_C, align 4, align-sorted, root
   \   00000000   427974657300       DC8 "Bytes"
   \   00000006   000000000000       DC8 0, 0, 0, 0, 0, 0, 0, 0, 0, 0, 0, 0, 0, 0, 0, 0
   \              000000000000
   \              00000000    
   \   00000016   000000000000       DC8 0, 0, 0, 0, 0, 0, 0, 0, 0, 0
   \              00000000    
   \   00000020   4B6279746573       DC8 "Kbytes"
   \              00          
   \   00000027   000000000000       DC8 0, 0, 0, 0, 0, 0, 0, 0, 0, 0, 0, 0, 0, 0, 0, 0
   \              000000000000
   \              00000000    
   \   00000037   000000000000       DC8 0, 0, 0, 0, 0, 0, 0, 0, 0
   \              000000      
     12          __root const CFG_CBOX_ITEM cfgcbox1[2]={"Bytes","Kbytes"};
     13          
     14          

   \                                 In segment CONFIG_C, align 4, align-sorted, root
   \   00000000   05000000           DC32 5
   \   00000004   536F7274204F       DC8 "Sort Order"
   \              7264657200  
   \   0000000F   000000000000       DC8 0, 0, 0, 0, 0, 0, 0, 0, 0, 0, 0, 0, 0, 0, 0, 0, 0, 0, 0, 0, 0
   \              000000000000
   \              000000000000
   \              000000      
   \   00000024   000000000200       DC32 0, 2
   \              0000        
     15          __root const CFG_HDR cfghdr12={CFG_CBOX,"Sort Order",0,2};

   \                                 In segment CONFIG_C, align 4, align-sorted, root
     16          __root const int sort_order=0;
   \                     sort_order:
   \   00000000   00000000           DC32 0

   \                                 In segment CONFIG_C, align 4, align-sorted, root
   \   00000000   4649464F00         DC8 "FIFO"
   \   00000005   000000000000       DC8 0, 0, 0, 0, 0, 0, 0, 0, 0, 0, 0, 0, 0, 0, 0, 0
   \              000000000000
   \              00000000    
   \   00000015   000000000000       DC8 0, 0, 0, 0, 0, 0, 0, 0, 0, 0, 0
   \              0000000000  
   \   00000020   4C49464F00         DC8 "LIFO"
   \   00000025   000000000000       DC8 0, 0, 0, 0, 0, 0, 0, 0, 0, 0, 0, 0, 0, 0, 0, 0
   \              000000000000
   \              00000000    
   \   00000035   000000000000       DC8 0, 0, 0, 0, 0, 0, 0, 0, 0, 0, 0
   \              0000000000  
     17          __root const CFG_CBOX_ITEM cfgcbox2[2]={"FIFO","LIFO"};
     18          
     19          

   \                                 In segment CONFIG_C, align 4, align-sorted, root
   \   00000000   01000000           DC32 1
   \   00000004   547261662043       DC8 "Traf Cost"
   \              6F737400    
   \   0000000E   000000000000       DC8 0, 0, 0, 0, 0, 0, 0, 0, 0, 0, 0, 0, 0, 0, 0, 0, 0, 0, 0, 0, 0, 0
   \              000000000000
   \              000000000000
   \              00000000    
   \   00000024   000000004042       DC32 0, 1000000
   \              0F00        
     20          __root const CFG_HDR cfghdr2={CFG_UINT,"Traf Cost",0,1000000};

   \                                 In segment CONFIG_C, align 4, align-sorted, root
     21          __root const unsigned int TrafCost=0;
   \                     TrafCost:
   \   00000000   00000000           DC32 0
     22          
     23          

   \                                 In segment CONFIG_C, align 4, align-sorted, root
   \   00000000   01000000           DC32 1
   \   00000004   547261662052       DC8 "Traf Round"
   \              6F756E6400  
   \   0000000F   000000000000       DC8 0, 0, 0, 0, 0, 0, 0, 0, 0, 0, 0, 0, 0, 0, 0, 0, 0, 0, 0, 0, 0
   \              000000000000
   \              000000000000
   \              000000      
   \   00000024   000000000004       DC32 0, 1024
   \              0000        
     24          __root const CFG_HDR cfghdr3={CFG_UINT,"Traf Round",0,1024};

   \                                 In segment CONFIG_C, align 4, align-sorted, root
     25          __root const unsigned int TrafRound=1;
   \                     TrafRound:
   \   00000000   01000000           DC32 1
     26          
     27          

   \                                 In segment CONFIG_C, align 4, align-sorted, root
   \   00000000   01000000           DC32 1
   \   00000004   446179205469       DC8 "Day Time Start"
   \              6D6520537461
   \              727400      
   \   00000013   000000000000       DC8 0, 0, 0, 0, 0, 0, 0, 0, 0, 0, 0, 0, 0, 0, 0, 0, 0
   \              000000000000
   \              0000000000  
   \   00000024   000000001800       DC32 0, 24
   \              0000        
     28          __root const CFG_HDR cfghdr4={CFG_UINT,"Day Time Start",0,24};

   \                                 In segment CONFIG_C, align 4, align-sorted, root
     29          __root const unsigned int TimeDay=0;
   \                     TimeDay:
   \   00000000   00000000           DC32 0
     30          
     31          

   \                                 In segment CONFIG_C, align 4, align-sorted, root
   \   00000000   01000000           DC32 1
   \   00000004   4E6967687420       DC8 "Night Time Start"
   \              54696D652053
   \              7461727400  
   \   00000015   000000000000       DC8 0, 0, 0, 0, 0, 0, 0, 0, 0, 0, 0, 0, 0, 0, 0
   \              000000000000
   \              000000      
   \   00000024   000000001800       DC32 0, 24
   \              0000        
     32          __root const CFG_HDR cfghdr5={CFG_UINT,"Night Time Start",0,24};

   \                                 In segment CONFIG_C, align 4, align-sorted, root
     33          __root const unsigned int TimeNight=0;
   \                     TimeNight:
   \   00000000   00000000           DC32 0
     34          
     35          

   \                                 In segment CONFIG_C, align 4, align-sorted, root
   \   00000000   01000000           DC32 1
   \   00000004   446179205472       DC8 "Day Traf Cost"
   \              616620436F73
   \              7400        
   \   00000012   000000000000       DC8 0, 0, 0, 0, 0, 0, 0, 0, 0, 0, 0, 0, 0, 0, 0, 0, 0, 0
   \              000000000000
   \              000000000000
   \   00000024   000000004042       DC32 0, 1000000
   \              0F00        
     36          __root const CFG_HDR cfghdr6={CFG_UINT,"Day Traf Cost",0,1000000};

   \                                 In segment CONFIG_C, align 4, align-sorted, root
     37          __root const unsigned int TrafCostDay=0;
   \                     TrafCostDay:
   \   00000000   00000000           DC32 0
     38          
     39          

   \                                 In segment CONFIG_C, align 4, align-sorted, root
   \   00000000   01000000           DC32 1
   \   00000004   4E6967687420       DC8 "Night Traf Cost"
   \              547261662043
   \              6F737400    
   \   00000014   000000000000       DC8 0, 0, 0, 0, 0, 0, 0, 0, 0, 0, 0, 0, 0, 0, 0, 0
   \              000000000000
   \              00000000    
   \   00000024   000000004042       DC32 0, 1000000
   \              0F00        
     40          __root const CFG_HDR cfghdr7={CFG_UINT,"Night Traf Cost",0,1000000};

   \                                 In segment CONFIG_C, align 4, align-sorted, root
     41          __root const unsigned int TrafCostNight=0;
   \                     TrafCostNight:
   \   00000000   00000000           DC32 0
     42          
     43          

   \                                 In segment CONFIG_C, align 4, align-sorted, root
   \   00000000   01000000           DC32 1
   \   00000004   486F6C696461       DC8 "Holiday #1"
   \              7920233100  
   \   0000000F   000000000000       DC8 0, 0, 0, 0, 0, 0, 0, 0, 0, 0, 0, 0, 0, 0, 0, 0, 0, 0, 0, 0, 0
   \              000000000000
   \              000000000000
   \              000000      
   \   00000024   000000000700       DC32 0, 7
   \              0000        
     44          __root const CFG_HDR cfghdr8={CFG_UINT,"Holiday #1",0,7};

   \                                 In segment CONFIG_C, align 4, align-sorted, root
     45          __root const unsigned int Hol1=0;
   \                     Hol1:
   \   00000000   00000000           DC32 0
     46          
     47          

   \                                 In segment CONFIG_C, align 4, align-sorted, root
   \   00000000   01000000           DC32 1
   \   00000004   486F6C696461       DC8 "Holiday #2"
   \              7920233200  
   \   0000000F   000000000000       DC8 0, 0, 0, 0, 0, 0, 0, 0, 0, 0, 0, 0, 0, 0, 0, 0, 0, 0, 0, 0, 0
   \              000000000000
   \              000000000000
   \              000000      
   \   00000024   000000000700       DC32 0, 7
   \              0000        
     48          __root const CFG_HDR cfghdr9={CFG_UINT,"Holiday #2",0,7};

   \                                 In segment CONFIG_C, align 4, align-sorted, root
     49          __root const unsigned int Hol2=0;
   \                     Hol2:
   \   00000000   00000000           DC32 0
     50          
     51          

   \                                 In segment CONFIG_C, align 4, align-sorted, root
   \   00000000   01000000           DC32 1
   \   00000004   486F6C696461       DC8 "Holiday Traf Cost"
   \              792054726166
   \              20436F737400
   \   00000016   000000000000       DC8 0, 0, 0, 0, 0, 0, 0, 0, 0, 0, 0, 0, 0, 0
   \              000000000000
   \              0000        
   \   00000024   000000004042       DC32 0, 1000000
   \              0F00        
     52          __root const CFG_HDR cfghdr10={CFG_UINT,"Holiday Traf Cost",0,1000000};

   \                                 In segment CONFIG_C, align 4, align-sorted, root
     53          __root const unsigned int TrafCostHol=0;
   \                     TrafCostHol:
   \   00000000   00000000           DC32 0
     54          
     55          

   \                                 In segment CONFIG_C, align 4, align-sorted, root
   \   00000000   04000000           DC32 4
   \   00000004   4D6F6E657920       DC8 "Money Unit"
   \              556E697400  
   \   0000000F   000000000000       DC8 0, 0, 0, 0, 0, 0, 0, 0, 0, 0, 0, 0, 0, 0, 0, 0, 0, 0, 0, 0, 0
   \              000000000000
   \              000000000000
   \              000000      
   \   00000024   000000000F00       DC32 0, 15
   \              0000        
     56          __root const CFG_HDR cfghdr11={CFG_STR_WIN1251,"Money Unit",0,15};

   \                                 In segment CONFIG_C, align 4, align-sorted, root
     57          __root const char strMoney[16]="rub";
   \                     strMoney:
   \   00000000   72756200           DC8 "rub"
   \   00000004   000000000000       DC8 0, 0, 0, 0, 0, 0, 0, 0, 0, 0, 0, 0
   \              000000000000
     58          


   Segment part sizes:

     Function/Label Bytes
     -------------- -----
     cfghdr0          44
     TrafDiv           4
     cfghdr1          44
     TrafKb            4
     cfgcbox1         64
     cfghdr12         44
     sort_order        4
     cfgcbox2         64
     cfghdr2          44
     TrafCost          4
     cfghdr3          44
     TrafRound         4
     cfghdr4          44
     TimeDay           4
     cfghdr5          44
     TimeNight         4
     cfghdr6          44
     TrafCostDay       4
     cfghdr7          44
     TrafCostNight     4
     cfghdr8          44
     Hol1              4
     cfghdr9          44
     Hol2              4
     cfghdr10         44
     TrafCostHol       4
     cfghdr11         44
     strMoney         16

 
 764 bytes in segment CONFIG_C
 
 764 bytes of CONST memory

Errors: none
Warnings: none
