C166/ST10 assembler v7.5 r2 SN00123412-223 (c) 2001 TASKING, Inc.                       Date: Apr  6 2006  Time: 11:55:45  Page:   1
sl45func

 LOC CODE        LINE   SOURCELINE

                     1   #line 1 "sl45func.asm"
                     1   $EXTEND
                     2   $NOMOD166
                     3   $STDNAMES(reg.def)
                     4   $SEGMENTED
                     5   $CASE
                     6   $NOWARNING(120)
                     7   $NOWARNING(122)
                     8   $MODEL(LARGE)
                     9           NAME    MAIN_C
                    10           ASSUME  DPP3:SYSTEM
                    11   ;       ASSUME  DPP2:C166_DGROUP
                    12   
                    13   #line 21 "sl45func.asm"
                    21   
                    22   
                    23   #line 29 "sl45func.asm"
                    29   
                    30   
                    31   #line 37 "sl45func.asm"
                    37   
                    38   ;------------------------------------------------
                    39   ; Функции сишной библиотеки
                    40   ;------------------------------------------------
                    41   #line 41 "sl45func.asm"
                    41   
                    42   #line 41 "sl45func.asm"
                    41   PUBLIC __mul
                    42   #line 41 "sl45func.asm"
                    41   sss_000 SECTION CODE AT 0C7EE8Eh
                    42   #line 41 "sl45func.asm"
                    41   __mul PROC FAR
                    42   #line 41 "sl45func.asm"
                    41   __mul ENDP
                    42   #line 41 "sl45func.asm"
                    41   sss_000 ENDS
                    42   #line 42 "sl45func.asm"
                    42   
                    43   #line 42 "sl45func.asm"
                    42   PUBLIC __udil
                    43   #line 42 "sl45func.asm"
                    42   sss_001 SECTION CODE AT 0C7EFCCh
                    43   #line 42 "sl45func.asm"
                    42   __udil PROC FAR
                    43   #line 42 "sl45func.asm"
                    42   __udil ENDP
                    43   #line 42 "sl45func.asm"
                    42   sss_001 ENDS
                    43   #line 43 "sl45func.asm"
                    43   
                    44   #line 43 "sl45func.asm"
                    43   PUBLIC __umol
                    44   #line 43 "sl45func.asm"
                    43   sss_002 SECTION CODE AT 0C7F03Eh
                    44   #line 43 "sl45func.asm"
C166/ST10 assembler v7.5 r2 SN00123412-223 (c) 2001 TASKING, Inc.                       Date: Apr  6 2006  Time: 11:55:45  Page:   2
sl45func

 LOC CODE        LINE   SOURCELINE

                    43   __umol PROC FAR
                    44   #line 43 "sl45func.asm"
                    43   __umol ENDP
                    44   #line 43 "sl45func.asm"
                    43   sss_002 ENDS
                    44   ;---------------------------------------------------------------
                    45   ;---------------------------------------------------------------
                    46   #line 46 "sl45func.asm"
                    46   
                    47   #line 46 "sl45func.asm"
                    46   PUBLIC _doIDLE
                    47   #line 46 "sl45func.asm"
                    46   sss_003 SECTION CODE AT 0EE1CACh
                    47   #line 46 "sl45func.asm"
                    46   _doIDLE PROC FAR
                    47   #line 46 "sl45func.asm"
                    46   _doIDLE ENDP
                    47   #line 46 "sl45func.asm"
                    46   sss_003 ENDS
                    47   #line 47 "sl45func.asm"
                    47   
                    48   #line 47 "sl45func.asm"
                    47   PUBLIC _GetKeyLockState1
                    48   #line 47 "sl45func.asm"
                    47   sss_004 SECTION CODE AT 0A34092h
                    48   #line 47 "sl45func.asm"
                    47   _GetKeyLockState1 PROC FAR
                    48   #line 47 "sl45func.asm"
                    47   _GetKeyLockState1 ENDP
                    48   #line 47 "sl45func.asm"
                    47   sss_004 ENDS
                    48   #line 48 "sl45func.asm"
                    48   
                    49   #line 48 "sl45func.asm"
                    48   PUBLIC _turnLightON
                    49   #line 48 "sl45func.asm"
                    48   sss_005 SECTION CODE AT 0C0AF24h
                    49   #line 48 "sl45func.asm"
                    48   _turnLightON PROC FAR
                    49   #line 48 "sl45func.asm"
                    48   _turnLightON ENDP
                    49   #line 48 "sl45func.asm"
                    48   sss_005 ENDS
                    49   
                    50   #line 50 "sl45func.asm"
                    50   
                    51   #line 50 "sl45func.asm"
                    50   PUBLIC _pShowDialog
                    51   #line 50 "sl45func.asm"
                    50   sss_006 SECTION CODE AT 0D60340h
                    51   #line 50 "sl45func.asm"
                    50   _pShowDialog PROC FAR
                    51   #line 50 "sl45func.asm"
                    50   _pShowDialog ENDP
                    51   #line 50 "sl45func.asm"
C166/ST10 assembler v7.5 r2 SN00123412-223 (c) 2001 TASKING, Inc.                       Date: Apr  6 2006  Time: 11:55:45  Page:   3
sl45func

 LOC CODE        LINE   SOURCELINE

                    50   sss_006 ENDS
                    51   #line 51 "sl45func.asm"
                    51   
                    52   #line 51 "sl45func.asm"
                    51   PUBLIC _doBack0A
                    52   #line 51 "sl45func.asm"
                    51   sss_007 SECTION CODE AT 0D63120h
                    52   #line 51 "sl45func.asm"
                    51   _doBack0A PROC FAR
                    52   #line 51 "sl45func.asm"
                    51   _doBack0A ENDP
                    52   #line 51 "sl45func.asm"
                    51   sss_007 ENDS
                    52   
                    53   #line 53 "sl45func.asm"
                    53   
                    54   #line 53 "sl45func.asm"
                    53   PUBLIC _CreateDialogWithSoftKeys
                    54   #line 53 "sl45func.asm"
                    53   sss_008 SECTION CODE AT 0EE1112h
                    54   #line 53 "sl45func.asm"
                    53   _CreateDialogWithSoftKeys PROC FAR
                    54   #line 53 "sl45func.asm"
                    53   _CreateDialogWithSoftKeys ENDP
                    54   #line 53 "sl45func.asm"
                    53   sss_008 ENDS
                    54   #line 54 "sl45func.asm"
                    54   
                    55   #line 54 "sl45func.asm"
                    54   PUBLIC _CloseDialogWithSoftKeys
                    55   #line 54 "sl45func.asm"
                    54   sss_009 SECTION CODE AT 0EE13D0h
                    55   #line 54 "sl45func.asm"
                    54   _CloseDialogWithSoftKeys PROC FAR
                    55   #line 54 "sl45func.asm"
                    54   _CloseDialogWithSoftKeys ENDP
                    55   #line 54 "sl45func.asm"
                    54   sss_009 ENDS
                    55   ;@EQUP(_GetBotDialogWSK_ID,0EE10CEh)
                    56   #line 56 "sl45func.asm"
                    56   
                    57   #line 56 "sl45func.asm"
                    56   PUBLIC _GetBotDialogWSK_ID
                    57   #line 56 "sl45func.asm"
                    56   sss_010 SECTION CODE AT 0EE10DEh
                    57   #line 56 "sl45func.asm"
                    56   _GetBotDialogWSK_ID PROC FAR
                    57   #line 56 "sl45func.asm"
                    56   _GetBotDialogWSK_ID ENDP
                    57   #line 56 "sl45func.asm"
                    56   sss_010 ENDS ; С пропуском текущего диалога
                    57   
                    58   #line 58 "sl45func.asm"
                    58   
                    59   #line 58 "sl45func.asm"
C166/ST10 assembler v7.5 r2 SN00123412-223 (c) 2001 TASKING, Inc.                       Date: Apr  6 2006  Time: 11:55:45  Page:   4
sl45func

 LOC CODE        LINE   SOURCELINE

                    58   PUBLIC _DrawString
                    59   #line 58 "sl45func.asm"
                    58   sss_011 SECTION CODE AT 0D6A358h
                    59   #line 58 "sl45func.asm"
                    58   _DrawString PROC FAR
                    59   #line 58 "sl45func.asm"
                    58   _DrawString ENDP
                    59   #line 58 "sl45func.asm"
                    58   sss_011 ENDS
                    59   #line 59 "sl45func.asm"
                    59   
                    60   #line 59 "sl45func.asm"
                    59   PUBLIC _FillRect
                    60   #line 59 "sl45func.asm"
                    59   sss_012 SECTION CODE AT 0C0E5D0h
                    60   #line 59 "sl45func.asm"
                    59   _FillRect PROC FAR
                    60   #line 59 "sl45func.asm"
                    59   _FillRect ENDP
                    60   #line 59 "sl45func.asm"
                    59   sss_012 ENDS
                    60   #line 60 "sl45func.asm"
                    60   
                    61   #line 60 "sl45func.asm"
                    60   PUBLIC _OnTimer
                    61   #line 60 "sl45func.asm"
                    60   sss_013 SECTION CODE AT 0D6026Ch
                    61   #line 60 "sl45func.asm"
                    60   _OnTimer PROC FAR
                    61   #line 60 "sl45func.asm"
                    60   _OnTimer ENDP
                    61   #line 60 "sl45func.asm"
                    60   sss_013 ENDS
                    61   #line 61 "sl45func.asm"
                    61   
                    62   #line 61 "sl45func.asm"
                    61   PUBLIC _OnTimer1
                    62   #line 61 "sl45func.asm"
                    61   sss_014 SECTION CODE AT 0F07FACh
                    62   #line 61 "sl45func.asm"
                    61   _OnTimer1 PROC FAR
                    62   #line 61 "sl45func.asm"
                    61   _OnTimer1 ENDP
                    62   #line 61 "sl45func.asm"
                    61   sss_014 ENDS
                    62   #line 62 "sl45func.asm"
                    62   
                    63   #line 62 "sl45func.asm"
                    62   PUBLIC _OnTimer2
                    63   #line 62 "sl45func.asm"
                    62   sss_015 SECTION CODE AT 0F07EC0h
                    63   #line 62 "sl45func.asm"
                    62   _OnTimer2 PROC FAR
                    63   #line 62 "sl45func.asm"
                    62   _OnTimer2 ENDP
C166/ST10 assembler v7.5 r2 SN00123412-223 (c) 2001 TASKING, Inc.                       Date: Apr  6 2006  Time: 11:55:45  Page:   5
sl45func

 LOC CODE        LINE   SOURCELINE

                    63   #line 62 "sl45func.asm"
                    62   sss_015 ENDS
                    63   #line 63 "sl45func.asm"
                    63   
                    64   #line 63 "sl45func.asm"
                    63   PUBLIC _DisableTimer
                    64   #line 63 "sl45func.asm"
                    63   sss_016 SECTION CODE AT 0D60260h
                    64   #line 63 "sl45func.asm"
                    63   _DisableTimer PROC FAR
                    64   #line 63 "sl45func.asm"
                    63   _DisableTimer ENDP
                    64   #line 63 "sl45func.asm"
                    63   sss_016 ENDS
                    64   
                    65   #line 65 "sl45func.asm"
                    65   
                    66   #line 65 "sl45func.asm"
                    65   PUBLIC _StartTimer2
                    66   #line 65 "sl45func.asm"
                    65   sss_017 SECTION CODE AT 0C1CA86h
                    66   #line 65 "sl45func.asm"
                    65   _StartTimer2 PROC FAR
                    66   #line 65 "sl45func.asm"
                    65   _StartTimer2 ENDP
                    66   #line 65 "sl45func.asm"
                    65   sss_017 ENDS
                    66   #line 66 "sl45func.asm"
                    66   
                    67   #line 66 "sl45func.asm"
                    66   PUBLIC _DisableTimerX
                    67   #line 66 "sl45func.asm"
                    66   sss_018 SECTION CODE AT 0C1C6DAh
                    67   #line 66 "sl45func.asm"
                    66   _DisableTimerX PROC FAR
                    67   #line 66 "sl45func.asm"
                    66   _DisableTimerX ENDP
                    67   #line 66 "sl45func.asm"
                    66   sss_018 ENDS
                    67   
                    68   #line 68 "sl45func.asm"
                    68   
                    69   #line 68 "sl45func.asm"
                    68   PUBLIC _drawImage
                    69   #line 68 "sl45func.asm"
                    68   sss_019 SECTION CODE AT 0D6A45Ch
                    69   #line 68 "sl45func.asm"
                    68   _drawImage PROC FAR
                    69   #line 68 "sl45func.asm"
                    68   _drawImage ENDP
                    69   #line 68 "sl45func.asm"
                    68   sss_019 ENDS
                    69   
                    70   #line 70 "sl45func.asm"
                    70   
C166/ST10 assembler v7.5 r2 SN00123412-223 (c) 2001 TASKING, Inc.                       Date: Apr  6 2006  Time: 11:55:45  Page:   6
sl45func

 LOC CODE        LINE   SOURCELINE

                    71   #line 70 "sl45func.asm"
                    70   PUBLIC _AcquireGbsLock
                    71   #line 70 "sl45func.asm"
                    70   sss_020 SECTION CODE AT 0C1978Eh
                    71   #line 70 "sl45func.asm"
                    70   _AcquireGbsLock PROC FAR
                    71   #line 70 "sl45func.asm"
                    70   _AcquireGbsLock ENDP
                    71   #line 70 "sl45func.asm"
                    70   sss_020 ENDS
                    71   #line 71 "sl45func.asm"
                    71   
                    72   #line 71 "sl45func.asm"
                    71   PUBLIC _FreeGbsLock
                    72   #line 71 "sl45func.asm"
                    71   sss_021 SECTION CODE AT 0C19798h
                    72   #line 71 "sl45func.asm"
                    71   _FreeGbsLock PROC FAR
                    72   #line 71 "sl45func.asm"
                    71   _FreeGbsLock ENDP
                    72   #line 71 "sl45func.asm"
                    71   sss_021 ENDS
                    72   
                    73   #line 73 "sl45func.asm"
                    73   
                    74   #line 73 "sl45func.asm"
                    73   PUBLIC _WriteEEPROMData
                    74   #line 73 "sl45func.asm"
                    73   sss_022 SECTION CODE AT 0C22F92h
                    74   #line 73 "sl45func.asm"
                    73   _WriteEEPROMData PROC FAR
                    74   #line 73 "sl45func.asm"
                    73   _WriteEEPROMData ENDP
                    74   #line 73 "sl45func.asm"
                    73   sss_022 ENDS
                    74   #line 74 "sl45func.asm"
                    74   
                    75   #line 74 "sl45func.asm"
                    74   PUBLIC _ReadEEPROMData
                    75   #line 74 "sl45func.asm"
                    74   sss_023 SECTION CODE AT 0C22F3Eh
                    75   #line 74 "sl45func.asm"
                    74   _ReadEEPROMData PROC FAR
                    75   #line 74 "sl45func.asm"
                    74   _ReadEEPROMData ENDP
                    75   #line 74 "sl45func.asm"
                    74   sss_023 ENDS
                    75   
                    76   #line 76 "sl45func.asm"
                    76   
                    77   #line 76 "sl45func.asm"
                    76   PUBLIC _SendMessage
                    77   #line 76 "sl45func.asm"
                    76   sss_024 SECTION CODE AT 0C1AA30h
                    77   #line 76 "sl45func.asm"
C166/ST10 assembler v7.5 r2 SN00123412-223 (c) 2001 TASKING, Inc.                       Date: Apr  6 2006  Time: 11:55:45  Page:   7
sl45func

 LOC CODE        LINE   SOURCELINE

                    76   _SendMessage PROC FAR
                    77   #line 76 "sl45func.asm"
                    76   _SendMessage ENDP
                    77   #line 76 "sl45func.asm"
                    76   sss_024 ENDS
                    77   
                    78   #line 78 "sl45func.asm"
                    78   
                    79   #line 78 "sl45func.asm"
                    78   PUBLIC _GBSS_po_open
                    79   #line 78 "sl45func.asm"
                    78   sss_025 SECTION CODE AT 0E49486h
                    79   #line 78 "sl45func.asm"
                    78   _GBSS_po_open PROC FAR
                    79   #line 78 "sl45func.asm"
                    78   _GBSS_po_open ENDP
                    79   #line 78 "sl45func.asm"
                    78   sss_025 ENDS
                    79   #line 79 "sl45func.asm"
                    79   
                    80   #line 79 "sl45func.asm"
                    79   PUBLIC _GBSS_po_read
                    80   #line 79 "sl45func.asm"
                    79   sss_026 SECTION CODE AT 0E4952Eh
                    80   #line 79 "sl45func.asm"
                    79   _GBSS_po_read PROC FAR
                    80   #line 79 "sl45func.asm"
                    79   _GBSS_po_read ENDP
                    80   #line 79 "sl45func.asm"
                    79   sss_026 ENDS
                    80   #line 80 "sl45func.asm"
                    80   
                    81   #line 80 "sl45func.asm"
                    80   PUBLIC _GBSS_po_close
                    81   #line 80 "sl45func.asm"
                    80   sss_027 SECTION CODE AT 0E497E0h
                    81   #line 80 "sl45func.asm"
                    80   _GBSS_po_close PROC FAR
                    81   #line 80 "sl45func.asm"
                    80   _GBSS_po_close ENDP
                    81   #line 80 "sl45func.asm"
                    80   sss_027 ENDS
                    81   #line 81 "sl45func.asm"
                    81   
                    82   #line 81 "sl45func.asm"
                    81   PUBLIC _GBSS_po_write
                    82   #line 81 "sl45func.asm"
                    81   sss_028 SECTION CODE AT 0E49672h
                    82   #line 81 "sl45func.asm"
                    81   _GBSS_po_write PROC FAR
                    82   #line 81 "sl45func.asm"
                    81   _GBSS_po_write ENDP
                    82   #line 81 "sl45func.asm"
                    81   sss_028 ENDS
                    82   
C166/ST10 assembler v7.5 r2 SN00123412-223 (c) 2001 TASKING, Inc.                       Date: Apr  6 2006  Time: 11:55:45  Page:   8
sl45func

 LOC CODE        LINE   SOURCELINE

                    83   #line 83 "sl45func.asm"
                    83   
                    84   #line 83 "sl45func.asm"
                    83   PUBLIC _FileOpen
                    84   #line 83 "sl45func.asm"
                    83   sss_029 SECTION CODE AT 0DFA73Eh
                    84   #line 83 "sl45func.asm"
                    83   _FileOpen PROC FAR
                    84   #line 83 "sl45func.asm"
                    83   _FileOpen ENDP
                    84   #line 83 "sl45func.asm"
                    83   sss_029 ENDS
                    84   #line 84 "sl45func.asm"
                    84   
                    85   #line 84 "sl45func.asm"
                    84   PUBLIC _FileRead
                    85   #line 84 "sl45func.asm"
                    84   sss_030 SECTION CODE AT 0DFABAEh
                    85   #line 84 "sl45func.asm"
                    84   _FileRead PROC FAR
                    85   #line 84 "sl45func.asm"
                    84   _FileRead ENDP
                    85   #line 84 "sl45func.asm"
                    84   sss_030 ENDS
                    85   #line 85 "sl45func.asm"
                    85   
                    86   #line 85 "sl45func.asm"
                    85   PUBLIC _FileWrite
                    86   #line 85 "sl45func.asm"
                    85   sss_031 SECTION CODE AT 0DFB0FEh
                    86   #line 85 "sl45func.asm"
                    85   _FileWrite PROC FAR
                    86   #line 85 "sl45func.asm"
                    85   _FileWrite ENDP
                    86   #line 85 "sl45func.asm"
                    85   sss_031 ENDS
                    86   #line 86 "sl45func.asm"
                    86   
                    87   #line 86 "sl45func.asm"
                    86   PUBLIC _FileClose
                    87   #line 86 "sl45func.asm"
                    86   sss_032 SECTION CODE AT 0DFC570h
                    87   #line 86 "sl45func.asm"
                    86   _FileClose PROC FAR
                    87   #line 86 "sl45func.asm"
                    86   _FileClose ENDP
                    87   #line 86 "sl45func.asm"
                    86   sss_032 ENDS
                    87   #line 87 "sl45func.asm"
                    87   
                    88   #line 87 "sl45func.asm"
                    87   PUBLIC _FileSeek
                    88   #line 87 "sl45func.asm"
                    87   sss_033 SECTION CODE AT 0DFB868h
                    88   #line 87 "sl45func.asm"
C166/ST10 assembler v7.5 r2 SN00123412-223 (c) 2001 TASKING, Inc.                       Date: Apr  6 2006  Time: 11:55:45  Page:   9
sl45func

 LOC CODE        LINE   SOURCELINE

                    87   _FileSeek PROC FAR
                    88   #line 87 "sl45func.asm"
                    87   _FileSeek ENDP
                    88   #line 87 "sl45func.asm"
                    87   sss_033 ENDS
                    88   #line 88 "sl45func.asm"
                    88   
                    89   #line 88 "sl45func.asm"
                    88   PUBLIC _FileErase
                    89   #line 88 "sl45func.asm"
                    88   sss_034 SECTION CODE AT 0DFE5D0h
                    89   #line 88 "sl45func.asm"
                    88   _FileErase PROC FAR
                    89   #line 88 "sl45func.asm"
                    88   _FileErase ENDP
                    89   #line 88 "sl45func.asm"
                    88   sss_034 ENDS
                    89   
                    90   #line 90 "sl45func.asm"
                    90   
                    91   #line 90 "sl45func.asm"
                    90   PUBLIC _FilesysICall
                    91   #line 90 "sl45func.asm"
                    90   sss_035 SECTION CODE AT 0E47FFCh
                    91   #line 90 "sl45func.asm"
                    90   _FilesysICall PROC FAR
                    91   #line 90 "sl45func.asm"
                    90   _FilesysICall ENDP
                    91   #line 90 "sl45func.asm"
                    90   sss_035 ENDS
                    91   
                    92   PUBLIC _FilesysICall_I
                    93   PUBLIC _FilesysICall_UI
                    94   PUBLIC _FilesysICall_L
                    95   PUBLIC _FilesysICall_UL
                    96   PUBLIC _FilesysICall_FP
                    97   
                    98   _FilesysICall_I EQU _FilesysICall
                    99   _FilesysICall_UI EQU _FilesysICall
                   100   _FilesysICall_L EQU _FilesysICall
                   101   _FilesysICall_UL EQU _FilesysICall
                   102   _FilesysICall_FP EQU _FilesysICall
                   103   
                   104   #line 104 "sl45func.asm"
                   104   
                   105   #line 104 "sl45func.asm"
                   104   PUBLIC _xsprintf
                   105   #line 104 "sl45func.asm"
                   104   sss_036 SECTION CODE AT 0A4884Eh
                   105   #line 104 "sl45func.asm"
                   104   _xsprintf PROC FAR
                   105   #line 104 "sl45func.asm"
                   104   _xsprintf ENDP
                   105   #line 104 "sl45func.asm"
                   104   sss_036 ENDS
C166/ST10 assembler v7.5 r2 SN00123412-223 (c) 2001 TASKING, Inc.                       Date: Apr  6 2006  Time: 11:55:45  Page:  10
sl45func

 LOC CODE        LINE   SOURCELINE

                   105   #line 105 "sl45func.asm"
                   105   
                   106   #line 105 "sl45func.asm"
                   105   PUBLIC _strlen
                   106   #line 105 "sl45func.asm"
                   105   sss_037 SECTION CODE AT 0C78536h
                   106   #line 105 "sl45func.asm"
                   105   _strlen PROC FAR
                   106   #line 105 "sl45func.asm"
                   105   _strlen ENDP
                   106   #line 105 "sl45func.asm"
                   105   sss_037 ENDS
                   106   #line 106 "sl45func.asm"
                   106   
                   107   #line 106 "sl45func.asm"
                   106   PUBLIC _memset
                   107   #line 106 "sl45func.asm"
                   106   sss_038 SECTION CODE AT 0C78416h
                   107   #line 106 "sl45func.asm"
                   106   _memset PROC FAR
                   107   #line 106 "sl45func.asm"
                   106   _memset ENDP
                   107   #line 106 "sl45func.asm"
                   106   sss_038 ENDS
                   107   #line 107 "sl45func.asm"
                   107   
                   108   #line 107 "sl45func.asm"
                   107   PUBLIC _memcpy
                   108   #line 107 "sl45func.asm"
                   107   sss_039 SECTION CODE AT 0C783B4h
                   108   #line 107 "sl45func.asm"
                   107   _memcpy PROC FAR
                   108   #line 107 "sl45func.asm"
                   107   _memcpy ENDP
                   108   #line 107 "sl45func.asm"
                   107   sss_039 ENDS
                   108   #line 108 "sl45func.asm"
                   108   
                   109   #line 108 "sl45func.asm"
                   108   PUBLIC _memcpyW
                   109   #line 108 "sl45func.asm"
                   108   sss_040 SECTION CODE AT 0AABF1Ah
                   109   #line 108 "sl45func.asm"
                   108   _memcpyW PROC FAR
                   109   #line 108 "sl45func.asm"
                   108   _memcpyW ENDP
                   109   #line 108 "sl45func.asm"
                   108   sss_040 ENDS
                   109   #line 109 "sl45func.asm"
                   109   
                   110   #line 109 "sl45func.asm"
                   109   PUBLIC _memcmp
                   110   #line 109 "sl45func.asm"
                   109   sss_041 SECTION CODE AT 0C78388h
                   110   #line 109 "sl45func.asm"
C166/ST10 assembler v7.5 r2 SN00123412-223 (c) 2001 TASKING, Inc.                       Date: Apr  6 2006  Time: 11:55:45  Page:  11
sl45func

 LOC CODE        LINE   SOURCELINE

                   109   _memcmp PROC FAR
                   110   #line 109 "sl45func.asm"
                   109   _memcmp ENDP
                   110   #line 109 "sl45func.asm"
                   109   sss_041 ENDS
                   110   #line 110 "sl45func.asm"
                   110   
                   111   #line 110 "sl45func.asm"
                   110   PUBLIC _memmove
                   111   #line 110 "sl45func.asm"
                   110   sss_042 SECTION CODE AT 0C783DCh
                   111   #line 110 "sl45func.asm"
                   110   _memmove PROC FAR
                   111   #line 110 "sl45func.asm"
                   110   _memmove ENDP
                   111   #line 110 "sl45func.asm"
                   110   sss_042 ENDS
                   111   #line 111 "sl45func.asm"
                   111   
                   112   #line 111 "sl45func.asm"
                   111   PUBLIC _strcpy
                   112   #line 111 "sl45func.asm"
                   111   sss_043 SECTION CODE AT 0C78516h
                   112   #line 111 "sl45func.asm"
                   111   _strcpy PROC FAR
                   112   #line 111 "sl45func.asm"
                   111   _strcpy ENDP
                   112   #line 111 "sl45func.asm"
                   111   sss_043 ENDS
                   112   #line 112 "sl45func.asm"
                   112   
                   113   #line 112 "sl45func.asm"
                   112   PUBLIC _strcmp
                   113   #line 112 "sl45func.asm"
                   112   sss_044 SECTION CODE AT 0C784EEh
                   113   #line 112 "sl45func.asm"
                   112   _strcmp PROC FAR
                   113   #line 112 "sl45func.asm"
                   112   _strcmp ENDP
                   113   #line 112 "sl45func.asm"
                   112   sss_044 ENDS
                   113   
                   114   PUBLIC _FAM3_sig
                   115   _FAM3_sig_sss   SECTION CODE AT 0E47FFCh
0000               116   _FAM3_sig LABEL WORD
                   117   _FAM3_sig_sss ENDS
                   118   
                   119   PUBLIC __binfile
                   120   __binfile_sss   SECTION CODE AT 080000h
0000               121   __binfile LABEL WORD
                   122   __binfile_sss ENDS
                   123   
                   124   ;@EQUB(_buf8k,082000h)
                   125   
                   126   #line 126 "sl45func.asm"
C166/ST10 assembler v7.5 r2 SN00123412-223 (c) 2001 TASKING, Inc.                       Date: Apr  6 2006  Time: 11:55:45  Page:  12
sl45func

 LOC CODE        LINE   SOURCELINE

                   126   
                   127   #line 126 "sl45func.asm"
                   126   PUBLIC _keybQueneIdx
                   127   #line 126 "sl45func.asm"
                   126   sss_045 SECTION DATA AT 03B9B5h & 0FFFFFEh
                   127   #line 126 "sl45func.asm"
0000               126           ORG     03B9B5h
                   127   #line 126 "sl45func.asm"
0001               126   _keybQueneIdx LABEL BYTE
                   127   #line 126 "sl45func.asm"
                   126   sss_045 ENDS
                   127   #line 127 "sl45func.asm"
                   127   
                   128   #line 127 "sl45func.asm"
                   127   PUBLIC _keybQueneBuf
                   128   #line 127 "sl45func.asm"
                   127   sss_046 SECTION DATA AT 03B9B6h & 0FFFFFEh
                   128   #line 127 "sl45func.asm"
0000               127           ORG     03B9B6h
                   128   #line 127 "sl45func.asm"
0000               127   _keybQueneBuf LABEL BYTE
                   128   #line 127 "sl45func.asm"
                   127   sss_046 ENDS
                   128   #line 128 "sl45func.asm"
                   128   
                   129   #line 128 "sl45func.asm"
                   128   PUBLIC _GbsLock_ifNZ
                   129   #line 128 "sl45func.asm"
                   128   sss_047 SECTION DATA AT 03AF9Ch
                   129   #line 128 "sl45func.asm"
0000               128           ORG     03AF9Ch
                   129   #line 128 "sl45func.asm"
0000               128   _GbsLock_ifNZ LABEL WORD
                   129   #line 128 "sl45func.asm"
                   128   sss_047 ENDS
                   129   #line 129 "sl45func.asm"
                   129   
                   130   #line 129 "sl45func.asm"
                   129   PUBLIC _GbsLock_ifZ
                   130   #line 129 "sl45func.asm"
                   129   sss_048 SECTION DATA AT 03AF96h
                   130   #line 129 "sl45func.asm"
0000               129           ORG     03AF96h
                   130   #line 129 "sl45func.asm"
0000               129   _GbsLock_ifZ LABEL WORD
                   130   #line 129 "sl45func.asm"
                   129   sss_048 ENDS
                   130   #line 130 "sl45func.asm"
                   130   
                   131   #line 130 "sl45func.asm"
                   130   PUBLIC _PidAct
                   131   #line 130 "sl45func.asm"
                   130   sss_049 SECTION DATA AT 03B1DCh
                   131   #line 130 "sl45func.asm"
0000               130           ORG     03B1DCh
C166/ST10 assembler v7.5 r2 SN00123412-223 (c) 2001 TASKING, Inc.                       Date: Apr  6 2006  Time: 11:55:45  Page:  13
sl45func

 LOC CODE        LINE   SOURCELINE

                   131   #line 130 "sl45func.asm"
0000               130   _PidAct LABEL WORD
                   131   #line 130 "sl45func.asm"
                   130   sss_049 ENDS
                   131   
                   132   #line 132 "sl45func.asm"
                   132   
                   133   #line 132 "sl45func.asm"
                   132   PUBLIC _AllHeapsPointers
                   133   #line 132 "sl45func.asm"
                   132   sss_050 SECTION DATA AT 039DCEh
                   133   #line 132 "sl45func.asm"
0000               132           ORG     039DCEh
                   133   #line 132 "sl45func.asm"
0000               132   _AllHeapsPointers LABEL WORD
                   133   #line 132 "sl45func.asm"
                   132   sss_050 ENDS
                   133   #line 133 "sl45func.asm"
                   133   
                   134   #line 133 "sl45func.asm"
                   133   PUBLIC _FarMemAlloc
                   134   #line 133 "sl45func.asm"
                   133   sss_051 SECTION CODE AT 0C1A214h
                   134   #line 133 "sl45func.asm"
                   133   _FarMemAlloc PROC FAR
                   134   #line 133 "sl45func.asm"
                   133   _FarMemAlloc ENDP
                   134   #line 133 "sl45func.asm"
                   133   sss_051 ENDS
                   134   #line 134 "sl45func.asm"
                   134   
                   135   #line 134 "sl45func.asm"
                   134   PUBLIC _FarMemFree
                   135   #line 134 "sl45func.asm"
                   134   sss_052 SECTION CODE AT 0C1A572h
                   135   #line 134 "sl45func.asm"
                   134   _FarMemFree PROC FAR
                   135   #line 134 "sl45func.asm"
                   134   _FarMemFree ENDP
                   135   #line 134 "sl45func.asm"
                   134   sss_052 ENDS
                   135   #line 135 "sl45func.asm"
                   135   
                   136   #line 135 "sl45func.asm"
                   135   PUBLIC _HeapMalloc
                   136   #line 135 "sl45func.asm"
                   135   sss_053 SECTION CODE AT 0C1BCD8h
                   136   #line 135 "sl45func.asm"
                   135   _HeapMalloc PROC FAR
                   136   #line 135 "sl45func.asm"
                   135   _HeapMalloc ENDP
                   136   #line 135 "sl45func.asm"
                   135   sss_053 ENDS
                   136   #line 136 "sl45func.asm"
                   136   
C166/ST10 assembler v7.5 r2 SN00123412-223 (c) 2001 TASKING, Inc.                       Date: Apr  6 2006  Time: 11:55:45  Page:  14
sl45func

 LOC CODE        LINE   SOURCELINE

                   137   #line 136 "sl45func.asm"
                   136   PUBLIC _HeapFree
                   137   #line 136 "sl45func.asm"
                   136   sss_054 SECTION CODE AT 0C1BE78h
                   137   #line 136 "sl45func.asm"
                   136   _HeapFree PROC FAR
                   137   #line 136 "sl45func.asm"
                   136   _HeapFree ENDP
                   137   #line 136 "sl45func.asm"
                   136   sss_054 ENDS
                   137   #line 137 "sl45func.asm"
                   137   
                   138   #line 137 "sl45func.asm"
                   137   PUBLIC _MMIMalloc
                   138   #line 137 "sl45func.asm"
                   137   sss_055 SECTION CODE AT 0D8F55Ah
                   138   #line 137 "sl45func.asm"
                   137   _MMIMalloc PROC FAR
                   138   #line 137 "sl45func.asm"
                   137   _MMIMalloc ENDP
                   138   #line 137 "sl45func.asm"
                   137   sss_055 ENDS
                   138   #line 138 "sl45func.asm"
                   138   
                   139   #line 138 "sl45func.asm"
                   138   PUBLIC _MMIHeapFree
                   139   #line 138 "sl45func.asm"
                   138   sss_056 SECTION CODE AT 0D8F596h
                   139   #line 138 "sl45func.asm"
                   138   _MMIHeapFree PROC FAR
                   139   #line 138 "sl45func.asm"
                   138   _MMIHeapFree ENDP
                   139   #line 138 "sl45func.asm"
                   138   sss_056 ENDS    ;0DB9174h)
                   139   #line 139 "sl45func.asm"
                   139   
                   140   #line 139 "sl45func.asm"
                   139   PUBLIC _EX_heap_malloc_with_lock
                   140   #line 139 "sl45func.asm"
                   139   sss_057 SECTION CODE AT 0D7D374h
                   140   #line 139 "sl45func.asm"
                   139   _EX_heap_malloc_with_lock PROC FAR
                   140   #line 139 "sl45func.asm"
                   139   _EX_heap_malloc_with_lock ENDP
                   140   #line 139 "sl45func.asm"
                   139   sss_057 ENDS
                   140   #line 140 "sl45func.asm"
                   140   
                   141   #line 140 "sl45func.asm"
                   140   PUBLIC _EX_heap_free_with_lock
                   141   #line 140 "sl45func.asm"
                   140   sss_058 SECTION CODE AT 0D7D3B0h
                   141   #line 140 "sl45func.asm"
                   140   _EX_heap_free_with_lock PROC FAR
                   141   #line 140 "sl45func.asm"
C166/ST10 assembler v7.5 r2 SN00123412-223 (c) 2001 TASKING, Inc.                       Date: Apr  6 2006  Time: 11:55:45  Page:  15
sl45func

 LOC CODE        LINE   SOURCELINE

                   140   _EX_heap_free_with_lock ENDP
                   141   #line 140 "sl45func.asm"
                   140   sss_058 ENDS
                   141   
                   142   
                   143   ;@EQUP(_GetVars,0E47D10h)
                   144   ;@EQUP(_FreeVars,0E47D14h)
                   145   
                   146   
                   147   #line 147 "sl45func.asm"
                   147   
                   148   #line 147 "sl45func.asm"
                   147   PUBLIC _GeneralFunc
                   148   #line 147 "sl45func.asm"
                   147   sss_059 SECTION CODE AT 0F08350h
                   148   #line 147 "sl45func.asm"
                   147   _GeneralFunc PROC FAR
                   148   #line 147 "sl45func.asm"
                   147   _GeneralFunc ENDP
                   148   #line 147 "sl45func.asm"
                   147   sss_059 ENDS
                   148   #line 148 "sl45func.asm"
                   148   
                   149   #line 148 "sl45func.asm"
                   148   PUBLIC _DoEscape
                   149   #line 148 "sl45func.asm"
                   148   sss_060 SECTION CODE AT 0E6F64Eh
                   149   #line 148 "sl45func.asm"
                   148   _DoEscape PROC FAR
                   149   #line 148 "sl45func.asm"
                   148   _DoEscape ENDP
                   149   #line 148 "sl45func.asm"
                   148   sss_060 ENDS
                   149   ;@EQUP(_print,0C47000h)
                   150   #line 150 "sl45func.asm"
                   150   
                   151   #line 150 "sl45func.asm"
                   150   PUBLIC _CreateMenu02
                   151   #line 150 "sl45func.asm"
                   150   sss_061 SECTION CODE AT 0E6EC90h
                   151   #line 150 "sl45func.asm"
                   150   _CreateMenu02 PROC FAR
                   151   #line 150 "sl45func.asm"
                   150   _CreateMenu02 ENDP
                   151   #line 150 "sl45func.asm"
                   150   sss_061 ENDS
                   151   #line 151 "sl45func.asm"
                   151   
                   152   #line 151 "sl45func.asm"
                   151   PUBLIC _SetMenuItemIcon
                   152   #line 151 "sl45func.asm"
                   151   sss_062 SECTION CODE AT 0E76048h
                   152   #line 151 "sl45func.asm"
                   151   _SetMenuItemIcon PROC FAR
                   152   #line 151 "sl45func.asm"
C166/ST10 assembler v7.5 r2 SN00123412-223 (c) 2001 TASKING, Inc.                       Date: Apr  6 2006  Time: 11:55:45  Page:  16
sl45func

 LOC CODE        LINE   SOURCELINE

                   151   _SetMenuItemIcon ENDP
                   152   #line 151 "sl45func.asm"
                   151   sss_062 ENDS
                   152   #line 152 "sl45func.asm"
                   152   
                   153   #line 152 "sl45func.asm"
                   152   PUBLIC _RefreshMenuItem
                   153   #line 152 "sl45func.asm"
                   152   sss_063 SECTION CODE AT 0E74A24h
                   153   #line 152 "sl45func.asm"
                   152   _RefreshMenuItem PROC FAR
                   153   #line 152 "sl45func.asm"
                   152   _RefreshMenuItem ENDP
                   153   #line 152 "sl45func.asm"
                   152   sss_063 ENDS
                   153   #line 153 "sl45func.asm"
                   153   
                   154   #line 153 "sl45func.asm"
                   153   PUBLIC _GetCurrentMenuItem
                   154   #line 153 "sl45func.asm"
                   153   sss_064 SECTION CODE AT 0E761AEh
                   154   #line 153 "sl45func.asm"
                   153   _GetCurrentMenuItem PROC FAR
                   154   #line 153 "sl45func.asm"
                   153   _GetCurrentMenuItem ENDP
                   154   #line 153 "sl45func.asm"
                   153   sss_064 ENDS
                   154   
                   155   
                   156   #line 156 "sl45func.asm"
                   156   
                   157   #line 156 "sl45func.asm"
                   156   PUBLIC __hour
                   157   #line 156 "sl45func.asm"
                   156   sss_065 SECTION DATA AT 0365DEh
                   157   #line 156 "sl45func.asm"
0000               156           ORG     0365DEh
                   157   #line 156 "sl45func.asm"
0000               156   __hour LABEL WORD
                   157   #line 156 "sl45func.asm"
                   156   sss_065 ENDS
                   157   #line 157 "sl45func.asm"
                   157   
                   158   #line 157 "sl45func.asm"
                   157   PUBLIC __minute
                   158   #line 157 "sl45func.asm"
                   157   sss_066 SECTION DATA AT 0365DCh
                   158   #line 157 "sl45func.asm"
0000               157           ORG     0365DCh
                   158   #line 157 "sl45func.asm"
0000               157   __minute LABEL WORD
                   158   #line 157 "sl45func.asm"
                   157   sss_066 ENDS
                   158   #line 158 "sl45func.asm"
                   158   
C166/ST10 assembler v7.5 r2 SN00123412-223 (c) 2001 TASKING, Inc.                       Date: Apr  6 2006  Time: 11:55:45  Page:  17
sl45func

 LOC CODE        LINE   SOURCELINE

                   159   #line 158 "sl45func.asm"
                   158   PUBLIC __day
                   159   #line 158 "sl45func.asm"
                   158   sss_067 SECTION DATA AT 0365E0h
                   159   #line 158 "sl45func.asm"
0000               158           ORG     0365E0h
                   159   #line 158 "sl45func.asm"
0000               158   __day LABEL WORD
                   159   #line 158 "sl45func.asm"
                   158   sss_067 ENDS
                   159   #line 159 "sl45func.asm"
                   159   
                   160   #line 159 "sl45func.asm"
                   159   PUBLIC __month
                   160   #line 159 "sl45func.asm"
                   159   sss_068 SECTION DATA AT 0365E2h
                   160   #line 159 "sl45func.asm"
0000               159           ORG     0365E2h
                   160   #line 159 "sl45func.asm"
0000               159   __month LABEL WORD
                   160   #line 159 "sl45func.asm"
                   159   sss_068 ENDS
                   160   #line 160 "sl45func.asm"
                   160   
                   161   #line 160 "sl45func.asm"
                   160   PUBLIC __year
                   161   #line 160 "sl45func.asm"
                   160   sss_069 SECTION DATA AT 0365E4h
                   161   #line 160 "sl45func.asm"
0000               160           ORG     0365E4h
                   161   #line 160 "sl45func.asm"
0000               160   __year LABEL WORD
                   161   #line 160 "sl45func.asm"
                   160   sss_069 ENDS
                   161   
                   162   #line 162 "sl45func.asm"
                   162   
                   163   #line 162 "sl45func.asm"
                   162   PUBLIC _NETMON_LAC
                   163   #line 162 "sl45func.asm"
                   162   sss_070 SECTION DATA AT 039D84h
                   163   #line 162 "sl45func.asm"
0000               162           ORG     039D84h
                   163   #line 162 "sl45func.asm"
0000               162   _NETMON_LAC LABEL WORD
                   163   #line 162 "sl45func.asm"
                   162   sss_070 ENDS
                   163   #line 163 "sl45func.asm"
                   163   
                   164   #line 163 "sl45func.asm"
                   163   PUBLIC _NETMON_CI
                   164   #line 163 "sl45func.asm"
                   163   sss_071 SECTION DATA AT 039D86h
                   164   #line 163 "sl45func.asm"
0000               163           ORG     039D86h
C166/ST10 assembler v7.5 r2 SN00123412-223 (c) 2001 TASKING, Inc.                       Date: Apr  6 2006  Time: 11:55:45  Page:  18
sl45func

 LOC CODE        LINE   SOURCELINE

                   164   #line 163 "sl45func.asm"
0000               163   _NETMON_CI LABEL WORD
                   164   #line 163 "sl45func.asm"
                   163   sss_071 ENDS
                   164   #line 164 "sl45func.asm"
                   164   
                   165   #line 164 "sl45func.asm"
                   164   PUBLIC _CELL6_PNT
                   165   #line 164 "sl45func.asm"
                   164   sss_072 SECTION DATA AT 0C9B96h
                   165   #line 164 "sl45func.asm"
0000               164           ORG     0C9B96h
                   165   #line 164 "sl45func.asm"
0000               164   _CELL6_PNT LABEL WORD
                   165   #line 164 "sl45func.asm"
                   164   sss_072 ENDS
                   165   #line 165 "sl45func.asm"
                   165   
                   166   #line 165 "sl45func.asm"
                   165   PUBLIC _CURCELL_PNT
                   166   #line 165 "sl45func.asm"
                   165   sss_073 SECTION DATA AT 0C9B3Ah
                   166   #line 165 "sl45func.asm"
0000               165           ORG     0C9B3Ah
                   166   #line 165 "sl45func.asm"
0000               165   _CURCELL_PNT LABEL WORD
                   166   #line 165 "sl45func.asm"
                   165   sss_073 ENDS
                   166   #line 166 "sl45func.asm"
                   166   
                   167   #line 166 "sl45func.asm"
                   166   PUBLIC _NETMON7_TAB
                   167   #line 166 "sl45func.asm"
                   166   sss_074 SECTION DATA AT 039D8Ch
                   167   #line 166 "sl45func.asm"
0000               166           ORG     039D8Ch
                   167   #line 166 "sl45func.asm"
0000               166   _NETMON7_TAB LABEL WORD
                   167   #line 166 "sl45func.asm"
                   166   sss_074 ENDS
                   167   #line 167 "sl45func.asm"
                   167   
                   168   #line 167 "sl45func.asm"
                   167   PUBLIC _SetBAND
                   168   #line 167 "sl45func.asm"
                   167   sss_075 SECTION CODE AT 0A2C7FCh
                   168   #line 167 "sl45func.asm"
                   167   _SetBAND PROC FAR
                   168   #line 167 "sl45func.asm"
                   167   _SetBAND ENDP
                   168   #line 167 "sl45func.asm"
                   167   sss_075 ENDS
                   168   #line 168 "sl45func.asm"
                   168   
                   169   #line 168 "sl45func.asm"
C166/ST10 assembler v7.5 r2 SN00123412-223 (c) 2001 TASKING, Inc.                       Date: Apr  6 2006  Time: 11:55:45  Page:  19
sl45func

 LOC CODE        LINE   SOURCELINE

                   168   PUBLIC _GetRXLVL_by_CH
                   169   #line 168 "sl45func.asm"
                   168   sss_076 SECTION CODE AT 0CF3094h
                   169   #line 168 "sl45func.asm"
                   168   _GetRXLVL_by_CH PROC FAR
                   169   #line 168 "sl45func.asm"
                   168   _GetRXLVL_by_CH ENDP
                   169   #line 168 "sl45func.asm"
                   168   sss_076 ENDS
                   169   
                   170   #line 170 "sl45func.asm"
                   170   
                   171   #line 170 "sl45func.asm"
                   170   PUBLIC _STRtoWSTRP
                   171   #line 170 "sl45func.asm"
                   170   sss_077 SECTION CODE AT 0F19EA0h
                   171   #line 170 "sl45func.asm"
                   170   _STRtoWSTRP PROC FAR
                   171   #line 170 "sl45func.asm"
                   170   _STRtoWSTRP ENDP
                   171   #line 170 "sl45func.asm"
                   170   sss_077 ENDS
                   171   #line 171 "sl45func.asm"
                   171   
                   172   #line 171 "sl45func.asm"
                   171   PUBLIC _DrawObject
                   172   #line 171 "sl45func.asm"
                   171   sss_078 SECTION CODE AT 0C1400Ah
                   172   #line 171 "sl45func.asm"
                   171   _DrawObject PROC FAR
                   172   #line 171 "sl45func.asm"
                   171   _DrawObject ENDP
                   172   #line 171 "sl45func.asm"
                   171   sss_078 ENDS
                   172   #line 172 "sl45func.asm"
                   172   
                   173   #line 172 "sl45func.asm"
                   172   PUBLIC _InvalidateScreenRect
                   173   #line 172 "sl45func.asm"
                   172   sss_079 SECTION CODE AT 0C0C866h
                   173   #line 172 "sl45func.asm"
                   172   _InvalidateScreenRect PROC FAR
                   173   #line 172 "sl45func.asm"
                   172   _InvalidateScreenRect ENDP
                   173   #line 172 "sl45func.asm"
                   172   sss_079 ENDS
                   173   #line 173 "sl45func.asm"
                   173   
                   174   #line 173 "sl45func.asm"
                   173   PUBLIC _PrepDrawObj_type02
                   174   #line 173 "sl45func.asm"
                   173   sss_080 SECTION CODE AT 0C14B14h
                   174   #line 173 "sl45func.asm"
                   173   _PrepDrawObj_type02 PROC FAR
                   174   #line 173 "sl45func.asm"
C166/ST10 assembler v7.5 r2 SN00123412-223 (c) 2001 TASKING, Inc.                       Date: Apr  6 2006  Time: 11:55:45  Page:  20
sl45func

 LOC CODE        LINE   SOURCELINE

                   173   _PrepDrawObj_type02 ENDP
                   174   #line 173 "sl45func.asm"
                   173   sss_080 ENDS
                   174   #line 174 "sl45func.asm"
                   174   
                   175   #line 174 "sl45func.asm"
                   174   PUBLIC _PrepDrawObj_type01
                   175   #line 174 "sl45func.asm"
                   174   sss_081 SECTION CODE AT 0C14A4Ch
                   175   #line 174 "sl45func.asm"
                   174   _PrepDrawObj_type01 PROC FAR
                   175   #line 174 "sl45func.asm"
                   174   _PrepDrawObj_type01 ENDP
                   175   #line 174 "sl45func.asm"
                   174   sss_081 ENDS
                   175   
                   176   #line 176 "sl45func.asm"
                   176   
                   177   #line 176 "sl45func.asm"
                   176   PUBLIC _DisplayMessageBoxV
                   177   #line 176 "sl45func.asm"
                   176   sss_082 SECTION CODE AT 0E6F138h
                   177   #line 176 "sl45func.asm"
                   176   _DisplayMessageBoxV PROC FAR
                   177   #line 176 "sl45func.asm"
                   176   _DisplayMessageBoxV ENDP
                   177   #line 176 "sl45func.asm"
                   176   sss_082 ENDS
                   177   #line 177 "sl45func.asm"
                   177   
                   178   #line 177 "sl45func.asm"
                   177   PUBLIC _ResetStringID
                   178   #line 177 "sl45func.asm"
                   177   sss_083 SECTION CODE AT 0E65B5Eh
                   178   #line 177 "sl45func.asm"
                   177   _ResetStringID PROC FAR
                   178   #line 177 "sl45func.asm"
                   177   _ResetStringID ENDP
                   178   #line 177 "sl45func.asm"
                   177   sss_083 ENDS
                   178   #line 178 "sl45func.asm"
                   178   
                   179   #line 178 "sl45func.asm"
                   178   PUBLIC _StoreTextAsAStringID
                   179   #line 178 "sl45func.asm"
                   178   sss_084 SECTION CODE AT 0E6599Ch
                   179   #line 178 "sl45func.asm"
                   178   _StoreTextAsAStringID PROC FAR
                   179   #line 178 "sl45func.asm"
                   178   _StoreTextAsAStringID ENDP
                   179   #line 178 "sl45func.asm"
                   178   sss_084 ENDS
                   179   
                   180   #line 180 "sl45func.asm"
                   180   
C166/ST10 assembler v7.5 r2 SN00123412-223 (c) 2001 TASKING, Inc.                       Date: Apr  6 2006  Time: 11:55:45  Page:  21
sl45func

 LOC CODE        LINE   SOURCELINE

                   181   #line 180 "sl45func.asm"
                   180   PUBLIC _FindSUBSTRinESTR
                   181   #line 180 "sl45func.asm"
                   180   sss_085 SECTION CODE AT 0F0797Eh
                   181   #line 180 "sl45func.asm"
                   180   _FindSUBSTRinESTR PROC FAR
                   181   #line 180 "sl45func.asm"
                   180   _FindSUBSTRinESTR ENDP
                   181   #line 180 "sl45func.asm"
                   180   sss_085 ENDS
                   181   #line 181 "sl45func.asm"
                   181   
                   182   #line 181 "sl45func.asm"
                   181   PUBLIC _Find_Pointer0A_ItemInMenuITEMSQ_by_ID
                   182   #line 181 "sl45func.asm"
                   181   sss_086 SECTION CODE AT 0F0A234h
                   182   #line 181 "sl45func.asm"
                   181   _Find_Pointer0A_ItemInMenuITEMSQ_by_ID PROC FAR
                   182   #line 181 "sl45func.asm"
                   181   _Find_Pointer0A_ItemInMenuITEMSQ_by_ID ENDP
                   182   #line 181 "sl45func.asm"
                   181   sss_086 ENDS
                   182   #line 182 "sl45func.asm"
                   182   
                   183   #line 182 "sl45func.asm"
                   182   PUBLIC _ConcatWSTR
                   183   #line 182 "sl45func.asm"
                   182   sss_087 SECTION CODE AT 0F1B454h
                   183   #line 182 "sl45func.asm"
                   182   _ConcatWSTR PROC FAR
                   183   #line 182 "sl45func.asm"
                   182   _ConcatWSTR ENDP
                   183   #line 182 "sl45func.asm"
                   182   sss_087 ENDS
                   183   #line 183 "sl45func.asm"
                   183   
                   184   #line 183 "sl45func.asm"
                   183   PUBLIC _ConvLangSTRToWS_HDR
                   184   #line 183 "sl45func.asm"
                   183   sss_088 SECTION CODE AT 0E65FECh
                   184   #line 183 "sl45func.asm"
                   183   _ConvLangSTRToWS_HDR PROC FAR
                   184   #line 183 "sl45func.asm"
                   183   _ConvLangSTRToWS_HDR ENDP
                   184   #line 183 "sl45func.asm"
                   183   sss_088 ENDS
                   184   #line 184 "sl45func.asm"
                   184   
                   185   #line 184 "sl45func.asm"
                   184   PUBLIC _ClearWideString
                   185   #line 184 "sl45func.asm"
                   184   sss_089 SECTION CODE AT 0F1B2CCh
                   185   #line 184 "sl45func.asm"
                   184   _ClearWideString PROC FAR
                   185   #line 184 "sl45func.asm"
C166/ST10 assembler v7.5 r2 SN00123412-223 (c) 2001 TASKING, Inc.                       Date: Apr  6 2006  Time: 11:55:45  Page:  22
sl45func

 LOC CODE        LINE   SOURCELINE

                   184   _ClearWideString ENDP
                   185   #line 184 "sl45func.asm"
                   184   sss_089 ENDS
                   185   #line 185 "sl45func.asm"
                   185   
                   186   #line 185 "sl45func.asm"
                   185   PUBLIC _AddCharToWSTR
                   186   #line 185 "sl45func.asm"
                   185   sss_090 SECTION CODE AT 0F1B5D0h
                   186   #line 185 "sl45func.asm"
                   185   _AddCharToWSTR PROC FAR
                   186   #line 185 "sl45func.asm"
                   185   _AddCharToWSTR ENDP
                   186   #line 185 "sl45func.asm"
                   185   sss_090 ENDS
                   186   #line 186 "sl45func.asm"
                   186   
                   187   #line 186 "sl45func.asm"
                   186   PUBLIC _InsertCharToWSTR
                   187   #line 186 "sl45func.asm"
                   186   sss_091 SECTION CODE AT 0F1B546h
                   187   #line 186 "sl45func.asm"
                   186   _InsertCharToWSTR PROC FAR
                   187   #line 186 "sl45func.asm"
                   186   _InsertCharToWSTR ENDP
                   187   #line 186 "sl45func.asm"
                   186   sss_091 ENDS
                   187   #line 187 "sl45func.asm"
                   187   
                   188   #line 187 "sl45func.asm"
                   187   PUBLIC _AllocWSTR
                   188   #line 187 "sl45func.asm"
                   187   sss_092 SECTION CODE AT 0F1B340h
                   188   #line 187 "sl45func.asm"
                   187   _AllocWSTR PROC FAR
                   188   #line 187 "sl45func.asm"
                   187   _AllocWSTR ENDP
                   188   #line 187 "sl45func.asm"
                   187   sss_092 ENDS
                   188   #line 188 "sl45func.asm"
                   188   
                   189   #line 188 "sl45func.asm"
                   188   PUBLIC _CutWSTR
                   189   #line 188 "sl45func.asm"
                   188   sss_093 SECTION CODE AT 0F1B860h
                   189   #line 188 "sl45func.asm"
                   188   _CutWSTR PROC FAR
                   189   #line 188 "sl45func.asm"
                   188   _CutWSTR ENDP
                   189   #line 188 "sl45func.asm"
                   188   sss_093 ENDS
                   189   #line 189 "sl45func.asm"
                   189   
                   190   #line 189 "sl45func.asm"
                   189   PUBLIC _GetStringByID
C166/ST10 assembler v7.5 r2 SN00123412-223 (c) 2001 TASKING, Inc.                       Date: Apr  6 2006  Time: 11:55:45  Page:  23
sl45func

 LOC CODE        LINE   SOURCELINE

                   190   #line 189 "sl45func.asm"
                   189   sss_094 SECTION CODE AT 0E654F8h
                   190   #line 189 "sl45func.asm"
                   189   _GetStringByID PROC FAR
                   190   #line 189 "sl45func.asm"
                   189   _GetStringByID ENDP
                   190   #line 189 "sl45func.asm"
                   189   sss_094 ENDS
                   190   #line 190 "sl45func.asm"
                   190   
                   191   #line 190 "sl45func.asm"
                   190   PUBLIC _AsciizToWSTR
                   191   #line 190 "sl45func.asm"
                   190   sss_095 SECTION CODE AT 0F1B8B6h
                   191   #line 190 "sl45func.asm"
                   190   _AsciizToWSTR PROC FAR
                   191   #line 190 "sl45func.asm"
                   190   _AsciizToWSTR ENDP
                   191   #line 190 "sl45func.asm"
                   190   sss_095 ENDS
                   191   #line 191 "sl45func.asm"
                   191   
                   192   #line 191 "sl45func.asm"
                   191   PUBLIC _WSTR_Len
                   192   #line 191 "sl45func.asm"
                   191   sss_096 SECTION CODE AT 0F19AA8h
                   192   #line 191 "sl45func.asm"
                   191   _WSTR_Len PROC FAR
                   192   #line 191 "sl45func.asm"
                   191   _WSTR_Len ENDP
                   192   #line 191 "sl45func.asm"
                   191   sss_096 ENDS
                   192   #line 192 "sl45func.asm"
                   192   
                   193   #line 192 "sl45func.asm"
                   192   PUBLIC _ClearInputData
                   193   #line 192 "sl45func.asm"
                   192   sss_097 SECTION CODE AT 0F063C6h
                   193   #line 192 "sl45func.asm"
                   192   _ClearInputData PROC FAR
                   193   #line 192 "sl45func.asm"
                   192   _ClearInputData ENDP
                   193   #line 192 "sl45func.asm"
                   192   sss_097 ENDS
                   193   #line 193 "sl45func.asm"
                   193   
                   194   #line 193 "sl45func.asm"
                   193   PUBLIC _SetInputData
                   194   #line 193 "sl45func.asm"
                   193   sss_098 SECTION CODE AT 0F0649Ah
                   194   #line 193 "sl45func.asm"
                   193   _SetInputData PROC FAR
                   194   #line 193 "sl45func.asm"
                   193   _SetInputData ENDP
                   194   #line 193 "sl45func.asm"
C166/ST10 assembler v7.5 r2 SN00123412-223 (c) 2001 TASKING, Inc.                       Date: Apr  6 2006  Time: 11:55:45  Page:  24
sl45func

 LOC CODE        LINE   SOURCELINE

                   193   sss_098 ENDS
                   194   #line 194 "sl45func.asm"
                   194   
                   195   #line 194 "sl45func.asm"
                   194   PUBLIC _SetInputType
                   195   #line 194 "sl45func.asm"
                   194   sss_099 SECTION CODE AT 0F0644Ch
                   195   #line 194 "sl45func.asm"
                   194   _SetInputType PROC FAR
                   195   #line 194 "sl45func.asm"
                   194   _SetInputType ENDP
                   195   #line 194 "sl45func.asm"
                   194   sss_099 ENDS
                   195   #line 195 "sl45func.asm"
                   195   
                   196   #line 195 "sl45func.asm"
                   195   PUBLIC _AddInputToWSTR
                   196   #line 195 "sl45func.asm"
                   195   sss_100 SECTION CODE AT 0F07490h
                   196   #line 195 "sl45func.asm"
                   195   _AddInputToWSTR PROC FAR
                   196   #line 195 "sl45func.asm"
                   195   _AddInputToWSTR ENDP
                   196   #line 195 "sl45func.asm"
                   195   sss_100 ENDS
                   196   #line 196 "sl45func.asm"
                   196   
                   197   #line 196 "sl45func.asm"
                   196   PUBLIC _sub_E70BAC
                   197   #line 196 "sl45func.asm"
                   196   sss_101 SECTION CODE AT 0E70BACh
                   197   #line 196 "sl45func.asm"
                   196   _sub_E70BAC PROC FAR
                   197   #line 196 "sl45func.asm"
                   196   _sub_E70BAC ENDP
                   197   #line 196 "sl45func.asm"
                   196   sss_101 ENDS
                   197   #line 197 "sl45func.asm"
                   197   
                   198   #line 197 "sl45func.asm"
                   197   PUBLIC _GetDataPointer_ITEM04
                   198   #line 197 "sl45func.asm"
                   197   sss_102 SECTION CODE AT 0E70774h
                   198   #line 197 "sl45func.asm"
                   197   _GetDataPointer_ITEM04 PROC FAR
                   198   #line 197 "sl45func.asm"
                   197   _GetDataPointer_ITEM04 ENDP
                   198   #line 197 "sl45func.asm"
                   197   sss_102 ENDS
                   198   #line 198 "sl45func.asm"
                   198   
                   199   #line 198 "sl45func.asm"
                   198   PUBLIC _sub_F07A66
                   199   #line 198 "sl45func.asm"
                   198   sss_103 SECTION CODE AT 0F07A66h
C166/ST10 assembler v7.5 r2 SN00123412-223 (c) 2001 TASKING, Inc.                       Date: Apr  6 2006  Time: 11:55:45  Page:  25
sl45func

 LOC CODE        LINE   SOURCELINE

                   199   #line 198 "sl45func.asm"
                   198   _sub_F07A66 PROC FAR
                   199   #line 198 "sl45func.asm"
                   198   _sub_F07A66 ENDP
                   199   #line 198 "sl45func.asm"
                   198   sss_103 ENDS
                   199   
                   200   #line 200 "sl45func.asm"
                   200   
                   201   #line 200 "sl45func.asm"
                   200   PUBLIC __icall
                   201   #line 200 "sl45func.asm"
                   200   sss_104 SECTION CODE AT 0C7EE88h
                   201   #line 200 "sl45func.asm"
                   200   __icall PROC FAR
                   201   #line 200 "sl45func.asm"
                   200   __icall ENDP
                   201   #line 200 "sl45func.asm"
                   200   sss_104 ENDS
                   201   
                   202   #line 202 "sl45func.asm"
                   202   
                   203   #line 202 "sl45func.asm"
                   202   PUBLIC _CreateInputTextDialog
                   203   #line 202 "sl45func.asm"
                   202   sss_105 SECTION CODE AT 0D64ADEh
                   203   #line 202 "sl45func.asm"
                   202   _CreateInputTextDialog PROC FAR
                   203   #line 202 "sl45func.asm"
                   202   _CreateInputTextDialog ENDP
                   203   #line 202 "sl45func.asm"
                   202   sss_105 ENDS
                   203   
                   204   #line 204 "sl45func.asm"
                   204   
                   205   #line 204 "sl45func.asm"
                   204   PUBLIC _WString_GetChar
                   205   #line 204 "sl45func.asm"
                   204   sss_106 SECTION CODE AT 0F19E90h
                   205   #line 204 "sl45func.asm"
                   204   _WString_GetChar PROC FAR
                   205   #line 204 "sl45func.asm"
                   204   _WString_GetChar ENDP
                   205   #line 204 "sl45func.asm"
                   204   sss_106 ENDS
                   205   
                   206   #line 206 "sl45func.asm"
                   206   
                   207   #line 206 "sl45func.asm"
                   206   PUBLIC _SetSoftKeyID
                   207   #line 206 "sl45func.asm"
                   206   sss_107 SECTION CODE AT 0E70DB4h
                   207   #line 206 "sl45func.asm"
                   206   _SetSoftKeyID PROC FAR
                   207   #line 206 "sl45func.asm"
C166/ST10 assembler v7.5 r2 SN00123412-223 (c) 2001 TASKING, Inc.                       Date: Apr  6 2006  Time: 11:55:45  Page:  26
sl45func

 LOC CODE        LINE   SOURCELINE

                   206   _SetSoftKeyID ENDP
                   207   #line 206 "sl45func.asm"
                   206   sss_107 ENDS
                   207   
                   208   
                   209   NAME    XCSTART                 ; module name.
                   210           
                   211   EXTERN  _xmain:FAR
                   212   
                   213   PUBLIC __CSTART
                   214   __CSTART_MY     SECTION CODE WORD PUBLIC 'CMYINIT'
                   215   __CSTART        PROC  FAR
                   216   ;    and     R12,#3FFFh
                   217   ;    and                R13,#3FFh 
                   218   ;if (*((int far *)0x3B1DC)!=0x3870) goto LOAD_SNAP;
0000 8880          219           mov             [-r0],r8
0002 88C0          220           mov             [-r0],r12
0004 88D0          221           mov             [-r0],r13
0006 D7400E00      222           EXTP    #0Eh,#01h
000A F2FCDC31 1    223           MOV     R12,031DCh
000E 46FC7038      224           CMP     R12,#03870h
0012 3D1D          225           JMPR    cc_NE,_no_aldr
                   226   ;Догружаем вторую часть бинарника
0014 E6FC0000  R   227           mov             r12,#POF(bin_name)
0018 E6FD0000  R   228           mov             r13,#PAG(bin_name)
001C E6FE0080      229           mov             r14,#8000h
0020 E00F          230           mov             r15,#0
0022 DADF3EA7      231           calls   _FileOpen
0026 F084          232           mov             r8,r4
0028 F0C8          233           mov             r12,r8
002A E00D          234           mov             r13,#0
002C E6FE2000      235           mov             r14,#20h
0030 E6FF0040      236           mov             r15,#4000h
0034 DADFAEAB      237           calls   _FileRead
0038 F0C8          238           mov             r12,r8
003A E00D          239           mov             r13,#0
003C E6FE2100      240           mov             r14,#21h
0040 E6FF0040      241           mov             r15,#4000h
0044 DADFAEAB      242           calls   _FileRead
0048 F0C8          243           mov             r12,r8
004A DADF70C5      244           calls   _FileClose
004E               245   _no_aldr:
004E 98D0          246           mov             r13,[r0+]
0050 98C0          247           mov             r12,[r0+]
0052 9880          248           mov             r8,[r0+]
0054 FA000000  R   249           jmps    _xmain
0058               250   bin_name:
0058 413A5C54      251           db              "A:\\TED\\TED.bin",0
005C 45445C54    
0060 45442E62    
0064 696E00      
                   252   bin_length      equ     $-bin_name
0067               253           ds              64-bin_length
                   254   
                   255   __CSTART        ENDP
C166/ST10 assembler v7.5 r2 SN00123412-223 (c) 2001 TASKING, Inc.                       Date: Apr  6 2006  Time: 11:55:45  Page:  27
sl45func

 LOC CODE        LINE   SOURCELINE

                   256   
                   257   PUBLIC _setExtSIDTable
                   258   _setExtSIDTable PROC FAR
0098 F04C          259           MOV             R4,R12
009A F05D          260           MOV             R5,R13
009C FAE4C07E      261           jmps    0E4h, 07EC0h
                   262   _setExtSIDTable ENDP
                   263   
                   264   ;PUBLIC _bl_us
                   265   ;PUBLIC _bl_ds
                   266   ;EXTERN _ustk:BYTE
                   267   ;EXTERN _dstk:BYTE
                   268   ;
                   269   ;_bl_us PROC    FAR
                   270   ;               mov             DPP0,#pag(_ustk)
                   271   ;_bl_us1
                   272   ;               sub             r12,#01h
                   273   ;               jmpr    cc_M,_bl_us2
                   274   ;               movb    rl1,[R12-#1]
                   275   ;               jmpr    cc_NZ,_bl_us1
                   276   ;_bl_us2:
                   277   ;               mov             r4,r12
                   278   ;               rets
                   279   
                   280   __CSTART_MY     ENDS
                   281   
                   282           REGDEF  R0-R15
                   283   
                   284   END

total errors: 0, warnings: 0

