C166/ST10 linker/locator v7.5 r2        SN00123412-183 (c) 2001 TASKING, Inc.           Date: Apr  6 2006  Time: 11:55:47  Page:   1
ted

Memory map     : 

Name                        No. Start      End        Length  Type Algn Comb Mem T Group           Class             Module        
------------------------------------------------------------------------------------------------------------------------------------
Reserved................... ... 000200h    000FFFh    000E00h .... .... .... ... ................. ................. ..............
Extended SFR Area.......... ... 00F000h    00F1FFh    000200h .... .... .... RAM ................. ................. ..............
Reserved................... ... 00F200h    00F5FFh    000400h .... .... .... ... ................. ................. ..............
System Stack............... ... 00FA00h    00FBFFh    000200h .... .... .... RAM ................. ................. ..............
Reserved................... ... 00FCC0h    00FCDFh    000020h .... .... .... ... ................. ................. ..............
Reserved................... ... 00FD00h    00FD4Bh    00004Ch .... .... .... ... ................. ................. ..............
SFR Area................... ... 00FE00h    00FFFFh    000200h .... .... .... RAM ................. ................. ..............
sss_066....................  68 0365DCh    .......    000000h DATA WORD AT.. RAM ................. ................. XCSTART.......
sss_065....................  67 0365DEh    .......    000000h DATA WORD AT.. RAM ................. ................. XCSTART.......
sss_067....................  69 0365E0h    .......    000000h DATA WORD AT.. RAM ................. ................. XCSTART.......
sss_068....................  70 0365E2h    .......    000000h DATA WORD AT.. RAM ................. ................. XCSTART.......
sss_069....................  71 0365E4h    .......    000000h DATA WORD AT.. RAM ................. ................. XCSTART.......
sss_070....................  72 039D84h    .......    000000h DATA WORD AT.. RAM ................. ................. XCSTART.......
sss_071....................  73 039D86h    .......    000000h DATA WORD AT.. RAM ................. ................. XCSTART.......
sss_074....................  76 039D8Ch    .......    000000h DATA WORD AT.. RAM ................. ................. XCSTART.......
sss_050....................  52 039DCEh    .......    000000h DATA WORD AT.. RAM ................. ................. XCSTART.......
sss_048....................  50 03AF96h    .......    000000h DATA WORD AT.. RAM ................. ................. XCSTART.......
sss_047....................  49 03AF9Ch    .......    000000h DATA WORD AT.. RAM ................. ................. XCSTART.......
sss_049....................  51 03B1DCh    .......    000000h DATA WORD AT.. RAM ................. ................. XCSTART.......
sss_045....................  47 03B9B4h    03B9B4h    000001h DATA WORD AT.. RAM ................. ................. XCSTART.......
sss_046....................  48 03B9B6h    .......    000000h DATA WORD AT.. RAM ................. ................. XCSTART.......
__binfile_sss..............  46 080000h    .......    000000h CODE WORD AT.. ROM ................. ................. XCSTART.......
__CSTART_MY................ 110 080000h    08009Fh    0000A0h CODE WORD GLOB ROM ................. CMYINIT.......... XCSTART.......
MAIN_1_FB.................. 111 0800A0h    0800D7h    000038h DATA WORD GLOB RAM ................. CFAR............. MAIN_C........
MAIN_2_PR.................. 112 0800D8h    083197h    0030C0h CODE WORD GLOB ROM ................. CPROGRAM......... MAIN_C........
MAIN_3_FC.................. 113 083198h    083C6Fh    000AD8h DATA WORD GLOB ROM ................. CFARROM.......... MAIN_C........
MAIN_7_CO.................. 117 083C70h    083EF2h    000283h DATA WORD GLOB ROM ................. CROM............. MAIN_C........
CONVERT_SIMPLE_1_PR........ 118 083EF4h    083FE3h    0000F0h CODE WORD GLOB ROM ................. CPROGRAM......... CONVERT_SIMPLE
                                                                                                                     _C............
CONVERT_FORMAT_1_FC........ 119 084000h    08411Fh    000120h DATA WORD GLOB ROM ................. CFARROM.......... CONVERT_FORMAT
                                                                                                                     _C............
CONVERT_FORMAT_2_PR........ 120 084120h    08476Bh    00064Ch CODE WORD GLOB ROM ................. CPROGRAM......... CONVERT_FORMAT
                                                                                                                     _C............
SAVER_2_PR................. 122 08476Ch    08497Dh    000212h CODE WORD GLOB ROM ................. CPROGRAM......... SAVER_C.......
LINEWORK_1_PR.............. 123 08497Eh    084A69h    0000ECh CODE WORD GLOB ROM ................. CPROGRAM......... LINEWORK_C....
MAIN_4_FB.................. 114 088000h    08BFFFh    004000h DATA WORD GLOB RAM ................. CFAR1............ MAIN_C........
MAIN_5_FB.................. 115 08C000h    08FFFFh    004000h DATA WORD GLOB RAM ................. CFAR1............ MAIN_C........
MAIN_6_FB.................. 116 090000h    09114Fh    001150h DATA WORD GLOB RAM ................. CFAR1............ MAIN_C........
SAVER_1_FB................. 121 094000h    097FFFh    004000h DATA WORD GLOB RAM ................. CFAR_SAV......... SAVER_C.......
sss_073....................  75 0C9B3Ah    .......    000000h DATA WORD AT.. RAM ................. ................. XCSTART.......
sss_072....................  74 0C9B96h    .......    000000h DATA WORD AT.. RAM ................. ................. XCSTART.......
sss_075....................  77 A2C7FCh    .......    000000h CODE WORD AT.. ROM ................. ................. XCSTART.......
sss_004....................   4 A34092h    .......    000000h CODE WORD AT.. ROM ................. ................. XCSTART.......
sss_036....................  36 A4884Eh    .......    000000h CODE WORD AT.. ROM ................. ................. XCSTART.......
sss_040....................  40 AABF1Ah    .......    000000h CODE WORD AT.. ROM ................. ................. XCSTART.......
sss_005....................   5 C0AF24h    .......    000000h CODE WORD AT.. ROM ................. ................. XCSTART.......
sss_079....................  81 C0C866h    .......    000000h CODE WORD AT.. ROM ................. ................. XCSTART.......
sss_012....................  12 C0E5D0h    .......    000000h CODE WORD AT.. ROM ................. ................. XCSTART.......
sss_078....................  80 C1400Ah    .......    000000h CODE WORD AT.. ROM ................. ................. XCSTART.......
sss_081....................  83 C14A4Ch    .......    000000h CODE WORD AT.. ROM ................. ................. XCSTART.......
sss_080....................  82 C14B14h    .......    000000h CODE WORD AT.. ROM ................. ................. XCSTART.......
sss_020....................  20 C1978Eh    .......    000000h CODE WORD AT.. ROM ................. ................. XCSTART.......
sss_021....................  21 C19798h    .......    000000h CODE WORD AT.. ROM ................. ................. XCSTART.......
C166/ST10 linker/locator v7.5 r2        SN00123412-183 (c) 2001 TASKING, Inc.           Date: Apr  6 2006  Time: 11:55:47  Page:   2
ted

sss_051....................  53 C1A214h    .......    000000h CODE WORD AT.. ROM ................. ................. XCSTART.......
sss_052....................  54 C1A572h    .......    000000h CODE WORD AT.. ROM ................. ................. XCSTART.......
sss_024....................  24 C1AA30h    .......    000000h CODE WORD AT.. ROM ................. ................. XCSTART.......
sss_053....................  55 C1BCD8h    .......    000000h CODE WORD AT.. ROM ................. ................. XCSTART.......
sss_054....................  56 C1BE78h    .......    000000h CODE WORD AT.. ROM ................. ................. XCSTART.......
sss_018....................  18 C1C6DAh    .......    000000h CODE WORD AT.. ROM ................. ................. XCSTART.......
sss_017....................  17 C1CA86h    .......    000000h CODE WORD AT.. ROM ................. ................. XCSTART.......
sss_023....................  23 C22F3Eh    .......    000000h CODE WORD AT.. ROM ................. ................. XCSTART.......
sss_022....................  22 C22F92h    .......    000000h CODE WORD AT.. ROM ................. ................. XCSTART.......
sss_041....................  41 C78388h    .......    000000h CODE WORD AT.. ROM ................. ................. XCSTART.......
sss_039....................  39 C783B4h    .......    000000h CODE WORD AT.. ROM ................. ................. XCSTART.......
sss_042....................  42 C783DCh    .......    000000h CODE WORD AT.. ROM ................. ................. XCSTART.......
sss_038....................  38 C78416h    .......    000000h CODE WORD AT.. ROM ................. ................. XCSTART.......
sss_044....................  44 C784EEh    .......    000000h CODE WORD AT.. ROM ................. ................. XCSTART.......
sss_043....................  43 C78516h    .......    000000h CODE WORD AT.. ROM ................. ................. XCSTART.......
sss_037....................  37 C78536h    .......    000000h CODE WORD AT.. ROM ................. ................. XCSTART.......
sss_104.................... 106 C7EE88h    .......    000000h CODE WORD AT.. ROM ................. ................. XCSTART.......
sss_000....................   0 C7EE8Eh    .......    000000h CODE WORD AT.. ROM ................. ................. XCSTART.......
sss_001....................   1 C7EFCCh    .......    000000h CODE WORD AT.. ROM ................. ................. XCSTART.......
sss_002....................   2 C7F03Eh    .......    000000h CODE WORD AT.. ROM ................. ................. XCSTART.......
sss_076....................  78 CF3094h    .......    000000h CODE WORD AT.. ROM ................. ................. XCSTART.......
sss_016....................  16 D60260h    .......    000000h CODE WORD AT.. ROM ................. ................. XCSTART.......
sss_013....................  13 D6026Ch    .......    000000h CODE WORD AT.. ROM ................. ................. XCSTART.......
sss_006....................   6 D60340h    .......    000000h CODE WORD AT.. ROM ................. ................. XCSTART.......
sss_007....................   7 D63120h    .......    000000h CODE WORD AT.. ROM ................. ................. XCSTART.......
sss_105.................... 107 D64ADEh    .......    000000h CODE WORD AT.. ROM ................. ................. XCSTART.......
sss_011....................  11 D6A358h    .......    000000h CODE WORD AT.. ROM ................. ................. XCSTART.......
sss_019....................  19 D6A45Ch    .......    000000h CODE WORD AT.. ROM ................. ................. XCSTART.......
sss_057....................  59 D7D374h    .......    000000h CODE WORD AT.. ROM ................. ................. XCSTART.......
sss_058....................  60 D7D3B0h    .......    000000h CODE WORD AT.. ROM ................. ................. XCSTART.......
sss_055....................  57 D8F55Ah    .......    000000h CODE WORD AT.. ROM ................. ................. XCSTART.......
sss_056....................  58 D8F596h    .......    000000h CODE WORD AT.. ROM ................. ................. XCSTART.......
sss_029....................  29 DFA73Eh    .......    000000h CODE WORD AT.. ROM ................. ................. XCSTART.......
sss_030....................  30 DFABAEh    .......    000000h CODE WORD AT.. ROM ................. ................. XCSTART.......
sss_031....................  31 DFB0FEh    .......    000000h CODE WORD AT.. ROM ................. ................. XCSTART.......
sss_033....................  33 DFB868h    .......    000000h CODE WORD AT.. ROM ................. ................. XCSTART.......
sss_032....................  32 DFC570h    .......    000000h CODE WORD AT.. ROM ................. ................. XCSTART.......
sss_034....................  34 DFE5D0h    .......    000000h CODE WORD AT.. ROM ................. ................. XCSTART.......
_FAM3_sig_sss..............  45 E47FFCh    .......    000000h CODE WORD AT.. ROM ................. ................. XCSTART.......
sss_035....................  35 E47FFCh    .......    000000h CODE WORD AT.. ROM ................. ................. XCSTART.......
sss_025....................  25 E49486h    .......    000000h CODE WORD AT.. ROM ................. ................. XCSTART.......
sss_026....................  26 E4952Eh    .......    000000h CODE WORD AT.. ROM ................. ................. XCSTART.......
sss_028....................  28 E49672h    .......    000000h CODE WORD AT.. ROM ................. ................. XCSTART.......
sss_027....................  27 E497E0h    .......    000000h CODE WORD AT.. ROM ................. ................. XCSTART.......
sss_094....................  96 E654F8h    .......    000000h CODE WORD AT.. ROM ................. ................. XCSTART.......
sss_084....................  86 E6599Ch    .......    000000h CODE WORD AT.. ROM ................. ................. XCSTART.......
sss_083....................  85 E65B5Eh    .......    000000h CODE WORD AT.. ROM ................. ................. XCSTART.......
sss_088....................  90 E65FECh    .......    000000h CODE WORD AT.. ROM ................. ................. XCSTART.......
sss_061....................  63 E6EC90h    .......    000000h CODE WORD AT.. ROM ................. ................. XCSTART.......
sss_082....................  84 E6F138h    .......    000000h CODE WORD AT.. ROM ................. ................. XCSTART.......
sss_060....................  62 E6F64Eh    .......    000000h CODE WORD AT.. ROM ................. ................. XCSTART.......
sss_102.................... 104 E70774h    .......    000000h CODE WORD AT.. ROM ................. ................. XCSTART.......
sss_101.................... 103 E70BACh    .......    000000h CODE WORD AT.. ROM ................. ................. XCSTART.......
sss_107.................... 109 E70DB4h    .......    000000h CODE WORD AT.. ROM ................. ................. XCSTART.......
sss_063....................  65 E74A24h    .......    000000h CODE WORD AT.. ROM ................. ................. XCSTART.......
sss_062....................  64 E76048h    .......    000000h CODE WORD AT.. ROM ................. ................. XCSTART.......
sss_064....................  66 E761AEh    .......    000000h CODE WORD AT.. ROM ................. ................. XCSTART.......
C166/ST10 linker/locator v7.5 r2        SN00123412-183 (c) 2001 TASKING, Inc.           Date: Apr  6 2006  Time: 11:55:47  Page:   3
ted

sss_010....................  10 EE10DEh    .......    000000h CODE WORD AT.. ROM ................. ................. XCSTART.......
sss_008....................   8 EE1112h    .......    000000h CODE WORD AT.. ROM ................. ................. XCSTART.......
sss_009....................   9 EE13D0h    .......    000000h CODE WORD AT.. ROM ................. ................. XCSTART.......
sss_003....................   3 EE1CACh    .......    000000h CODE WORD AT.. ROM ................. ................. XCSTART.......
sss_097....................  99 F063C6h    .......    000000h CODE WORD AT.. ROM ................. ................. XCSTART.......
sss_099.................... 101 F0644Ch    .......    000000h CODE WORD AT.. ROM ................. ................. XCSTART.......
sss_098.................... 100 F0649Ah    .......    000000h CODE WORD AT.. ROM ................. ................. XCSTART.......
sss_100.................... 102 F07490h    .......    000000h CODE WORD AT.. ROM ................. ................. XCSTART.......
sss_085....................  87 F0797Eh    .......    000000h CODE WORD AT.. ROM ................. ................. XCSTART.......
sss_103.................... 105 F07A66h    .......    000000h CODE WORD AT.. ROM ................. ................. XCSTART.......
sss_015....................  15 F07EC0h    .......    000000h CODE WORD AT.. ROM ................. ................. XCSTART.......
sss_014....................  14 F07FACh    .......    000000h CODE WORD AT.. ROM ................. ................. XCSTART.......
sss_059....................  61 F08350h    .......    000000h CODE WORD AT.. ROM ................. ................. XCSTART.......
sss_086....................  88 F0A234h    .......    000000h CODE WORD AT.. ROM ................. ................. XCSTART.......
sss_096....................  98 F19AA8h    .......    000000h CODE WORD AT.. ROM ................. ................. XCSTART.......
sss_106.................... 108 F19E90h    .......    000000h CODE WORD AT.. ROM ................. ................. XCSTART.......
sss_077....................  79 F19EA0h    .......    000000h CODE WORD AT.. ROM ................. ................. XCSTART.......
sss_089....................  91 F1B2CCh    .......    000000h CODE WORD AT.. ROM ................. ................. XCSTART.......
sss_092....................  94 F1B340h    .......    000000h CODE WORD AT.. ROM ................. ................. XCSTART.......
sss_087....................  89 F1B454h    .......    000000h CODE WORD AT.. ROM ................. ................. XCSTART.......
sss_091....................  93 F1B546h    .......    000000h CODE WORD AT.. ROM ................. ................. XCSTART.......
sss_090....................  92 F1B5D0h    .......    000000h CODE WORD AT.. ROM ................. ................. XCSTART.......
sss_093....................  95 F1B860h    .......    000000h CODE WORD AT.. ROM ................. ................. XCSTART.......
sss_095....................  97 F1B8B6h    .......    000000h CODE WORD AT.. ROM ................. ................. XCSTART.......


Symbol table   : sl45func.obj(XCSTART)

Symbol                                     No. Value     Type       Symbol                                     No. Value     Type   
----------------------------------------------------------------    ----------------------------------------------------------------
 <NO NAME>................................ ... 0000000h  REG LOC    _AcquireGbsLock...........................  20 0C1978Eh  FAR GLB
_AddCharToWSTR............................  92 0F1B5D0h  FAR GLB    _AddInputToWSTR........................... 102 0F07490h  FAR GLB
_AllHeapsPointers.........................  52 0039DCEh  WOR GLB    _AllocWSTR................................  94 0F1B340h  FAR GLB
_AsciizToWSTR.............................  97 0F1B8B6h  FAR GLB    _CELL6_PNT................................  74 00C9B96h  WOR GLB
_CURCELL_PNT..............................  75 00C9B3Ah  WOR GLB    _ClearInputData...........................  99 0F063C6h  FAR GLB
_ClearWideString..........................  91 0F1B2CCh  FAR GLB    _CloseDialogWithSoftKeys..................   9 0EE13D0h  FAR GLB
_ConcatWSTR...............................  89 0F1B454h  FAR GLB    _ConvLangSTRToWS_HDR......................  90 0E65FECh  FAR GLB
_CreateDialogWithSoftKeys.................   8 0EE1112h  FAR GLB    _CreateInputTextDialog.................... 107 0D64ADEh  FAR GLB
_CreateMenu02.............................  63 0E6EC90h  FAR GLB    _CutWSTR..................................  95 0F1B860h  FAR GLB
_DisableTimer.............................  16 0D60260h  FAR GLB    _DisableTimerX............................  18 0C1C6DAh  FAR GLB
_DisplayMessageBoxV.......................  84 0E6F138h  FAR GLB    _DoEscape.................................  62 0E6F64Eh  FAR GLB
_DrawObject...............................  80 0C1400Ah  FAR GLB    _DrawString...............................  11 0D6A358h  FAR GLB
_EX_heap_free_with_lock...................  60 0D7D3B0h  FAR GLB    _EX_heap_malloc_with_lock.................  59 0D7D374h  FAR GLB
_FAM3_sig.................................  45 0E47FFCh  WOR GLB    _FarMemAlloc..............................  53 0C1A214h  FAR GLB
_FarMemFree...............................  54 0C1A572h  FAR GLB    _FileClose................................  32 0DFC570h  FAR GLB
_FileErase................................  34 0DFE5D0h  FAR GLB    _FileOpen.................................  29 0DFA73Eh  FAR GLB
_FileRead.................................  30 0DFABAEh  FAR GLB    _FileSeek.................................  33 0DFB868h  FAR GLB
_FileWrite................................  31 0DFB0FEh  FAR GLB    _FilesysICall.............................  35 0E47FFCh  FAR GLB
_FilesysICall_FP..........................  35 0E47FFCh  FAR GLB    _FilesysICall_I...........................  35 0E47FFCh  FAR GLB
_FilesysICall_L...........................  35 0E47FFCh  FAR GLB    _FilesysICall_UI..........................  35 0E47FFCh  FAR GLB
_FilesysICall_UL..........................  35 0E47FFCh  FAR GLB    _FillRect.................................  12 0C0E5D0h  FAR GLB
_FindSUBSTRinESTR.........................  87 0F0797Eh  FAR GLB    _Find_Pointer0A_ItemInMenuITEMSQ_by_ID....  88 0F0A234h  FAR GLB
_FreeGbsLock..............................  21 0C19798h  FAR GLB    _GBSS_po_close............................  27 0E497E0h  FAR GLB
_GBSS_po_open.............................  25 0E49486h  FAR GLB    _GBSS_po_read.............................  26 0E4952Eh  FAR GLB
_GBSS_po_write............................  28 0E49672h  FAR GLB    _GbsLock_ifNZ.............................  49 003AF9Ch  WOR GLB
_GbsLock_ifZ..............................  50 003AF96h  WOR GLB    _GeneralFunc..............................  61 0F08350h  FAR GLB
_GetBotDialogWSK_ID.......................  10 0EE10DEh  FAR GLB    _GetCurrentMenuItem.......................  66 0E761AEh  FAR GLB
C166/ST10 linker/locator v7.5 r2        SN00123412-183 (c) 2001 TASKING, Inc.           Date: Apr  6 2006  Time: 11:55:47  Page:   4
ted

_GetDataPointer_ITEM04.................... 104 0E70774h  FAR GLB    _GetKeyLockState1.........................   4 0A34092h  FAR GLB
_GetRXLVL_by_CH...........................  78 0CF3094h  FAR GLB    _GetStringByID............................  96 0E654F8h  FAR GLB
_HeapFree.................................  56 0C1BE78h  FAR GLB    _HeapMalloc...............................  55 0C1BCD8h  FAR GLB
_InsertCharToWSTR.........................  93 0F1B546h  FAR GLB    _InvalidateScreenRect.....................  81 0C0C866h  FAR GLB
_MMIHeapFree..............................  58 0D8F596h  FAR GLB    _MMIMalloc................................  57 0D8F55Ah  FAR GLB
_NETMON7_TAB..............................  76 0039D8Ch  WOR GLB    _NETMON_CI................................  73 0039D86h  WOR GLB
_NETMON_LAC...............................  72 0039D84h  WOR GLB    _OnTimer..................................  13 0D6026Ch  FAR GLB
_OnTimer1.................................  14 0F07FACh  FAR GLB    _OnTimer2.................................  15 0F07EC0h  FAR GLB
_PidAct...................................  51 003B1DCh  WOR GLB    _PrepDrawObj_type01.......................  83 0C14A4Ch  FAR GLB
_PrepDrawObj_type02.......................  82 0C14B14h  FAR GLB    _ReadEEPROMData...........................  23 0C22F3Eh  FAR GLB
_RefreshMenuItem..........................  65 0E74A24h  FAR GLB    _ResetStringID............................  85 0E65B5Eh  FAR GLB
_STRtoWSTRP...............................  79 0F19EA0h  FAR GLB    _SendMessage..............................  24 0C1AA30h  FAR GLB
_SetBAND..................................  77 0A2C7FCh  FAR GLB    _SetInputData............................. 100 0F0649Ah  FAR GLB
_SetInputType............................. 101 0F0644Ch  FAR GLB    _SetMenuItemIcon..........................  64 0E76048h  FAR GLB
_SetSoftKeyID............................. 109 0E70DB4h  FAR GLB    _StartTimer2..............................  17 0C1CA86h  FAR GLB
_StoreTextAsAStringID.....................  86 0E6599Ch  FAR GLB    _WSTR_Len.................................  98 0F19AA8h  FAR GLB
_WString_GetChar.......................... 108 0F19E90h  FAR GLB    _WriteEEPROMData..........................  22 0C22F92h  FAR GLB
__CSTART.................................. 110 0080000h  FAR GLB    __binfile.................................  46 0080000h  WOR GLB
__day.....................................  69 00365E0h  WOR GLB    __hour....................................  67 00365DEh  WOR GLB
__icall................................... 106 0C7EE88h  FAR GLB    __minute..................................  68 00365DCh  WOR GLB
__month...................................  70 00365E2h  WOR GLB    __mul.....................................   0 0C7EE8Eh  FAR GLB
__udil....................................   1 0C7EFCCh  FAR GLB    __umol....................................   2 0C7F03Eh  FAR GLB
__year....................................  71 00365E4h  WOR GLB    _doBack0A.................................   7 0D63120h  FAR GLB
_doIDLE...................................   3 0EE1CACh  FAR GLB    _drawImage................................  19 0D6A45Ch  FAR GLB
_keybQueneBuf.............................  48 003B9B6h  BYT GLB    _keybQueneIdx.............................  47 003B9B5h  BYT GLB
_memcmp...................................  41 0C78388h  FAR GLB    _memcpy...................................  39 0C783B4h  FAR GLB
_memcpyW..................................  40 0AABF1Ah  FAR GLB    _memmove..................................  42 0C783DCh  FAR GLB
_memset...................................  38 0C78416h  FAR GLB    _pShowDialog..............................   6 0D60340h  FAR GLB
_setExtSIDTable........................... 110 0080098h  FAR GLB    _strcmp...................................  44 0C784EEh  FAR GLB
_strcpy...................................  43 0C78516h  FAR GLB    _strlen...................................  37 0C78536h  FAR GLB
_sub_E70BAC............................... 103 0E70BACh  FAR GLB    _sub_F07A66............................... 105 0F07A66h  FAR GLB
_turnLightON..............................   5 0C0AF24h  FAR GLB    _xmain.................................... 112 00830CEh  FAR EXT
_xsprintf.................................  36 0A4884Eh  FAR GLB    


Symbol table   : main.obj(MAIN_C)

Symbol                                     No. Value     Type       Symbol                                     No. Value     Type   
----------------------------------------------------------------    ----------------------------------------------------------------
 <NO NAME>................................ ... 0000000h  REG LOC    _AddCharToWSTR............................  92 0F1B5D0h  FAR EXT
_AddInputToWSTR........................... 102 0F07490h  FAR EXT    _AllocWSTR................................  94 0F1B340h  FAR EXT
_AsciizToWSTR.............................  97 0F1B8B6h  FAR EXT    _CSM...................................... 111 00800D2h  WOR GLB
_CheckDiskAccess.......................... 112 0080976h  FAR GLB    _ClearInputData...........................  99 0F063C6h  FAR EXT
_ClearWideString..........................  91 0F1B2CCh  FAR EXT    _CloseDialogWithSoftKeys..................   9 0EE13D0h  FAR EXT
_ConvertFormat............................ 120 0084190h  FAR EXT    _ConvertSimple............................ 118 0083EF4h  FAR EXT
_CreateDialogWithSoftKeys.................   8 0EE1112h  FAR EXT    _CreateEditDialog......................... 112 0081BB2h  FAR GLB
_CreateInputTextDialog.................... 107 0D64ADEh  FAR EXT    _CreateMenu02.............................  63 0E6EC90h  FAR EXT
_CreateSaveAsDialog....................... 112 008222Eh  FAR GLB    _CutWSTR..................................  95 0F1B860h  FAR EXT
_DisplayMessageBoxV.......................  84 0E6F138h  FAR EXT    _DoDiskAccess............................. 112 0080686h  FAR GLB
_DrawChar................................. 112 0080208h  FAR GLB    _DrawInfo................................. 112 0080FC4h  FAR GLB
_DrawLoadMenu............................. 112 0082574h  FAR GLB    _DrawScreen............................... 112 0081072h  FAR GLB
_DrawSoftMenu............................. 112 0082AF2h  FAR GLB    _DrawString...............................  11 0D6A358h  FAR EXT
_EX_heap_free_with_lock...................  60 0D7D3B0h  FAR EXT    _EX_heap_malloc_with_lock.................  59 0D7D374h  FAR EXT
_EraseSnapShoot........................... 112 0082FFAh  FAR GLB    _FL_loader................................ 112 0082BF8h  FAR GLB
_FL_saver................................. 112 0082C82h  FAR GLB    _FileClose................................  32 0DFC570h  FAR EXT
_FileErase................................  34 0DFE5D0h  FAR EXT    _FileOpen.................................  29 0DFA73Eh  FAR EXT
_FileRead.................................  30 0DFABAEh  FAR EXT    _FileSeek.................................  33 0DFB868h  FAR EXT
C166/ST10 linker/locator v7.5 r2        SN00123412-183 (c) 2001 TASKING, Inc.           Date: Apr  6 2006  Time: 11:55:47  Page:   5
ted

_FileWrite................................  31 0DFB0FEh  FAR EXT    _FilesysICall.............................  35 0E47FFCh  FAR EXT
_FilesysICall_FP..........................  35 0E47FFCh  FAR EXT    _FilesysICall_I...........................  35 0E47FFCh  FAR EXT
_FilesysICall_UI..........................  35 0E47FFCh  FAR EXT    _FillRect.................................  12 0C0E5D0h  FAR EXT
_FindFreeBlock............................ 112 0080662h  FAR GLB    _Find_Pointer0A_ItemInMenuITEMSQ_by_ID....  88 0F0A234h  FAR EXT
_FirstLoadFile............................ 112 0082D12h  FAR GLB    _GeneralFunc..............................  61 0F08350h  FAR EXT
_GetDataPointer_ITEM04.................... 104 0E70774h  FAR EXT    _GotoLine................................. 112 0080C32h  FAR GLB
_HISTORY.................................. 116 0090C80h  WOR GLB    _InDigitStrProcess........................ 112 00825C8h  FAR GLB
_IsFocus.................................. 112 0081632h  FAR GLB    _LineDw................................... 112 0080D82h  FAR GLB
_LineUp................................... 112 0080D42h  FAR GLB    _LoadSnapShoot............................ 112 0083006h  FAR GLB
_MMIMalloc................................  57 0D8F55Ah  FAR EXT    _OnTimer1.................................  14 0F07FACh  FAR EXT
_OnTimer2.................................  15 0F07EC0h  FAR EXT    _PageDw................................... 112 0080E42h  FAR GLB
_PageUp................................... 112 0080DC6h  FAR GLB    _SaveHistory.............................. 112 0080A56h  FAR GLB
_SearchHistory............................ 112 00809F0h  FAR GLB    _SendMessage..............................  24 0C1AA30h  FAR EXT
_SetInputData............................. 100 0F0649Ah  FAR EXT    _SetInputType............................. 101 0F0644Ch  FAR EXT
_SetMenuItemIcon..........................  64 0E76048h  FAR EXT    _SetSoftKeyID............................. 109 0E70DB4h  FAR EXT
_ToBOL.................................... 112 0080EC6h  FAR GLB    _ToEOL.................................... 112 0080E74h  FAR GLB
_WSTR_Len.................................  98 0F19AA8h  FAR EXT    _WString_GetChar.......................... 108 0F19E90h  FAR EXT
_WordLeft................................. 112 0080ED6h  FAR GLB    _WordRight................................ 112 0080F4Ah  FAR GLB
__day.....................................  69 00365E0h  WOR EXT    __hour....................................  67 00365DEh  WOR EXT
__minute..................................  68 00365DCh  WOR EXT    __month...................................  70 00365E2h  WOR EXT
__mul.....................................   0 0C7EE8Eh  FAR EXT    __udil....................................   1 0C7EFCCh  FAR EXT
__umol....................................   2 0C7F03Eh  FAR EXT    __year....................................  71 00365E4h  WOR EXT
_add_to_clip.............................. 112 0081CC4h  FAR GLB    _bfree.................................... 116 0090200h  BYT GLB
_bl_ds.................................... 123 0084994h  FAR EXT    _bl_us.................................... 123 008497Eh  FAR EXT
_bookm_menu............................... 112 0082AA2h  FAR GLB    _char16to8................................ 112 00801A6h  FAR GLB
_char8to16................................ 112 0080154h  FAR GLB    _clearclipb............................... 112 0081988h  FAR GLB
_clip_pasted.............................. 111 00800AAh  WOR GLB    _clipfile................................. 113 00831D6h  BYT GLB
_curline.................................. 111 00800C2h  WOR GLB    _curpos................................... 111 00800C6h  WOR GLB
_cursor_cnt............................... 111 00800B5h  BYT GLB    _cursor_off............................... 111 00800B8h  BYT GLB
_d_disk................................... 111 00800AEh  WOR GLB    _dbat..................................... 116 0090000h  BYT GLB
_delline.................................. 112 0081790h  FAR GLB    _dia_id................................... 111 00800A2h  WOR GLB
_disable_exit............................. 111 00800B6h  BYT GLB    _disk_access.............................. 111 00800B4h  BYT GLB
_doBack0A.................................   7 0D63120h  FAR EXT    _doCurLeft................................ 112 00816C6h  FAR GLB
_doCurRight............................... 112 0081668h  FAR GLB    _dos2unicode.............................. 113 008341Eh  WOR GLB
_drawFrmStkStr............................ 112 00804B8h  FAR GLB    _drawImage................................  19 0D6A45Ch  FAR EXT
_drawStkStr............................... 112 0080418h  FAR GLB    _draw_mode................................ 111 00800A8h  BYT GLB
_dsp...................................... 111 00800B2h  WOR GLB    _dstk..................................... 115 008C000h  BYT GLB
_e_OnKey.................................. 112 0081B38h  FAR GLB    _e_OnKey2................................. 112 0081996h  FAR GLB
_e_OnKey3................................. 112 0081BB0h  FAR GLB    _e_redraw................................. 112 0081A32h  FAR GLB
_editline................................. 116 0090B00h  BYT GLB    _editmode................................. 111 00800A4h  WOR GLB
_eolsymb.................................. 111 00800D4h  WOR GLB    _estr_methods............................. 116 0090D1Ch  WOR GLB
_filename................................. 116 0090C00h  BYT GLB    _fntfilename.............................. 113 00832D6h  BYT GLB
_font..................................... 116 0090300h  BYT GLB    _font_size................................ 111 00800A9h  BYT GLB
_gl_num................................... 111 00800D6h  WOR GLB    _gl_onclose............................... 112 0082908h  FAR GLB
_gl_oncreate.............................. 112 00826FAh  FAR GLB    _gl_onkey................................. 112 0082744h  FAR GLB
_goto_book1............................... 112 0082984h  FAR GLB    _goto_book2............................... 112 0082996h  FAR GLB
_goto_book3............................... 112 00829A8h  FAR GLB    _goto_book4............................... 112 00829BAh  FAR GLB
_goto_bot................................. 112 00828FCh  FAR GLB    _goto_l................................... 112 00828D0h  FAR GLB
_goto_last_saved.......................... 112 0082972h  FAR GLB    _goto_line................................ 112 008290Ah  FAR GLB
_goto_menu................................ 112 00829CCh  FAR GLB    _goto_percent............................. 112 008293Eh  FAR GLB
_goto_top................................. 112 00828F4h  FAR GLB    _historyfile.............................. 113 0083296h  BYT GLB
_insdate.................................. 112 0081916h  FAR GLB    _insline.................................. 112 0081766h  FAR GLB
_instime.................................. 112 00818BCh  FAR GLB    _joinlines................................ 112 0081872h  FAR GLB
_koi8translation.......................... 113 008339Eh  BYT GLB    _load_direct.............................. 112 0082428h  FAR GLB
_load_eolspc.............................. 112 008247Ch  FAR GLB    _load_format.............................. 112 0082452h  FAR GLB
_load_pad................................. 112 00824A8h  FAR GLB    _load_save................................ 112 008256Ah  FAR GLB
_load_setfont4............................ 112 0082416h  FAR GLB    _load_setfont6............................ 112 008241Ch  FAR GLB
C166/ST10 linker/locator v7.5 r2        SN00123412-183 (c) 2001 TASKING, Inc.           Date: Apr  6 2006  Time: 11:55:47  Page:   6
ted

_load_setfont8............................ 112 0082422h  FAR GLB    _loadfont................................. 112 0082320h  FAR GLB
_loadmenu_ITEMPROC........................ 112 00824BEh  FAR GLB    _max_x.................................... 111 00800D0h  WOR GLB
_max_y.................................... 111 00800CEh  WOR GLB    _md_onClose............................... 112 008013Ah  FAR GLB
_md_onCreate.............................. 112 00800E4h  FAR GLB    _md_onKey................................. 112 0081D2Eh  FAR GLB
_memcpy...................................  39 0C783B4h  FAR EXT    _memset...................................  38 0C78416h  FAR EXT
_move_dw.................................. 123 0084A22h  FAR EXT    _move_up.................................. 123 00849AAh  FAR EXT
_my_atoi.................................. 112 00826C6h  FAR GLB    _myscr.................................... 116 0090D40h  BYT GLB
_pShowDialog..............................   6 0D60340h  FAR EXT    _paste.................................... 112 008197Ah  FAR GLB
_savetext................................. 122 008476Ch  FAR EXT    _sd_oncreate.............................. 112 00800D8h  FAR GLB
_sd_onexit1............................... 112 00800E0h  FAR GLB    _sd_onexit2............................... 112 00800E2h  FAR GLB
_sd_oninit................................ 112 00800DEh  FAR GLB    _sd_onkey................................. 112 00800DCh  FAR GLB
_search_menu.............................. 112 0082AF0h  FAR GLB    _seek_to_line............................. 111 00800BAh  WOR GLB
_setExtSIDTable........................... 110 0080098h  FAR EXT    _set_book1................................ 112 0082A1Ah  FAR GLB
_set_book2................................ 112 0082A3Ch  FAR GLB    _set_book3................................ 112 0082A5Eh  FAR GLB
_set_book4................................ 112 0082A80h  FAR GLB    _setfont.................................. 112 00823D0h  FAR GLB
_sf_OnKey................................. 112 0082188h  FAR GLB    _snapshootfile............................ 113 0083256h  BYT GLB
_splitline................................ 112 00817BCh  FAR GLB    _stk_fhandle.............................. 111 00800A6h  WOR GLB
_stkfile.................................. 113 0083216h  BYT GLB    _strcmp...................................  44 0C784EEh  FAR EXT
_strcpy...................................  43 0C78516h  FAR EXT    _strlen...................................  37 0C78536h  FAR EXT
_sub_E70BAC............................... 103 0E70BACh  FAR EXT    _terminated............................... 111 00800A0h  WOR GLB
_total_line............................... 111 00800BEh  WOR GLB    _u_disk................................... 111 00800ACh  WOR GLB
_ubat..................................... 116 0090100h  BYT GLB    _unicode2char............................. 113 008351Eh  WOR GLB
_usp...................................... 111 00800B0h  WOR GLB    _ustk..................................... 114 0088000h  BYT GLB
_viewline................................. 111 00800C8h  WOR GLB    _viewpos.................................. 111 00800CCh  WOR GLB
_win_dos_koi.............................. 111 00800B7h  BYT GLB    _wintranslation........................... 113 008331Eh  BYT GLB
_xmain.................................... 112 00830CEh  FAR GLB    _xsprintf.................................  36 0A4884Eh  FAR EXT



Symbol table   : convert_simple.obj(CONVERT_SIMPLE_C)

Symbol                                     No. Value     Type       Symbol                                     No. Value     Type   
----------------------------------------------------------------    ----------------------------------------------------------------
 <NO NAME>................................ ... 0000000h  REG LOC    _ConvertSimple............................ 118 0083EF4h  FAR GLB
_FL_loader................................ 112 0082BF8h  FAR EXT    _FL_saver................................. 112 0082C82h  FAR EXT
_curline.................................. 111 00800C2h  WOR EXT    _dstk..................................... 115 008C000h  BYT EXT
_ustk..................................... 114 0088000h  BYT EXT    


Symbol table   : convert_format.obj(CONVERT_FORMAT_C)

Symbol                                     No. Value     Type       Symbol                                     No. Value     Type   
----------------------------------------------------------------    ----------------------------------------------------------------
 <NO NAME>................................ ... 0000000h  REG LOC    _ConvertFormat............................ 120 0084190h  FAR GLB
_FL_loader................................ 112 0082BF8h  FAR EXT    _FL_saver................................. 112 0082C82h  FAR EXT
_GetCharType_x............................ 120 0084120h  FAR GLB    _alt2num.................................. 120 008450Ch  FAR GLB
_curline.................................. 111 00800C2h  WOR EXT    _def_code................................. 120 0084582h  FAR GLB
_dstk..................................... 115 008C000h  BYT EXT    _koi2num.................................. 120 008451Eh  FAR GLB
_koi8translation.......................... 113 008339Eh  BYT EXT    _max_x.................................... 111 00800D0h  WOR EXT
_memmove..................................  42 0C783DCh  FAR EXT    _memset...................................  38 0C78416h  FAR EXT
_ustk..................................... 114 0088000h  BYT EXT    _win_dos_koi.............................. 111 00800B7h  BYT EXT
_wintranslation........................... 113 008331Eh  BYT EXT    _work_2s.................................. 120 008452Eh  FAR GLB



Symbol table   : saver.obj(SAVER_C)

C166/ST10 linker/locator v7.5 r2        SN00123412-183 (c) 2001 TASKING, Inc.           Date: Apr  6 2006  Time: 11:55:47  Page:   7
ted

Symbol                                     No. Value     Type       Symbol                                     No. Value     Type   
----------------------------------------------------------------    ----------------------------------------------------------------
 <NO NAME>................................ ... 0000000h  REG LOC    _FileClose................................  32 0DFC570h  FAR EXT
_FileOpen.................................  29 0DFA73Eh  FAR EXT    _FileRead.................................  30 0DFABAEh  FAR EXT
_FileSeek.................................  33 0DFB868h  FAR EXT    _FileWrite................................  31 0DFB0FEh  FAR EXT
_SendMessage..............................  24 0C1AA30h  FAR EXT    _d_disk................................... 111 00800AEh  WOR EXT
_dbat..................................... 116 0090000h  BYT EXT    _dia_id................................... 111 00800A2h  WOR EXT
_disk_access.............................. 111 00800B4h  BYT EXT    _draw_mode................................ 111 00800A8h  BYT EXT
_dsp...................................... 111 00800B2h  WOR EXT    _dstk..................................... 115 008C000h  BYT EXT
_filename................................. 116 0090C00h  BYT EXT    _ibuf..................................... 121 0094000h  BYT GLB
_obuf..................................... 121 0096000h  BYT GLB    _savetext................................. 122 008476Ch  FAR GLB
_stkfile.................................. 113 0083216h  BYT EXT    _terminated............................... 111 00800A0h  WOR EXT
_u_disk................................... 111 00800ACh  WOR EXT    _ubat..................................... 116 0090100h  BYT EXT
_usp...................................... 111 00800B0h  WOR EXT    _ustk..................................... 114 0088000h  BYT EXT



Symbol table   : linework.obj(LINEWORK_C)

Symbol                                     No. Value     Type       Symbol                                     No. Value     Type   
----------------------------------------------------------------    ----------------------------------------------------------------
 <NO NAME>................................ ... 0000000h  REG LOC    _bl_ds.................................... 123 0084994h  FAR GLB
_bl_us.................................... 123 008497Eh  FAR GLB    _dsp...................................... 111 00800B2h  WOR EXT
_dstk..................................... 115 008C000h  BYT EXT    _move_dw.................................. 123 0084A22h  FAR GLB
_move_up.................................. 123 00849AAh  FAR GLB    _usp...................................... 111 00800B0h  WOR EXT
_ustk..................................... 114 0088000h  BYT EXT    


Error report   : total errors: 0, warnings: 0
