################################################################################
#                                                                              #
#      IAR Universal Linker V4.59Z/386                                         #
#                                                                              #
#           Link time     =  27/Aug/2006  12:41:48                             #
#           Target CPU    =  ARM                                               #
#           List file     =  E:\ARM\TED\Release\List\TED.map                   #
#           Output file 1 =  E:\ARM\TED\Release\Exe\TED.elf                    #
#                            Format: elf, variant: -ynpraw                     #
#           Command line  =  E:\ARM\TED\Release\Obj\config_data.r79            #
#                            E:\ARM\TED\Release\Obj\convert_format.r79         #
#                            E:\ARM\TED\Release\Obj\convert_simple.r79         #
#                            E:\ARM\TED\Release\Obj\func.r79                   #
#                            E:\ARM\TED\Release\Obj\linework.r79               #
#                            E:\ARM\TED\Release\Obj\main.r79                   #
#                            E:\ARM\TED\Release\Obj\saver.r79                  #
#                            E:\ARM\TED\div.r79 -o                             #
#                            E:\ARM\TED\Release\Exe\TED.elf -Felf -l           #
#                            E:\ARM\TED\Release\List\TED.map -xmsnio -f        #
#                            E:\ARM\TED\test.xcl (-carm -V(CODE)CODE_AREA,12   #
#                            -V(DATA)DATA_AREA,12                              #
#                            -Z(CODE_AREA)ELFBEGIN,DATA_ID,START,CODE,DATA_C,I #
#                            NITTAB,DATA_Z,DATA_N,CONFIG_C=0-FFFFFFFF          #
#                            -Z(DATA_AREA)DATA_I=0-FFFFFFFF) -ynpraw -s main   #
#                                                                              #
#                        Copyright 1987-2006 IAR Systems. All rights reserved. #
################################################################################





                ****************************************
                *                                      *
                *           CROSS REFERENCE            *
                *                                      *
                ****************************************

       Program entry at : CODE_AREA 000045F4  Relocatable, from module : main




                ****************************************
                *                                      *
                *            RUNTIME MODEL             *
                *                                      *
                ****************************************

  StackAlign4  = USED
  __cpu_mode   = __pcs__interwork
  __data_model = absolute
  __endian     = little
  __rt_version = 6



                ****************************************
                *                                      *
                *              MODULE MAP              *
                *                                      *
                ****************************************


  DEFINED ABSOLUTE ENTRIES
    *************************************************************************

  DEFINED ABSOLUTE ENTRIES
    *************************************************************************

  FILE NAME : E:\ARM\TED\Release\Obj\config_data.r79
  PROGRAM MODULE, NAME : config_data

  SEGMENTS IN THE MODULE
  ======================
CONFIG_C
  Relative segment, address: CODE_AREA 000098D0 - 000098D3 (0x4 bytes), align: 2
  Segment part 2. ROOT.
           ENTRY                   ADDRESS         REF BY
           =====                   =======         ======
           ink_type                000098D0 
    -------------------------------------------------------------------------
CONFIG_C
  Relative segment, address: CODE_AREA 000098D4 - 000098F3 (0x20 bytes), align: 2
  Segment part 3. ROOT.
           ENTRY                   ADDRESS         REF BY
           =====                   =======         ======
           ink_name                000098D4 
    -------------------------------------------------------------------------
CONFIG_C
  Relative segment, address: CODE_AREA 000098F4 - 000098F7 (0x4 bytes), align: 2
  Segment part 4. ROOT.
           ENTRY                   ADDRESS         REF BY
           =====                   =======         ======
           ink_min                 000098F4 
    -------------------------------------------------------------------------
CONFIG_C
  Relative segment, address: CODE_AREA 000098F8 - 000098FB (0x4 bytes), align: 2
  Segment part 5. ROOT.
           ENTRY                   ADDRESS         REF BY
           =====                   =======         ======
           ink_max                 000098F8 
    -------------------------------------------------------------------------
CONFIG_C
  Relative segment, address: CODE_AREA 000098FC - 000098FF (0x4 bytes), align: 2
  Segment part 6. ROOT.
           ENTRY                   ADDRESS         REF BY
           =====                   =======         ======
           INK                     000098FC        DrawScreen (main)
    -------------------------------------------------------------------------
CONFIG_C
  Relative segment, address: CODE_AREA 00009900 - 00009903 (0x4 bytes), align: 2
  Segment part 7. ROOT.
           ENTRY                   ADDRESS         REF BY
           =====                   =======         ======
           paper_type              00009900 
    -------------------------------------------------------------------------
CONFIG_C
  Relative segment, address: CODE_AREA 00009904 - 00009923 (0x20 bytes), align: 2
  Segment part 8. ROOT.
           ENTRY                   ADDRESS         REF BY
           =====                   =======         ======
           paper_name              00009904 
    -------------------------------------------------------------------------
CONFIG_C
  Relative segment, address: CODE_AREA 00009924 - 00009927 (0x4 bytes), align: 2
  Segment part 9. ROOT.
           ENTRY                   ADDRESS         REF BY
           =====                   =======         ======
           paper_min               00009924 
    -------------------------------------------------------------------------
CONFIG_C
  Relative segment, address: CODE_AREA 00009928 - 0000992B (0x4 bytes), align: 2
  Segment part 10. ROOT.
           ENTRY                   ADDRESS         REF BY
           =====                   =======         ======
           paper_max               00009928 
    -------------------------------------------------------------------------
CONFIG_C
  Relative segment, address: CODE_AREA 0000992C - 0000992F (0x4 bytes), align: 2
  Segment part 11. ROOT.
           ENTRY                   ADDRESS         REF BY
           =====                   =======         ======
           PAPER                   0000992C        DrawScreen (main)
    -------------------------------------------------------------------------
CONFIG_C
  Relative segment, address: CODE_AREA 00009930 - 00009933 (0x4 bytes), align: 2
  Segment part 12. ROOT.
           ENTRY                   ADDRESS         REF BY
           =====                   =======         ======
           tedpath_type            00009930 
    -------------------------------------------------------------------------
CONFIG_C
  Relative segment, address: CODE_AREA 00009934 - 00009953 (0x20 bytes), align: 2
  Segment part 13. ROOT.
           ENTRY                   ADDRESS         REF BY
           =====                   =======         ======
           tedpath_name            00009934 
    -------------------------------------------------------------------------
CONFIG_C
  Relative segment, address: CODE_AREA 00009954 - 00009957 (0x4 bytes), align: 2
  Segment part 14. ROOT.
           ENTRY                   ADDRESS         REF BY
           =====                   =======         ======
           tedpath_min             00009954 
    -------------------------------------------------------------------------
CONFIG_C
  Relative segment, address: CODE_AREA 00009958 - 0000995B (0x4 bytes), align: 2
  Segment part 15. ROOT.
           ENTRY                   ADDRESS         REF BY
           =====                   =======         ======
           tedpath_max             00009958 
    -------------------------------------------------------------------------
CONFIG_C
  Relative segment, address: CODE_AREA 0000995C - 0000999B (0x40 bytes), align: 2
  Segment part 16. ROOT.
           ENTRY                   ADDRESS         REF BY
           =====                   =======         ======
           ted_path                0000995C        Segment part 241 (main)
                                                   Segment part 367 (main)
                                                   Segment part 505 (main)
    -------------------------------------------------------------------------
CONFIG_C
  Relative segment, address: CODE_AREA 0000999C - 0000999F (0x4 bytes), align: 2
  Segment part 17. ROOT.
           ENTRY                   ADDRESS         REF BY
           =====                   =======         ======
           dlight_type             0000999C 
    -------------------------------------------------------------------------
CONFIG_C
  Relative segment, address: CODE_AREA 000099A0 - 000099BF (0x20 bytes), align: 2
  Segment part 18. ROOT.
           ENTRY                   ADDRESS         REF BY
           =====                   =======         ======
           dlight_name             000099A0 
    -------------------------------------------------------------------------
CONFIG_C
  Relative segment, address: CODE_AREA 000099C0 - 000099C3 (0x4 bytes), align: 2
  Segment part 19. ROOT.
           ENTRY                   ADDRESS         REF BY
           =====                   =======         ======
           dlight_min              000099C0 
    -------------------------------------------------------------------------
CONFIG_C
  Relative segment, address: CODE_AREA 000099C4 - 000099C7 (0x4 bytes), align: 2
  Segment part 20. ROOT.
           ENTRY                   ADDRESS         REF BY
           =====                   =======         ======
           dlight_max              000099C4 
    -------------------------------------------------------------------------
CONFIG_C
  Relative segment, address: CODE_AREA 000099C8 - 000099CB (0x4 bytes), align: 2
  Segment part 21. ROOT.
           ENTRY                   ADDRESS         REF BY
           =====                   =======         ======
           DISPLAY_LIGHT           000099C8        SetViewIllumination (main)
    -------------------------------------------------------------------------
CSTACK
  Segment part 1. NOT NEEDED.

    *************************************************************************

  FILE NAME : E:\ARM\TED\Release\Obj\convert_format.r79
  PROGRAM MODULE, NAME : convert_format

  SEGMENTS IN THE MODULE
  ======================
CODE
  Segment part 5. NOT NEEDED.
    -------------------------------------------------------------------------
CODE
  Relative segment, address: CODE_AREA 00000724 - 0000073B (0x18 bytes), align: 2
  Segment part 6.             Intra module refs:   def_code
           ENTRY                   ADDRESS         REF BY
           =====                   =======         ======
           memset                  00000724 
    -------------------------------------------------------------------------
CODE
  Segment part 7. NOT NEEDED.
    -------------------------------------------------------------------------
DATA_C
  Relative segment, address: CODE_AREA 00004B30 - 00004BAF (0x80 bytes), align: 2
  Segment part 2.             Intra module refs:   GetCharType_x
    -------------------------------------------------------------------------
CODE
  Relative segment, address: CODE_AREA 0000073C - 000007C7 (0x8c bytes), align: 2
  Segment part 8.             Intra module refs:   ConvertFormat
           ENTRY                   ADDRESS         REF BY
           =====                   =======         ======
           GetCharType_x           0000073C 
    -------------------------------------------------------------------------
CODE
  Segment part 9. NOT NEEDED.
    -------------------------------------------------------------------------
CODE
  Relative segment, address: CODE_AREA 000007C8 - 00000BD3 (0x40c bytes), align: 2
  Segment part 10.
           ENTRY                   ADDRESS         REF BY
           =====                   =======         ======
           ConvertFormat           000007C8        FirstLoadFile (main)
               stack 1 = 00000000 ( 0000013C )
    -------------------------------------------------------------------------
CODE
  Relative segment, address: CODE_AREA 00000BD4 - 00000BD7 (0x4 bytes), align: 2
  Segment part 11.            Intra module refs:   ConvertFormat
                                                   GetCharType_x
    -------------------------------------------------------------------------
CODE
  Segment part 12. NOT NEEDED.
    -------------------------------------------------------------------------
DATA_C
  Relative segment, address: CODE_AREA 00004BB0 - 00004C2F (0x80 bytes), align: 2
  Segment part 3.             Intra module refs:   work_2s
    -------------------------------------------------------------------------
CODE
  Relative segment, address: CODE_AREA 00000BD8 - 00000BE7 (0x10 bytes), align: 2
  Segment part 13.            Intra module refs:   def_code
           ENTRY                   ADDRESS         REF BY
           =====                   =======         ======
           alt2num                 00000BD8 
    -------------------------------------------------------------------------
CODE
  Segment part 14. NOT NEEDED.
    -------------------------------------------------------------------------
CODE
  Segment part 15. NOT NEEDED.
           ENTRY                   ADDRESS         REF BY
           =====                   =======         ======
           koi2num                 
               not allocated function
    -------------------------------------------------------------------------
CODE
  Segment part 16. NOT NEEDED.
    -------------------------------------------------------------------------
DATA_C
  Relative segment, address: CODE_AREA 00004C30 - 00004C4F (0x20 bytes), align: 2
  Segment part 4.             Intra module refs:   Segment part 21
    -------------------------------------------------------------------------
CODE
  Relative segment, address: CODE_AREA 00000BE8 - 00000C3F (0x58 bytes), align: 2
  Segment part 17.            Intra module refs:   def_code
           ENTRY                   ADDRESS         REF BY
           =====                   =======         ======
           work_2s                 00000BE8 
    -------------------------------------------------------------------------
CODE
  Segment part 18. NOT NEEDED.
    -------------------------------------------------------------------------
CODE
  Relative segment, address: CODE_AREA 00000C40 - 00000E03 (0x1c4 bytes), align: 2
  Segment part 19.            Intra module refs:   ConvertFormat
           ENTRY                   ADDRESS         REF BY
           =====                   =======         ======
           def_code                00000C40 
               stack 1 = 00000000 ( 00000128 )
    -------------------------------------------------------------------------
CODE
  Relative segment, address: CODE_AREA 00000E04 - 00000E07 (0x4 bytes), align: 2
  Segment part 20.            Intra module refs:   ConvertFormat
                                                   def_code
    -------------------------------------------------------------------------
CODE
  Relative segment, address: CODE_AREA 00000E08 - 00000E0B (0x4 bytes), align: 2
  Segment part 21.            Intra module refs:   def_code
    -------------------------------------------------------------------------
CODE
  Segment part 22. NOT NEEDED.Intra module refs:   ConvertFormat
    -------------------------------------------------------------------------
CODE
  Segment part 23. NOT NEEDED.Intra module refs:   ConvertFormat
    -------------------------------------------------------------------------
CSTACK
  Segment part 1. NOT NEEDED.

    *************************************************************************

  FILE NAME : E:\ARM\TED\Release\Obj\convert_simple.r79
  PROGRAM MODULE, NAME : convert_simple

  SEGMENTS IN THE MODULE
  ======================
CODE
  Segment part 2. NOT NEEDED.
    -------------------------------------------------------------------------
CODE
  Relative segment, address: CODE_AREA 00000E0C - 00000F73 (0x168 bytes), align: 2
  Segment part 3.
           ENTRY                   ADDRESS         REF BY
           =====                   =======         ======
           ConvertSimple           00000E0C        FirstLoadFile (main)
               stack 1 = 00000000 ( 0000003C )
    -------------------------------------------------------------------------
CODE
  Segment part 4. NOT NEEDED. Intra module refs:   ConvertSimple
    -------------------------------------------------------------------------
CODE
  Segment part 5. NOT NEEDED. Intra module refs:   ConvertSimple
    -------------------------------------------------------------------------
CSTACK
  Segment part 1. NOT NEEDED.

    *************************************************************************

  FILE NAME : E:\ARM\TED\Release\Obj\func.r79
  PROGRAM MODULE, NAME : func

  SEGMENTS IN THE MODULE
  ======================
ELFBEGIN
  Relative segment, address: CODE_AREA 00000000, align: 0
  Segment part 0. ROOT.
           ENTRY                   ADDRESS         REF BY
           =====                   =======         ======
           ELF_BEGIN               00000000        Killer (main)

    *************************************************************************

  FILE NAME : E:\ARM\TED\Release\Obj\linework.r79
  PROGRAM MODULE, NAME : linework

  SEGMENTS IN THE MODULE
  ======================
CODE
  Segment part 2. NOT NEEDED.
    -------------------------------------------------------------------------
CODE
  Relative segment, address: CODE_AREA 00000F74 - 00000F9F (0x2c bytes), align: 2
  Segment part 3.
           ENTRY                   ADDRESS         REF BY
           =====                   =======         ======
           bl_us                   00000F74        DrawScreen (main)
    -------------------------------------------------------------------------
CODE
  Segment part 4. NOT NEEDED.
    -------------------------------------------------------------------------
CODE
  Relative segment, address: CODE_AREA 00000FA0 - 00000FCF (0x30 bytes), align: 2
  Segment part 5.
           ENTRY                   ADDRESS         REF BY
           =====                   =======         ======
           bl_ds                   00000FA0        DrawScreen (main)
                                                   delline (main)
                                                   ed_inp_redraw (main)
                                                   joinlines (main)
    -------------------------------------------------------------------------
CODE
  Segment part 6. NOT NEEDED.
    -------------------------------------------------------------------------
CODE
  Relative segment, address: CODE_AREA 00000FD0 - 00001073 (0xa4 bytes), align: 2
  Segment part 7.
           ENTRY                   ADDRESS         REF BY
           =====                   =======         ======
           move_up                 00000FD0        GotoLine (main)
                                                   LineUp (main)
                                                   PageUp (main)
               stack 1 = 00000000 ( 00000008 )
    -------------------------------------------------------------------------
CODE
  Segment part 8. NOT NEEDED.
    -------------------------------------------------------------------------
CODE
  Relative segment, address: CODE_AREA 00001074 - 000010D3 (0x60 bytes), align: 2
  Segment part 9.
           ENTRY                   ADDRESS         REF BY
           =====                   =======         ======
           move_dw                 00001074        GotoLine (main)
                                                   LineDw (main)
                                                   PageDw (main)
               stack 1 = 00000000 ( 0000000C )
    -------------------------------------------------------------------------
CODE
  Relative segment, address: CODE_AREA 000010D4 - 000010D7 (0x4 bytes), align: 2
  Segment part 10.            Intra module refs:   move_dw
                                                   move_up
    -------------------------------------------------------------------------
CODE
  Relative segment, address: CODE_AREA 000010D8 - 000010DB (0x4 bytes), align: 2
  Segment part 11.            Intra module refs:   move_dw
                                                   move_up
    -------------------------------------------------------------------------
CODE
  Relative segment, address: CODE_AREA 000010DC - 000010DF (0x4 bytes), align: 2
  Segment part 12.            Intra module refs:   bl_ds
                                                   move_dw
                                                   move_up
    -------------------------------------------------------------------------
CODE
  Relative segment, address: CODE_AREA 000010E0 - 000010E3 (0x4 bytes), align: 2
  Segment part 13.            Intra module refs:   bl_ds
                                                   move_dw
    -------------------------------------------------------------------------
CODE
  Relative segment, address: CODE_AREA 000010E4 - 000010E7 (0x4 bytes), align: 2
  Segment part 14.            Intra module refs:   bl_us
                                                   move_dw
                                                   move_up
    -------------------------------------------------------------------------
CSTACK
  Segment part 1. NOT NEEDED.

    *************************************************************************

  FILE NAME : E:\ARM\TED\Release\Obj\main.r79
  PROGRAM MODULE, NAME : main

  SEGMENTS IN THE MODULE
  ======================
DATA_I
  Relative segment, address: DATA_AREA 00000000 - 0000000B (0xc bytes), align: 2
  Segment part 59.            Intra module refs:   Segment part 142
                                                   Segment part 163
                                                   Segment part 180
                                                   Segment part 188
                                                   Segment part 196
           ENTRY                   ADDRESS         REF BY
           =====                   =======         ======
           menusoftkeys            00000000 
    -------------------------------------------------------------------------
DATA_I
  Relative segment, address: DATA_AREA 0000000C - 00000023 (0x18 bytes), align: 2
  Segment part 61.            Intra module refs:   Segment part 64
           ENTRY                   ADDRESS         REF BY
           =====                   =======         ======
           menu_sk                 0000000C 
    -------------------------------------------------------------------------
DATA_I
  Relative segment, address: DATA_AREA 00000024 - 0000002B (0x8 bytes), align: 2
  Segment part 63.            Intra module refs:   Segment part 142
                                                   Segment part 149
                                                   Segment part 155
                                                   Segment part 163
                                                   Segment part 172
                                                   Segment part 180
                                                   Segment part 188
                                                   Segment part 196
           ENTRY                   ADDRESS         REF BY
           =====                   =======         ======
           menu_skt                00000024 
    -------------------------------------------------------------------------
DATA_I
  Relative segment, address: DATA_AREA 0000002C - 0000003B (0x10 bytes), align: 2
  Segment part 65.            Intra module refs:   DrawSoftMenu
                                                   Segment part 176
                                                   Segment part 182
           ENTRY                   ADDRESS         REF BY
           =====                   =======         ======
           t_bm1                   0000002C 
    -------------------------------------------------------------------------
DATA_I
  Relative segment, address: DATA_AREA 0000003C - 0000004B (0x10 bytes), align: 2
  Segment part 67.            Intra module refs:   DrawSoftMenu
                                                   Segment part 176
                                                   Segment part 182
           ENTRY                   ADDRESS         REF BY
           =====                   =======         ======
           t_bm2                   0000003C 
    -------------------------------------------------------------------------
DATA_I
  Relative segment, address: DATA_AREA 0000004C - 0000005B (0x10 bytes), align: 2
  Segment part 69.            Intra module refs:   DrawSoftMenu
                                                   Segment part 176
                                                   Segment part 182
           ENTRY                   ADDRESS         REF BY
           =====                   =======         ======
           t_bm3                   0000004C 
    -------------------------------------------------------------------------
DATA_I
  Relative segment, address: DATA_AREA 0000005C - 0000006B (0x10 bytes), align: 2
  Segment part 71.            Intra module refs:   DrawSoftMenu
                                                   Segment part 176
                                                   Segment part 182
           ENTRY                   ADDRESS         REF BY
           =====                   =======         ======
           t_bm4                   0000005C 
    -------------------------------------------------------------------------
DATA_Z
  Relative segment, address: CODE_AREA 000054B8 - 000054BB (0x4 bytes), align: 2
  Segment part 73.            Intra module refs:   Segment part 282
                                                   Segment part 489
           ENTRY                   ADDRESS         REF BY
           =====                   =======         ======
           info_ws                 000054B8 
    -------------------------------------------------------------------------
DATA_Z
  Relative segment, address: CODE_AREA 000054BC - 000054BF (0x4 bytes), align: 2
  Segment part 74.            Intra module refs:   Segment part 278
                                                   Segment part 490
           ENTRY                   ADDRESS         REF BY
           =====                   =======         ======
           upinfo_ws               000054BC 
    -------------------------------------------------------------------------
DATA_Z
  Relative segment, address: CODE_AREA 000054C0 - 000054C3 (0x4 bytes), align: 2
  Segment part 75.            Intra module refs:   Segment part 281
                                                   Segment part 418
                                                   Segment part 491
           ENTRY                   ADDRESS         REF BY
           =====                   =======         ======
           e_ws                    000054C0 
    -------------------------------------------------------------------------
DATA_Z
  Relative segment, address: CODE_AREA 000054C4 - 000054C7 (0x4 bytes), align: 2
  Segment part 76.            Intra module refs:   Segment part 251
                                                   Segment part 459
           ENTRY                   ADDRESS         REF BY
           =====                   =======         ======
           terminated              000054C4 
    -------------------------------------------------------------------------
DATA_Z
  Relative segment, address: CODE_AREA 000054C8 - 000054CB (0x4 bytes), align: 2
  Segment part 77.            Intra module refs:   Segment part 390
                                                   Segment part 496
           ENTRY                   ADDRESS         REF BY
           =====                   =======         ======
           loadmenu_id             000054C8 
    -------------------------------------------------------------------------
DATA_Z
  Relative segment, address: CODE_AREA 000054CC - 000054CF (0x4 bytes), align: 2
  Segment part 78.            Intra module refs:   Segment part 334
                                                   Segment part 497
           ENTRY                   ADDRESS         REF BY
           =====                   =======         ======
           edit_id                 000054CC 
    -------------------------------------------------------------------------
CODE
  Segment part 203. NOT NEEDED.
    -------------------------------------------------------------------------
CODE
  Relative segment, address: CODE_AREA 000010E8 - 00001143 (0x5c bytes), align: 2
  Segment part 204.           Intra module refs:   DrawScreen
           ENTRY                   ADDRESS         REF BY
           =====                   =======         ======
           DrwImg                  000010E8 
               stack 1 = 00000000 ( 00000040 )
    -------------------------------------------------------------------------
CODE
  Segment part 205. NOT NEEDED.
    -------------------------------------------------------------------------
DATA_Z
  Relative segment, address: CODE_AREA 000054D0 - 000054D3 (0x4 bytes), align: 2
  Segment part 79.            Intra module refs:   Segment part 327
                                                   Segment part 499
           ENTRY                   ADDRESS         REF BY
           =====                   =======         ======
           editmode                000054D0 
    -------------------------------------------------------------------------
DATA_I
  Relative segment, address: DATA_AREA 0000006C - 0000006F (0x4 bytes), align: 2
  Segment part 80.            Intra module refs:   Segment part 250
           ENTRY                   ADDRESS         REF BY
           =====                   =======         ======
           stk_fhandle             0000006C 
    -------------------------------------------------------------------------
DATA_I
  Relative segment, address: DATA_AREA 00000070 - 00000073 (0x4 bytes), align: 2
  Segment part 82.            Intra module refs:   Segment part 293
                                                   Segment part 410
                                                   Segment part 480
           ENTRY                   ADDRESS         REF BY
           =====                   =======         ======
           draw_mode               00000070        savetext (saver)
    -------------------------------------------------------------------------
DATA_I
  Relative segment, address: DATA_AREA 00000074 - 00000077 (0x4 bytes), align: 2
  Segment part 84.            Intra module refs:   Segment part 244
                                                   Segment part 287
                                                   Segment part 463
           ENTRY                   ADDRESS         REF BY
           =====                   =======         ======
           font_size               00000074 
    -------------------------------------------------------------------------
DATA_Z
  Relative segment, address: CODE_AREA 000054D4 - 000054D7 (0x4 bytes), align: 2
  Segment part 86.            Intra module refs:   Segment part 314
           ENTRY                   ADDRESS         REF BY
           =====                   =======         ======
           clip_pasted             000054D4 
    -------------------------------------------------------------------------
DATA_C
  Relative segment, address: CODE_AREA 00004C50 - 00004C5B (0xc bytes), align: 2
  Segment part 2.             Intra module refs:   Segment part 159
    -------------------------------------------------------------------------
DATA_C
  Relative segment, address: CODE_AREA 00004C5C - 00004C67 (0xc bytes), align: 2
  Segment part 3.             Intra module refs:   Segment part 138
    -------------------------------------------------------------------------
DATA_C
  Relative segment, address: CODE_AREA 00004C68 - 00004C77 (0x10 bytes), align: 2
  Segment part 4.             Intra module refs:   Segment part 159
    -------------------------------------------------------------------------
DATA_C
  Relative segment, address: CODE_AREA 00004C78 - 00004C87 (0x10 bytes), align: 2
  Segment part 5.             Intra module refs:   Segment part 159
    -------------------------------------------------------------------------
DATA_C
  Relative segment, address: CODE_AREA 00004C88 - 00004C97 (0x10 bytes), align: 2
  Segment part 6.             Intra module refs:   Segment part 159
    -------------------------------------------------------------------------
DATA_C
  Relative segment, address: CODE_AREA 00004C98 - 00004CA7 (0x10 bytes), align: 2
  Segment part 7.             Intra module refs:   Segment part 159
    -------------------------------------------------------------------------
DATA_C
  Relative segment, address: CODE_AREA 00004CA8 - 00004CB7 (0x10 bytes), align: 2
  Segment part 8.             Intra module refs:   Segment part 159
    -------------------------------------------------------------------------
DATA_C
  Relative segment, address: CODE_AREA 00004CB8 - 00004CC3 (0xc bytes), align: 2
  Segment part 9.             Intra module refs:   Segment part 153
    -------------------------------------------------------------------------
DATA_C
  Relative segment, address: CODE_AREA 00004CC4 - 00004CCF (0xc bytes), align: 2
  Segment part 10.            Intra module refs:   Segment part 147
    -------------------------------------------------------------------------
DATA_C
  Relative segment, address: CODE_AREA 00004CD0 - 00004CE7 (0x18 bytes), align: 2
  Segment part 11.            Intra module refs:   DiskErrorMsg
    -------------------------------------------------------------------------
DATA_C
  Relative segment, address: CODE_AREA 00004CE8 - 00004CF7 (0x10 bytes), align: 2
  Segment part 12.            Intra module refs:   Segment part 138
    -------------------------------------------------------------------------
DATA_C
  Relative segment, address: CODE_AREA 00004CF8 - 00004CFF (0x8 bytes), align: 2
  Segment part 13.            Intra module refs:   Segment part 138
    -------------------------------------------------------------------------
DATA_C
  Relative segment, address: CODE_AREA 00004D00 - 00004D0B (0xc bytes), align: 2
  Segment part 14.            Intra module refs:   Segment part 138
    -------------------------------------------------------------------------
DATA_C
  Relative segment, address: CODE_AREA 00004D0C - 00004D17 (0xc bytes), align: 2
  Segment part 15.            Intra module refs:   Segment part 138
    -------------------------------------------------------------------------
DATA_C
  Relative segment, address: CODE_AREA 00004D18 - 00004D23 (0xc bytes), align: 2
  Segment part 16.            Intra module refs:   Segment part 138
    -------------------------------------------------------------------------
DATA_C
  Relative segment, address: CODE_AREA 00004D24 - 00004D2F (0xc bytes), align: 2
  Segment part 17.            Intra module refs:   Segment part 138
    -------------------------------------------------------------------------
DATA_C
  Relative segment, address: CODE_AREA 00004D30 - 00004D3B (0xc bytes), align: 2
  Segment part 18.            Intra module refs:   Segment part 138
    -------------------------------------------------------------------------
DATA_C
  Relative segment, address: CODE_AREA 00005498 - 00005499 (0x2 bytes), align: 0
  Segment part 19.            Intra module refs:   Segment part 62
    -------------------------------------------------------------------------
DATA_C
  Relative segment, address: CODE_AREA 00004D3C - 00004D43 (0x8 bytes), align: 2
  Segment part 20.            Intra module refs:   Segment part 62
    -------------------------------------------------------------------------
DATA_C
  Relative segment, address: CODE_AREA 00004D44 - 00004D53 (0x10 bytes), align: 2
  Segment part 21.            Intra module refs:   DrawScreen
    -------------------------------------------------------------------------
DATA_C
  Relative segment, address: CODE_AREA 00004D54 - 00004D5B (0x8 bytes), align: 2
  Segment part 22.            Intra module refs:   Segment part 62
    -------------------------------------------------------------------------
DATA_C
  Relative segment, address: CODE_AREA 00004D5C - 00004D73 (0x18 bytes), align: 2
  Segment part 23.            Intra module refs:   main
    -------------------------------------------------------------------------
DATA_C
  Relative segment, address: CODE_AREA 00004D74 - 00004D7B (0x8 bytes), align: 2
  Segment part 24.            Intra module refs:   UpdateCSMname
    -------------------------------------------------------------------------
DATA_C
  Relative segment, address: CODE_AREA 00004D7C - 00004D8B (0x10 bytes), align: 2
  Segment part 25.            Intra module refs:   setfont
    -------------------------------------------------------------------------
DATA_C
  Relative segment, address: CODE_AREA 00004D8C - 00004D97 (0xc bytes), align: 2
  Segment part 26.            Intra module refs:   loadfont
    -------------------------------------------------------------------------
DATA_C
  Relative segment, address: CODE_AREA 00004D98 - 00004D9F (0x8 bytes), align: 2
  Segment part 27.            Intra module refs:   Segment part 151
    -------------------------------------------------------------------------
DATA_C
  Relative segment, address: CODE_AREA 00004DA0 - 00004DA7 (0x8 bytes), align: 2
  Segment part 28.            Intra module refs:   Segment part 144
    -------------------------------------------------------------------------
DATA_C
  Relative segment, address: CODE_AREA 00004DA8 - 00004DB7 (0x10 bytes), align: 2
  Segment part 29.            Intra module refs:   insdate
    -------------------------------------------------------------------------
DATA_C
  Relative segment, address: CODE_AREA 00004DB8 - 00004DC3 (0xc bytes), align: 2
  Segment part 30.            Intra module refs:   instime
    -------------------------------------------------------------------------
DATA_C
  Relative segment, address: CODE_AREA 00004DC4 - 00004E1B (0x58 bytes), align: 2
  Segment part 31.            Intra module refs:   DrawScreen
    -------------------------------------------------------------------------
DATA_C
  Segment part 32. NOT NEEDED.
    -------------------------------------------------------------------------
DATA_C
  Relative segment, address: CODE_AREA 00004E1C - 00004E23 (0x8 bytes), align: 2
  Segment part 33.            Intra module refs:   DrawScreen
    -------------------------------------------------------------------------
DATA_C
  Relative segment, address: CODE_AREA 00004E24 - 00004E2F (0xc bytes), align: 2
  Segment part 34.            Intra module refs:   DrawScreen
    -------------------------------------------------------------------------
DATA_C
  Relative segment, address: CODE_AREA 00004E30 - 00004E3B (0xc bytes), align: 2
  Segment part 35.            Intra module refs:   DrawScreen
    -------------------------------------------------------------------------
DATA_C
  Relative segment, address: CODE_AREA 00004E3C - 00004E7F (0x44 bytes), align: 2
  Segment part 36.            Intra module refs:   DrawInfo
    -------------------------------------------------------------------------
DATA_C
  Relative segment, address: CODE_AREA 00004E80 - 00004E8F (0x10 bytes), align: 2
  Segment part 37.            Intra module refs:   Segment part 242
    -------------------------------------------------------------------------
DATA_C
  Relative segment, address: CODE_AREA 00004E90 - 00004EA7 (0x18 bytes), align: 2
  Segment part 38.            Intra module refs:   DiskErrorMsg
    -------------------------------------------------------------------------
DATA_C
  Relative segment, address: CODE_AREA 00004EA8 - 00004EBF (0x18 bytes), align: 2
  Segment part 39.            Intra module refs:   DiskErrorMsg
    -------------------------------------------------------------------------
DATA_C
  Relative segment, address: CODE_AREA 00004EC0 - 00004ECB (0xc bytes), align: 2
  Segment part 40.            Intra module refs:   Segment part 140
    -------------------------------------------------------------------------
DATA_C
  Relative segment, address: CODE_AREA 00004ECC - 00004EE3 (0x18 bytes), align: 2
  Segment part 41.            Intra module refs:   DiskErrorMsg
    -------------------------------------------------------------------------
DATA_C
  Relative segment, address: CODE_AREA 00004EE4 - 00004F03 (0x20 bytes), align: 2
  Segment part 42.            Intra module refs:   DiskErrorMsg
    -------------------------------------------------------------------------
DATA_C
  Relative segment, address: CODE_AREA 00004F04 - 00004F0F (0xc bytes), align: 2
  Segment part 43.            Intra module refs:   Segment part 194
    -------------------------------------------------------------------------
DATA_C
  Relative segment, address: CODE_AREA 00004F10 - 00004F1B (0xc bytes), align: 2
  Segment part 44.            Intra module refs:   Segment part 190
    -------------------------------------------------------------------------
DATA_C
  Relative segment, address: CODE_AREA 00004F1C - 00004F2B (0x10 bytes), align: 2
  Segment part 45.            Intra module refs:   Segment part 186
                                                   Segment part 190
    -------------------------------------------------------------------------
DATA_C
  Relative segment, address: CODE_AREA 00004F2C - 00004F33 (0x8 bytes), align: 2
  Segment part 46.            Intra module refs:   Segment part 166
                                                   Segment part 178
                                                   Segment part 190
    -------------------------------------------------------------------------
DATA_C
  Relative segment, address: CODE_AREA 00004F34 - 00004F3F (0xc bytes), align: 2
  Segment part 47.            Intra module refs:   Segment part 176
    -------------------------------------------------------------------------
DATA_C
  Relative segment, address: CODE_AREA 00004F40 - 00004F47 (0x8 bytes), align: 2
  Segment part 48.            Intra module refs:   Segment part 176
    -------------------------------------------------------------------------
DATA_C
  Relative segment, address: CODE_AREA 00004F48 - 00004F4F (0x8 bytes), align: 2
  Segment part 49.            Intra module refs:   Segment part 176
    -------------------------------------------------------------------------
DATA_C
  Relative segment, address: CODE_AREA 00004F50 - 00004F57 (0x8 bytes), align: 2
  Segment part 50.            Intra module refs:   Segment part 176
    -------------------------------------------------------------------------
DATA_C
  Relative segment, address: CODE_AREA 00004F58 - 00004F5B (0x4 bytes), align: 2
  Segment part 51.            Intra module refs:   Segment part 176
    -------------------------------------------------------------------------
DATA_C
  Relative segment, address: CODE_AREA 00004F5C - 00004F67 (0xc bytes), align: 2
  Segment part 52.            Intra module refs:   Segment part 170
    -------------------------------------------------------------------------
DATA_C
  Relative segment, address: CODE_AREA 00004F68 - 00004F77 (0x10 bytes), align: 2
  Segment part 53.            Intra module refs:   Segment part 168
    -------------------------------------------------------------------------
DATA_C
  Relative segment, address: CODE_AREA 00004F78 - 00004F83 (0xc bytes), align: 2
  Segment part 54.            Intra module refs:   Segment part 161
    -------------------------------------------------------------------------
DATA_C
  Relative segment, address: CODE_AREA 00004F84 - 00004F8F (0xc bytes), align: 2
  Segment part 55.            Intra module refs:   Segment part 159
    -------------------------------------------------------------------------
DATA_C
  Relative segment, address: CODE_AREA 00004F90 - 00004F9F (0x10 bytes), align: 2
  Segment part 56.            Intra module refs:   Segment part 159
    -------------------------------------------------------------------------
DATA_C
  Relative segment, address: CODE_AREA 00004FA0 - 00004FAB (0xc bytes), align: 2
  Segment part 57.            Intra module refs:   Segment part 159
    -------------------------------------------------------------------------
DATA_C
  Relative segment, address: CODE_AREA 00004FAC - 00004FB7 (0xc bytes), align: 2
  Segment part 58.            Intra module refs:   Segment part 159
    -------------------------------------------------------------------------
DATA_C
  Relative segment, address: CODE_AREA 00004FB8 - 00004FBB (0x4 bytes), align: 2
  Segment part 87.            Intra module refs:   MAINCSM
           ENTRY                   ADDRESS         REF BY
           =====                   =======         ======
           minus11                 00004FB8 
    -------------------------------------------------------------------------
DATA_C
  Relative segment, address: CODE_AREA 00004FBC - 00004FC7 (0xc bytes), align: 2
  Segment part 88.            Intra module refs:   imgDiskAccess
           ENTRY                   ADDRESS         REF BY
           =====                   =======         ======
           bmpDiskAccess           00004FBC 
    -------------------------------------------------------------------------
DATA_C
  Relative segment, address: CODE_AREA 00004FC8 - 00004FCF (0x8 bytes), align: 2
  Segment part 89.            Intra module refs:   DrawScreen
           ENTRY                   ADDRESS         REF BY
           =====                   =======         ======
           imgDiskAccess           00004FC8 
    -------------------------------------------------------------------------
DATA_Z
  Relative segment, address: CODE_AREA 000054D8 - 000054DB (0x4 bytes), align: 2
  Segment part 90.            Intra module refs:   Segment part 235
                                                   Segment part 465
           ENTRY                   ADDRESS         REF BY
           =====                   =======         ======
           u_disk                  000054D8        savetext (saver)
    -------------------------------------------------------------------------
DATA_Z
  Relative segment, address: CODE_AREA 000054DC - 000054DF (0x4 bytes), align: 2
  Segment part 91.            Intra module refs:   Segment part 236
                                                   Segment part 466
           ENTRY                   ADDRESS         REF BY
           =====                   =======         ======
           d_disk                  000054DC        savetext (saver)
    -------------------------------------------------------------------------
DATA_Z
  Relative segment, address: CODE_AREA 000054E0 - 000054E3 (0x4 bytes), align: 2
  Segment part 92.            Intra module refs:   Segment part 234
                                                   Segment part 308
                                                   Segment part 474
           ENTRY                   ADDRESS         REF BY
           =====                   =======         ======
           usp                     000054E0        Segment part 11 (linework)
                                                   savetext (saver)
    -------------------------------------------------------------------------
DATA_Z
  Relative segment, address: CODE_AREA 000054E4 - 000054E7 (0x4 bytes), align: 2
  Segment part 93.            Intra module refs:   Segment part 261
                                                   Segment part 331
                                                   Segment part 470
           ENTRY                   ADDRESS         REF BY
           =====                   =======         ======
           dsp                     000054E4        Segment part 10 (linework)
                                                   savetext (saver)
    -------------------------------------------------------------------------
DATA_I
  Relative segment, address: DATA_AREA 00000078 - 0000007B (0x4 bytes), align: 2
  Segment part 94.            Intra module refs:   Segment part 248
                                                   Segment part 279
                                                   Segment part 399
                                                   Segment part 500
           ENTRY                   ADDRESS         REF BY
           =====                   =======         ======
           disk_access             00000078        savetext (saver)
    -------------------------------------------------------------------------
DATA_Z
  Relative segment, address: CODE_AREA 000054E8 - 000054EB (0x4 bytes), align: 2
  Segment part 96.            Intra module refs:   DrawScreen
           ENTRY                   ADDRESS         REF BY
           =====                   =======         ======
           cursor_cnt              000054E8 
    -------------------------------------------------------------------------
DATA_Z
  Segment part 97. NOT NEEDED.
           ENTRY                   ADDRESS         REF BY
           =====                   =======         ======
           disable_exit            
    -------------------------------------------------------------------------
DATA_Z
  Relative segment, address: CODE_AREA 000054EC - 000054EF (0x4 bytes), align: 2
  Segment part 98.            Intra module refs:   Segment part 245
                                                   Segment part 462
           ENTRY                   ADDRESS         REF BY
           =====                   =======         ======
           win_dos_koi             000054EC        Segment part 11 (convert_format)
    -------------------------------------------------------------------------
DATA_Z
  Relative segment, address: CODE_AREA 000054F0 - 000054F3 (0x4 bytes), align: 2
  Segment part 99.            Intra module refs:   Segment part 284
                                                   Segment part 355
                                                   Segment part 473
           ENTRY                   ADDRESS         REF BY
           =====                   =======         ======
           cursor_off              000054F0 
    -------------------------------------------------------------------------
DATA_Z
  Relative segment, address: CODE_AREA 000054F4 - 00005573 (0x80 bytes), align: 2
  Segment part 100.           Intra module refs:   Segment part 225
                                                   Segment part 506
           ENTRY                   ADDRESS         REF BY
           =====                   =======         ======
           stkfile                 000054F4        savetext (saver)
    -------------------------------------------------------------------------
DATA_Z
  Relative segment, address: CODE_AREA 00005574 - 00005577 (0x4 bytes), align: 2
  Segment part 101.           Intra module refs:   Segment part 249
                                                   Segment part 479
           ENTRY                   ADDRESS         REF BY
           =====                   =======         ======
           seek_to_line            00005574 
    -------------------------------------------------------------------------
DATA_Z
  Relative segment, address: CODE_AREA 00005578 - 0000557B (0x4 bytes), align: 2
  Segment part 102.           Intra module refs:   Segment part 275
                                                   Segment part 320
                                                   Segment part 475
           ENTRY                   ADDRESS         REF BY
           =====                   =======         ======
           total_line              00005578 
    -------------------------------------------------------------------------
DATA_Z
  Relative segment, address: CODE_AREA 0000557C - 0000557F (0x4 bytes), align: 2
  Segment part 103.           Intra module refs:   Segment part 280
                                                   Segment part 330
                                                   Segment part 476
           ENTRY                   ADDRESS         REF BY
           =====                   =======         ======
           curline                 0000557C        ConvertFormat (convert_format)
                                                   ConvertSimple (convert_simple)
    -------------------------------------------------------------------------
DATA_Z
  Relative segment, address: CODE_AREA 00005580 - 00005583 (0x4 bytes), align: 2
  Segment part 104.           Intra module refs:   Segment part 300
                                                   Segment part 356
                                                   Segment part 472
           ENTRY                   ADDRESS         REF BY
           =====                   =======         ======
           curpos                  00005580 
    -------------------------------------------------------------------------
DATA_Z
  Relative segment, address: CODE_AREA 00005584 - 00005587 (0x4 bytes), align: 2
  Segment part 105.           Intra module refs:   Segment part 285
                                                   Segment part 328
                                                   Segment part 477
           ENTRY                   ADDRESS         REF BY
           =====                   =======         ======
           viewline                00005584 
    -------------------------------------------------------------------------
DATA_Z
  Relative segment, address: CODE_AREA 00005588 - 0000558B (0x4 bytes), align: 2
  Segment part 106.           Intra module refs:   Segment part 301
                                                   Segment part 471
           ENTRY                   ADDRESS         REF BY
           =====                   =======         ======
           viewpos                 00005588 
    -------------------------------------------------------------------------
DATA_Z
  Relative segment, address: CODE_AREA 0000558C - 0000558F (0x4 bytes), align: 2
  Segment part 107.           Intra module refs:   Segment part 286
                                                   Segment part 370
           ENTRY                   ADDRESS         REF BY
           =====                   =======         ======
           max_y                   0000558C 
    -------------------------------------------------------------------------
DATA_Z
  Relative segment, address: CODE_AREA 00005590 - 00005593 (0x4 bytes), align: 2
  Segment part 108.           Intra module refs:   Segment part 329
                                                   Segment part 498
           ENTRY                   ADDRESS         REF BY
           =====                   =======         ======
           max_y_emode             00005590 
    -------------------------------------------------------------------------
DATA_Z
  Relative segment, address: CODE_AREA 00005594 - 00005597 (0x4 bytes), align: 2
  Segment part 109.           Intra module refs:   Segment part 271
                                                   Segment part 290
                                                   Segment part 369
           ENTRY                   ADDRESS         REF BY
           =====                   =======         ======
           max_x                   00005594        ConvertFormat (convert_format)
    -------------------------------------------------------------------------
DATA_I
  Relative segment, address: DATA_AREA 0000007C - 0000007F (0x4 bytes), align: 2
  Segment part 110.           Intra module refs:   Segment part 260
                                                   Segment part 332
                                                   Segment part 483
           ENTRY                   ADDRESS         REF BY
           =====                   =======         ======
           STKSZ                   0000007C        Segment part 13 (linework)
                                                   savetext (saver)
    -------------------------------------------------------------------------
DATA_I
  Relative segment, address: DATA_AREA 00000080 - 00000083 (0x4 bytes), align: 2
  Segment part 112.           Intra module refs:   CheckDiskAccess
           ENTRY                   ADDRESS         REF BY
           =====                   =======         ======
           STKMAX                  00000080 
    -------------------------------------------------------------------------
DATA_I
  Relative segment, address: DATA_AREA 00000084 - 00000087 (0x4 bytes), align: 2
  Segment part 114.           Intra module refs:   CheckDiskAccess
           ENTRY                   ADDRESS         REF BY
           =====                   =======         ======
           STKMIN                  00000084 
    -------------------------------------------------------------------------
DATA_I
  Relative segment, address: DATA_AREA 00000088 - 0000008B (0x4 bytes), align: 2
  Segment part 116.           Intra module refs:   Segment part 226
                                                   Segment part 458
           ENTRY                   ADDRESS         REF BY
           =====                   =======         ======
           STKSZ50                 00000088        ConvertFormat (convert_format)
                                                   ConvertSimple (convert_simple)
                                                   savetext (saver)
    -------------------------------------------------------------------------
DATA_Z
  Relative segment, address: CODE_AREA 00005598 - 0000559B (0x4 bytes), align: 2
  Segment part 118.           Intra module refs:   Segment part 230
                                                   Segment part 309
                                                   Segment part 487
           ENTRY                   ADDRESS         REF BY
           =====                   =======         ======
           ustk                    00005598        ConvertFormat (convert_format)
                                                   ConvertSimple (convert_simple)
                                                   Segment part 14 (linework)
                                                   savetext (saver)
    -------------------------------------------------------------------------
DATA_Z
  Relative segment, address: CODE_AREA 0000559C - 0000559F (0x4 bytes), align: 2
  Segment part 119.           Intra module refs:   Segment part 227
                                                   Segment part 333
                                                   Segment part 488
           ENTRY                   ADDRESS         REF BY
           =====                   =======         ======
           dstk                    0000559C        ConvertSimple (convert_simple)
                                                   Segment part 12 (linework)
                                                   Segment part 20 (convert_format)
                                                   savetext (saver)
    -------------------------------------------------------------------------
DATA_Z
  Relative segment, address: CODE_AREA 000055A0 - 0000659F (0x1000 bytes), align: 2
  Segment part 120.           Intra module refs:   Segment part 231
                                                   Segment part 468
           ENTRY                   ADDRESS         REF BY
           =====                   =======         ======
           dbat                    000055A0        savetext (saver)
    -------------------------------------------------------------------------
DATA_Z
  Relative segment, address: CODE_AREA 000065A0 - 0000759F (0x1000 bytes), align: 2
  Segment part 121.           Intra module refs:   Segment part 229
                                                   Segment part 467
           ENTRY                   ADDRESS         REF BY
           =====                   =======         ======
           ubat                    000065A0        savetext (saver)
    -------------------------------------------------------------------------
DATA_Z
  Relative segment, address: CODE_AREA 000075A0 - 0000799F (0x400 bytes), align: 2
  Segment part 122.           Intra module refs:   Segment part 228
                                                   Segment part 469
           ENTRY                   ADDRESS         REF BY
           =====                   =======         ======
           bfree                   000075A0 
    -------------------------------------------------------------------------
DATA_Z
  Relative segment, address: CODE_AREA 000079A0 - 0000899F (0x1000 bytes), align: 2
  Segment part 123.           Intra module refs:   Segment part 215
                                                   Segment part 368
           ENTRY                   ADDRESS         REF BY
           =====                   =======         ======
           font                    000079A0 
    -------------------------------------------------------------------------
DATA_Z
  Relative segment, address: CODE_AREA 000089A0 - 00008A9F (0x100 bytes), align: 2
  Segment part 124.           Intra module refs:   Segment part 270
                                                   Segment part 319
           ENTRY                   ADDRESS         REF BY
           =====                   =======         ======
           editline                000089A0 
    -------------------------------------------------------------------------
DATA_Z
  Relative segment, address: CODE_AREA 00008AA0 - 00008B1F (0x80 bytes), align: 2
  Segment part 125.           Intra module refs:   Segment part 274
                                                   Segment part 283
                                                   Segment part 478
                                                   Segment part 507
           ENTRY                   ADDRESS         REF BY
           =====                   =======         ======
           filename                00008AA0        savetext (saver)
    -------------------------------------------------------------------------
DATA_Z
  Relative segment, address: CODE_AREA 00008B20 - 00008BBB (0x9c bytes), align: 2
  Segment part 126.           Intra module refs:   DrawScreen
                                                   Segment part 243
                                                   Segment part 391
                                                   Segment part 438
                                                   Segment part 441
                                                   Segment part 444
                                                   Segment part 447
                                                   Segment part 464
                                                   Segment part 486
                                                   goto_last_saved
           ENTRY                   ADDRESS         REF BY
           =====                   =======         ======
           HISTORY                 00008B20 
    -------------------------------------------------------------------------
DATA_Z
  Relative segment, address: CODE_AREA 00008BBC - 0000976B (0xbb0 bytes), align: 2
  Segment part 127.           Intra module refs:   DrawScreen
                                                   Segment part 129
                                                   Segment part 216
                                                   Segment part 371
           ENTRY                   ADDRESS         REF BY
           =====                   =======         ======
           myscr                   00008BBC 
    -------------------------------------------------------------------------
DATA_I
  Relative segment, address: DATA_AREA 0000008C - 00000093 (0x8 bytes), align: 2
  Segment part 128.           Intra module refs:   DrawScreen
           ENTRY                   ADDRESS         REF BY
           =====                   =======         ======
           MyScrHdr                0000008C 
    -------------------------------------------------------------------------
DATA_Z
  Relative segment, address: CODE_AREA 000098CC - 000098CC (0x1 bytes), align: 0
  Segment part 130.           Intra module refs:   DiskErrorMsg
           ENTRY                   ADDRESS         REF BY
           =====                   =======         ======
           Q_DiskError             000098CC 
    -------------------------------------------------------------------------
CODE
  Relative segment, address: CODE_AREA 00001144 - 000011DB (0x98 bytes), align: 2
  Segment part 206.           Intra module refs:   DoDiskAccess
                                                   FL_saver
                                                   FirstLoadFile
           ENTRY                   ADDRESS         REF BY
           =====                   =======         ======
           DiskErrorMsg            00001144        savetext (saver)
               stack 1 = 00000000 ( 00000010 )
    -------------------------------------------------------------------------
CODE
  Segment part 207. NOT NEEDED.
    -------------------------------------------------------------------------
DATA_C
  Relative segment, address: CODE_AREA 00004FD0 - 0000504F (0x80 bytes), align: 2
  Segment part 131.           Intra module refs:   Segment part 213
           ENTRY                   ADDRESS         REF BY
           =====                   =======         ======
           wintranslation          00004FD0        GetCharType_x (convert_format)
    -------------------------------------------------------------------------
DATA_C
  Relative segment, address: CODE_AREA 00005050 - 000050CF (0x80 bytes), align: 2
  Segment part 132.           Intra module refs:   Segment part 214
           ENTRY                   ADDRESS         REF BY
           =====                   =======         ======
           koi8translation         00005050        GetCharType_x (convert_format)
    -------------------------------------------------------------------------
DATA_C
  Relative segment, address: CODE_AREA 000050D0 - 000051CF (0x100 bytes), align: 2
  Segment part 133.           Intra module refs:   char8to16
           ENTRY                   ADDRESS         REF BY
           =====                   =======         ======
           dos2unicode             000050D0 
    -------------------------------------------------------------------------
CODE
  Relative segment, address: CODE_AREA 000011DC - 00001237 (0x5c bytes), align: 2
  Segment part 208.           Intra module refs:   CreateEditDialog
           ENTRY                   ADDRESS         REF BY
           =====                   =======         ======
           char8to16               000011DC 
    -------------------------------------------------------------------------
CODE
  Segment part 209. NOT NEEDED.
    -------------------------------------------------------------------------
DATA_C
  Relative segment, address: CODE_AREA 000051D0 - 00005427 (0x258 bytes), align: 2
  Segment part 134.           Intra module refs:   char16to8
           ENTRY                   ADDRESS         REF BY
           =====                   =======         ======
           unicode2char            000051D0 
    -------------------------------------------------------------------------
CODE
  Relative segment, address: CODE_AREA 00001238 - 000012B3 (0x7c bytes), align: 2
  Segment part 210.           Intra module refs:   ed_inp_redraw
           ENTRY                   ADDRESS         REF BY
           =====                   =======         ======
           char16to8               00001238 
    -------------------------------------------------------------------------
CODE
  Segment part 211. NOT NEEDED.
    -------------------------------------------------------------------------
CODE
  Relative segment, address: CODE_AREA 000012B4 - 000014D7 (0x224 bytes), align: 2
  Segment part 212.           Intra module refs:   drawFrmStkStr
                                                   drawStkStr
           ENTRY                   ADDRESS         REF BY
           =====                   =======         ======
           DrawChar                000012B4 
               stack 1 = 00000000 ( 00000014 )
    -------------------------------------------------------------------------
CODE
  Relative segment, address: CODE_AREA 000014D8 - 000014DB (0x4 bytes), align: 2
  Segment part 213.           Intra module refs:   DrawChar
                                                   char8to16
    -------------------------------------------------------------------------
CODE
  Relative segment, address: CODE_AREA 000014DC - 000014DF (0x4 bytes), align: 2
  Segment part 214.           Intra module refs:   DrawChar
                                                   char8to16
    -------------------------------------------------------------------------
CODE
  Relative segment, address: CODE_AREA 000014E0 - 000014E3 (0x4 bytes), align: 2
  Segment part 215.           Intra module refs:   DrawChar
    -------------------------------------------------------------------------
CODE
  Relative segment, address: CODE_AREA 000014E4 - 000014E7 (0x4 bytes), align: 2
  Segment part 216.           Intra module refs:   DrawChar
    -------------------------------------------------------------------------
CODE
  Segment part 217. NOT NEEDED.
    -------------------------------------------------------------------------
CODE
  Relative segment, address: CODE_AREA 000014E8 - 0000157B (0x94 bytes), align: 2
  Segment part 218.           Intra module refs:   DrawScreen
           ENTRY                   ADDRESS         REF BY
           =====                   =======         ======
           drawStkStr              000014E8 
               stack 1 = 00000000 ( 00000020 )
    -------------------------------------------------------------------------
CODE
  Segment part 219. NOT NEEDED.
    -------------------------------------------------------------------------
CODE
  Relative segment, address: CODE_AREA 0000157C - 000016FB (0x180 bytes), align: 2
  Segment part 220.           Intra module refs:   DrawScreen
           ENTRY                   ADDRESS         REF BY
           =====                   =======         ======
           drawFrmStkStr           0000157C 
               stack 1 = 00000000 ( 00000028 )
    -------------------------------------------------------------------------
CODE
  Segment part 221. NOT NEEDED.
    -------------------------------------------------------------------------
CODE
  Relative segment, address: CODE_AREA 000016FC - 0000172B (0x30 bytes), align: 2
  Segment part 222.           Intra module refs:   DoDiskAccess
                                                   FL_saver
           ENTRY                   ADDRESS         REF BY
           =====                   =======         ======
           FindFreeBlock           000016FC 
    -------------------------------------------------------------------------
CODE
  Segment part 223. NOT NEEDED.
    -------------------------------------------------------------------------
CODE
  Relative segment, address: CODE_AREA 0000172C - 00001AEB (0x3c0 bytes), align: 2
  Segment part 224.           Intra module refs:   GotoLine
                                                   maincsm_onmessage
                                                   method5
           ENTRY                   ADDRESS         REF BY
           =====                   =======         ======
           DoDiskAccess            0000172C 
               stack 1 = 00000000 ( 00000030 )
    -------------------------------------------------------------------------
CODE
  Relative segment, address: CODE_AREA 00001AEC - 00001AEF (0x4 bytes), align: 2
  Segment part 225.           Intra module refs:   DoDiskAccess
    -------------------------------------------------------------------------
CODE
  Relative segment, address: CODE_AREA 00001AF0 - 00001AF3 (0x4 bytes), align: 2
  Segment part 226.           Intra module refs:   DoDiskAccess
    -------------------------------------------------------------------------
CODE
  Relative segment, address: CODE_AREA 00001AF4 - 00001AF7 (0x4 bytes), align: 2
  Segment part 227.           Intra module refs:   DoDiskAccess
    -------------------------------------------------------------------------
CODE
  Relative segment, address: CODE_AREA 00001AF8 - 00001AFB (0x4 bytes), align: 2
  Segment part 228.           Intra module refs:   DoDiskAccess
                                                   FindFreeBlock
    -------------------------------------------------------------------------
CODE
  Relative segment, address: CODE_AREA 00001AFC - 00001AFF (0x4 bytes), align: 2
  Segment part 229.           Intra module refs:   DoDiskAccess
    -------------------------------------------------------------------------
CODE
  Relative segment, address: CODE_AREA 00001B00 - 00001B03 (0x4 bytes), align: 2
  Segment part 230.           Intra module refs:   DoDiskAccess
    -------------------------------------------------------------------------
CODE
  Relative segment, address: CODE_AREA 00001B04 - 00001B07 (0x4 bytes), align: 2
  Segment part 231.           Intra module refs:   DoDiskAccess
    -------------------------------------------------------------------------
CODE
  Segment part 232. NOT NEEDED.
    -------------------------------------------------------------------------
CODE
  Relative segment, address: CODE_AREA 00001B08 - 00001B9F (0x98 bytes), align: 2
  Segment part 233.           Intra module refs:   GotoLine
                                                   maincsm_onmessage
                                                   method5
           ENTRY                   ADDRESS         REF BY
           =====                   =======         ======
           CheckDiskAccess         00001B08 
               stack 1 = 00000000 ( 00000004 )
    -------------------------------------------------------------------------
CODE
  Relative segment, address: CODE_AREA 00001BA0 - 00001BA3 (0x4 bytes), align: 2
  Segment part 234.           Intra module refs:   CheckDiskAccess
                                                   DoDiskAccess
    -------------------------------------------------------------------------
CODE
  Relative segment, address: CODE_AREA 00001BA4 - 00001BA7 (0x4 bytes), align: 2
  Segment part 235.           Intra module refs:   CheckDiskAccess
                                                   DoDiskAccess
    -------------------------------------------------------------------------
CODE
  Relative segment, address: CODE_AREA 00001BA8 - 00001BAB (0x4 bytes), align: 2
  Segment part 236.           Intra module refs:   CheckDiskAccess
                                                   DoDiskAccess
    -------------------------------------------------------------------------
CODE
  Segment part 237. NOT NEEDED.
    -------------------------------------------------------------------------
CODE
  Relative segment, address: CODE_AREA 00001BAC - 00001C43 (0x98 bytes), align: 2
  Segment part 238.           Intra module refs:   FirstLoadFile
                                                   SaveHistory
           ENTRY                   ADDRESS         REF BY
           =====                   =======         ======
           SearchHistory           00001BAC 
               stack 1 = 00000000 ( 00000094 )
    -------------------------------------------------------------------------
CODE
  Segment part 239. NOT NEEDED.
    -------------------------------------------------------------------------
CODE
  Relative segment, address: CODE_AREA 00001C44 - 00001D73 (0x130 bytes), align: 2
  Segment part 240.           Intra module refs:   Killer
           ENTRY                   ADDRESS         REF BY
           =====                   =======         ======
           SaveHistory             00001C44 
               stack 1 = 00000000 ( 00000138 )
    -------------------------------------------------------------------------
CODE
  Relative segment, address: CODE_AREA 00001D74 - 00001D77 (0x4 bytes), align: 2
  Segment part 241.           Intra module refs:   SaveHistory
                                                   SearchHistory
    -------------------------------------------------------------------------
CODE
  Relative segment, address: CODE_AREA 00001D78 - 00001D7B (0x4 bytes), align: 2
  Segment part 242.           Intra module refs:   SaveHistory
                                                   SearchHistory
    -------------------------------------------------------------------------
CODE
  Relative segment, address: CODE_AREA 00001D7C - 00001D7F (0x4 bytes), align: 2
  Segment part 243.           Intra module refs:   SaveHistory
                                                   SearchHistory
    -------------------------------------------------------------------------
CODE
  Relative segment, address: CODE_AREA 00001D80 - 00001D83 (0x4 bytes), align: 2
  Segment part 244.           Intra module refs:   DrawChar
                                                   SaveHistory
    -------------------------------------------------------------------------
CODE
[...]
      | Stack used (prev) :  00000000
      | + function block  :  00000004
  <-Sub-tree of type: Indirectly called function tree that does not make
                    : indirect calls (Is not an interrupt and is not flagged
                    : as not overlayable)
    | Stack used          :  00000004


  ->Sub-tree of type: Indirectly called function tree that does not make
                    : indirect calls (Is not an interrupt and is not flagged
                    : as not overlayable)
                             CSTACK
    | Stack used (prev) :  00000000
  01  bookm_menu
      | Stack used (prev) :  00000000
      | + function block  :  00000014
  <-Sub-tree of type: Indirectly called function tree that does not make
                    : indirect calls (Is not an interrupt and is not flagged
                    : as not overlayable)
    | Stack used          :  00000014


  ->Sub-tree of type: Indirectly called function tree that does not make
                    : indirect calls (Is not an interrupt and is not flagged
                    : as not overlayable)
                             CSTACK
    | Stack used (prev) :  00000000
  01  search_menu
      | Stack used (prev) :  00000000
      | + function block  :  00000000
  <-Sub-tree of type: Indirectly called function tree that does not make
                    : indirect calls (Is not an interrupt and is not flagged
                    : as not overlayable)
    | Stack used          :  00000000


  ->Sub-tree of type: Indirectly called function tree that does not make
                    : indirect calls (Is not an interrupt and is not flagged
                    : as not overlayable)
                             CSTACK
    | Stack used (prev) :  00000000
  01  FirstLoadFile
      | Stack used (prev) :  00000000
      | + function block  :  00000028
  <-Sub-tree of type: Indirectly called function tree that does not make
                    : indirect calls (Is not an interrupt and is not flagged
                    : as not overlayable)
    | Stack used          :  00000028


  ->Sub-tree of type: Indirectly called function tree that does not make
                    : indirect calls (Is not an interrupt and is not flagged
                    : as not overlayable)
                             CSTACK
    | Stack used (prev) :  00000000
  01  maincsm_oncreate
      | Stack used (prev) :  00000000
      | + function block  :  00000010
  <-Sub-tree of type: Indirectly called function tree that does not make
                    : indirect calls (Is not an interrupt and is not flagged
                    : as not overlayable)
    | Stack used          :  00000010


  ->Sub-tree of type: Indirectly called function tree that does not make
                    : indirect calls (Is not an interrupt and is not flagged
                    : as not overlayable)
                             CSTACK
    | Stack used (prev) :  00000000
  01  Killer
      | Stack used (prev) :  00000000
      | + function block  :  00000004
  <-Sub-tree of type: Indirectly called function tree that does not make
                    : indirect calls (Is not an interrupt and is not flagged
                    : as not overlayable)
    | Stack used          :  00000004


  ->Sub-tree of type: Indirectly called function tree that does not make
                    : indirect calls (Is not an interrupt and is not flagged
                    : as not overlayable)
                             CSTACK
    | Stack used (prev) :  00000000
  01  maincsm_onclose
      | Stack used (prev) :  00000000
      | + function block  :  00000004
  <-Sub-tree of type: Indirectly called function tree that does not make
                    : indirect calls (Is not an interrupt and is not flagged
                    : as not overlayable)
    | Stack used          :  00000004


  ->Sub-tree of type: Indirectly called function tree that does not make
                    : indirect calls (Is not an interrupt and is not flagged
                    : as not overlayable)
                             CSTACK
    | Stack used (prev) :  00000000
  01  maincsm_onmessage
      | Stack used (prev) :  00000000
      | + function block  :  0000000C
  <-Sub-tree of type: Indirectly called function tree that does not make
                    : indirect calls (Is not an interrupt and is not flagged
                    : as not overlayable)
    | Stack used          :  0000000C


  ->Sub-tree of type: Indirectly called function tree that does not make
                    : indirect calls (Is not an interrupt and is not flagged
                    : as not overlayable)
                             CSTACK
    | Stack used (prev) :  00000000
  01  savetext
      | Stack used (prev) :  00000000
      | + function block  :  0000002C
  <-Sub-tree of type: Indirectly called function tree that does not make
                    : indirect calls (Is not an interrupt and is not flagged
                    : as not overlayable)
    | Stack used          :  0000002C


  ->Sub-tree of type: Function tree
                             CSTACK
    | Stack used (prev) :  00000098
  01  memset
      | Stack used (prev) :  00000098
      | + function block  :  00000000
  <-Sub-tree of type: Function tree
    | Stack used          :  00000098


  ->Sub-tree of type: Function tree
                             CSTACK
    | Stack used (prev) :  00000098
  01  GetCharType_x
      | Stack used (prev) :  00000098
      | + function block  :  00000000
  <-Sub-tree of type: Function tree
    | Stack used          :  00000098


  ->Sub-tree of type: Function tree
                             CSTACK
    | Stack used (prev) :  00000098
  01  ConvertFormat
      | Stack used (prev) :  00000098
      | + function block  :  0000013C
  <-Sub-tree of type: Function tree
    | Stack used          :  000001D4


  ->Sub-tree of type: Function tree
                             CSTACK
    | Stack used (prev) :  000001D4
  01  alt2num
      | Stack used (prev) :  000001D4
      | + function block  :  00000000
  <-Sub-tree of type: Function tree
    | Stack used          :  000001D4


  ->Sub-tree of type: Function tree
                             CSTACK
    | Stack used (prev) :  000001D4
  01  work_2s
      | Stack used (prev) :  000001D4
      | + function block  :  00000000
  <-Sub-tree of type: Function tree
    | Stack used          :  000001D4


  ->Sub-tree of type: Function tree
                             CSTACK
    | Stack used (prev) :  000001D4
  01  def_code
      | Stack used (prev) :  000001D4
      | + function block  :  00000128
  <-Sub-tree of type: Function tree
    | Stack used          :  000002FC


  ->Sub-tree of type: Function tree
                             CSTACK
    | Stack used (prev) :  000002FC
  01  ConvertSimple
      | Stack used (prev) :  000002FC
      | + function block  :  0000003C
  <-Sub-tree of type: Function tree
    | Stack used          :  00000338


  ->Sub-tree of type: Function tree
                             CSTACK
    | Stack used (prev) :  00000338
  01  bl_us
      | Stack used (prev) :  00000338
      | + function block  :  00000000
  <-Sub-tree of type: Function tree
    | Stack used          :  00000338


  ->Sub-tree of type: Function tree
                             CSTACK
    | Stack used (prev) :  00000338
  01  bl_ds
      | Stack used (prev) :  00000338
      | + function block  :  00000000
  <-Sub-tree of type: Function tree
    | Stack used          :  00000338


  ->Sub-tree of type: Function tree
                             CSTACK
    | Stack used (prev) :  00000338
  01  move_up
      | Stack used (prev) :  00000338
      | + function block  :  00000008
  <-Sub-tree of type: Function tree
    | Stack used          :  00000340


  ->Sub-tree of type: Function tree
                             CSTACK
    | Stack used (prev) :  00000340
  01  move_dw
      | Stack used (prev) :  00000340
      | + function block  :  0000000C
  <-Sub-tree of type: Function tree
    | Stack used          :  0000034C


  ->Sub-tree of type: Function tree
                             CSTACK
    | Stack used (prev) :  0000034C
  01  DrwImg
      | Stack used (prev) :  0000034C
      | + function block  :  00000040
  <-Sub-tree of type: Function tree
    | Stack used          :  0000038C


  ->Sub-tree of type: Function tree
                             CSTACK
    | Stack used (prev) :  0000038C
  01  DiskErrorMsg
      | Stack used (prev) :  0000038C
      | + function block  :  00000010
  <-Sub-tree of type: Function tree
    | Stack used          :  0000039C


  ->Sub-tree of type: Function tree
                             CSTACK
    | Stack used (prev) :  0000039C
  01  char8to16
      | Stack used (prev) :  0000039C
      | + function block  :  00000000
  <-Sub-tree of type: Function tree
    | Stack used          :  0000039C


  ->Sub-tree of type: Function tree
                             CSTACK
    | Stack used (prev) :  0000039C
  01  char16to8
      | Stack used (prev) :  0000039C
      | + function block  :  00000000
  <-Sub-tree of type: Function tree
    | Stack used          :  0000039C


  ->Sub-tree of type: Function tree
                             CSTACK
    | Stack used (prev) :  0000039C
  01  DrawChar
      | Stack used (prev) :  0000039C
      | + function block  :  00000014
  <-Sub-tree of type: Function tree
    | Stack used          :  000003B0


  ->Sub-tree of type: Function tree
                             CSTACK
    | Stack used (prev) :  000003B0
  01  drawStkStr
      | Stack used (prev) :  000003B0
      | + function block  :  00000020
  <-Sub-tree of type: Function tree
    | Stack used          :  000003D0


  ->Sub-tree of type: Function tree
                             CSTACK
    | Stack used (prev) :  000003D0
  01  drawFrmStkStr
      | Stack used (prev) :  000003D0
      | + function block  :  00000028
  <-Sub-tree of type: Function tree
    | Stack used          :  000003F8


  ->Sub-tree of type: Function tree
                             CSTACK
    | Stack used (prev) :  000003F8
  01  FindFreeBlock
      | Stack used (prev) :  000003F8
      | + function block  :  00000000
  <-Sub-tree of type: Function tree
    | Stack used          :  000003F8


  ->Sub-tree of type: Function tree
                             CSTACK
    | Stack used (prev) :  000003F8
  01  CheckDiskAccess
      | Stack used (prev) :  000003F8
      | + function block  :  00000004
  <-Sub-tree of type: Function tree
    | Stack used          :  000003FC


  ->Sub-tree of type: Function tree
                             CSTACK
    | Stack used (prev) :  000003FC
  01  SearchHistory
      | Stack used (prev) :  000003FC
      | + function block  :  00000094
  <-Sub-tree of type: Function tree
    | Stack used          :  00000490


  ->Sub-tree of type: Function tree
                             CSTACK
    | Stack used (prev) :  00000490
  01  SaveHistory
      | Stack used (prev) :  00000490
      | + function block  :  00000138
  <-Sub-tree of type: Function tree
    | Stack used          :  000005C8


  ->Sub-tree of type: Function tree
                             CSTACK
    | Stack used (prev) :  000005C8
  01  LineUp
      | Stack used (prev) :  000005C8
      | + function block  :  00000004
  <-Sub-tree of type: Function tree
    | Stack used          :  000005CC


  ->Sub-tree of type: Function tree
                             CSTACK
    | Stack used (prev) :  000005CC
  01  LineDw
      | Stack used (prev) :  000005CC
      | + function block  :  00000004
  <-Sub-tree of type: Function tree
    | Stack used          :  000005D0


  ->Sub-tree of type: Function tree
                             CSTACK
    | Stack used (prev) :  000005D0
  01  PageUp
      | Stack used (prev) :  000005D0
      | + function block  :  00000008
  <-Sub-tree of type: Function tree
    | Stack used          :  000005D8


  ->Sub-tree of type: Function tree
                             CSTACK
    | Stack used (prev) :  000005D8
  01  PageDw
      | Stack used (prev) :  000005D8
      | + function block  :  00000010
  <-Sub-tree of type: Function tree
    | Stack used          :  000005E8


  ->Sub-tree of type: Function tree
                             CSTACK
    | Stack used (prev) :  000005E8
  01  ToEOL
      | Stack used (prev) :  000005E8
      | + function block  :  00000004
  <-Sub-tree of type: Function tree
    | Stack used          :  000005EC


  ->Sub-tree of type: Function tree
                             CSTACK
    | Stack used (prev) :  000005EC
  01  WordLeft
      | Stack used (prev) :  000005EC
      | + function block  :  00000000
  <-Sub-tree of type: Function tree
    | Stack used          :  000005EC


  ->Sub-tree of type: Function tree
                             CSTACK
    | Stack used (prev) :  000005EC
  01  WordRight
      | Stack used (prev) :  000005EC
      | + function block  :  00000000
  <-Sub-tree of type: Function tree
    | Stack used          :  000005EC


  ->Sub-tree of type: Function tree
                             CSTACK
    | Stack used (prev) :  000005EC
  01  DrawInfo
      | Stack used (prev) :  000005EC
      | + function block  :  00000050
  <-Sub-tree of type: Function tree
    | Stack used          :  0000063C


  ->Sub-tree of type: Function tree
                             CSTACK
    | Stack used (prev) :  0000063C
  01  DrawScreen
      | Stack used (prev) :  0000063C
      | + function block  :  00000050
  <-Sub-tree of type: Function tree
    | Stack used          :  0000068C


  ->Sub-tree of type: Function tree
                             CSTACK
    | Stack used (prev) :  0000068C
  01  doCurRight
      | Stack used (prev) :  0000068C
      | + function block  :  0000000C
  <-Sub-tree of type: Function tree
    | Stack used          :  00000698


  ->Sub-tree of type: Function tree
                             CSTACK
    | Stack used (prev) :  00000698
  01  doCurLeft
      | Stack used (prev) :  00000698
      | + function block  :  0000000C
  <-Sub-tree of type: Function tree
    | Stack used          :  000006A4


  ->Sub-tree of type: Function tree
                             CSTACK
    | Stack used (prev) :  000006A4
  01  CreateEditDialog
      | Stack used (prev) :  000006A4
      | + function block  :  00000044
  <-Sub-tree of type: Function tree
    | Stack used          :  000006E8


  ->Sub-tree of type: Function tree
                             CSTACK
    | Stack used (prev) :  000006E8
  01  SetViewIllumination
      | Stack used (prev) :  000006E8
      | + function block  :  00000004
  <-Sub-tree of type: Function tree
    | Stack used          :  000006EC


  ->Sub-tree of type: Function tree
                             CSTACK
    | Stack used (prev) :  000006EC
  01  CreateSaveAsDialog
      | Stack used (prev) :  000006EC
      | + function block  :  00000044
  <-Sub-tree of type: Function tree
    | Stack used          :  00000730


  ->Sub-tree of type: Function tree
                             CSTACK
    | Stack used (prev) :  00000730
  01  setfont
      | Stack used (prev) :  00000730
      | + function block  :  00000004
  <-Sub-tree of type: Function tree
    | Stack used          :  00000734


  ->Sub-tree of type: Function tree
                             CSTACK
    | Stack used (prev) :  00000734
  01  DrawLoadMenu
      | Stack used (prev) :  00000734
      | + function block  :  00000014
  <-Sub-tree of type: Function tree
    | Stack used          :  00000748


  ->Sub-tree of type: Function tree
                             CSTACK
    | Stack used (prev) :  00000748
  01  goto_l
      | Stack used (prev) :  00000748
      | + function block  :  00000004
  <-Sub-tree of type: Function tree
    | Stack used          :  0000074C


  ->Sub-tree of type: Function tree
                             CSTACK
    | Stack used (prev) :  0000074C
  01  my_atoui
      | Stack used (prev) :  0000074C
      | + function block  :  00000004
  <-Sub-tree of type: Function tree
    | Stack used          :  00000750


  ->Sub-tree of type: Function tree
                             CSTACK
    | Stack used (prev) :  00000750
  01  goto_line_inp
      | Stack used (prev) :  00000750
      | + function block  :  00000044
  <-Sub-tree of type: Function tree
    | Stack used          :  00000794


  ->Sub-tree of type: Function tree
                             CSTACK
    | Stack used (prev) :  00000794
  01  DrawSoftMenu
      | Stack used (prev) :  00000794
      | + function block  :  0000001C
  <-Sub-tree of type: Function tree
    | Stack used          :  000007B0


  ->Sub-tree of type: Function tree
                             CSTACK
    | Stack used (prev) :  000007B0
  01  FL_loader
      | Stack used (prev) :  000007B0
      | + function block  :  0000001C
  <-Sub-tree of type: Function tree
    | Stack used          :  000007CC


  ->Sub-tree of type: Function tree
                             CSTACK
    | Stack used (prev) :  000007CC
  01  FL_saver
      | Stack used (prev) :  000007CC
      | + function block  :  0000001C
  <-Sub-tree of type: Function tree
    | Stack used          :  000007E8


  ->Sub-tree of type: Function tree
                             CSTACK
    | Stack used (prev) :  000007E8
  01  UpdateCSMname
      | Stack used (prev) :  000007E8
      | + function block  :  00000008
  <-Sub-tree of type: Function tree
    | Stack used          :  000007F0


  ->Sub-tree of type: Function tree
                             CSTACK
    | Stack used (prev) :  000007F0
  01  main
      | Stack used (prev) :  000007F0
      | + function block  :  0000005C
  <-Sub-tree of type: Function tree
    | Stack used          :  0000084C




                ****************************************
                *                                      *
                *      SEGMENTS IN ADDRESS ORDER       *
                *                                      *
                ****************************************


SEGMENT              SPACE    START ADDRESS   END ADDRESS     SIZE  TYPE  ALIGN
=======              =====    =============   ===========     ====  ====  =====
ELFBEGIN             CODE_AREA           00000000                     rel    0
DATA_ID              CODE_AREA      00000000 - 00000723         724   rel    2
START                CODE_AREA           00000724                     dse    0
CODE                 CODE_AREA      00000724 - 00004B2F        440C   rel    2
DATA_C               CODE_AREA      00004B30 - 0000549C         96D   rel    2
INITTAB              CODE_AREA      000054A0 - 000054B7          18   rel    2
DATA_Z               CODE_AREA      000054B8 - 000098CC        4415   rel    2
DATA_N               CODE_AREA           000098CD                     dse    0
CONFIG_C             CODE_AREA      000098D0 - 000099CB          FC   rel    2
DATA_I               DATA_AREA      00000000 - 00000723         724   rel    2

                ****************************************
                *                                      *
                *        END OF CROSS REFERENCE        *
                *                                      *
                ****************************************

 39 366 bytes of CODE memory
  1 828 bytes of DATA memory

Errors: none
Warnings: none

