################################################################################
#                                                                              #
#      IAR Universal Linker V4.59Z/386                                         #
#                                                                              #
#           Link time     =  08/Sep/2006  13:29:31                             #
#           Target CPU    =  ARM                                               #
#           List file     =  E:\ARM\IDLEHOOK\Release\List\CpuMon.map           #
#           Output file 1 =  E:\ARM\IDLEHOOK\Release\Exe\CpuMon.elf            #
#                            Format: elf, variant: -ynpra                      #
#           Command line  =  E:\ARM\IDLEHOOK\Release\Obj\main.r79 -o           #
#                            E:\ARM\IDLEHOOK\Release\Exe\CpuMon.elf -Felf -l   #
#                            E:\ARM\IDLEHOOK\Release\List\CpuMon.map -xmsnio   #
#                            -f E:\ARM\IDLEHOOK\test.xcl (-carm                #
#                            -V(CODE)CODE_AREA,12 -V(DATA)DATA_AREA,12         #
#                            -Z(CODE_AREA)ELFBEGIN,DATA_ID,START,CODE,DATA_C,I #
#                            NITTAB,DATA_Z,DATA_N,MYSEG=0-FFFFFFFF             #
#                            -Z(DATA_AREA)DATA_I=0-FFFFFFFF) -ynpra -s main    #
#                                                                              #
#                        Copyright 1987-2006 IAR Systems. All rights reserved. #
################################################################################





                ****************************************
                *                                      *
                *           CROSS REFERENCE            *
                *                                      *
                ****************************************

       Program entry at : CODE_AREA 000002BC  Relocatable, from module : main




                ****************************************
                *                                      *
                *            RUNTIME MODEL             *
                *                                      *
                ****************************************

  StackAlign4  = USED
  __cpu_mode   = __pcs__interwork
  __data_model = absolute
  __endian     = little
  __rt_version = 6



                ****************************************
                *                                      *
                *              MODULE MAP              *
                *                                      *
                ****************************************


  DEFINED ABSOLUTE ENTRIES
    *************************************************************************

  DEFINED ABSOLUTE ENTRIES
    *************************************************************************

  FILE NAME : E:\ARM\IDLEHOOK\Release\Obj\main.r79
  PROGRAM MODULE, NAME : main

  SEGMENTS IN THE MODULE
  ======================
DATA_C
  Segment part 2. NOT NEEDED.
    -------------------------------------------------------------------------
DATA_C
  Relative segment, address: CODE_AREA 0000035C - 00000373 (0x18 bytes), align: 2
  Segment part 3.             Intra module refs:   main
    -------------------------------------------------------------------------
DATA_C
  Relative segment, address: CODE_AREA 00000374 - 0000037B (0x8 bytes), align: 2
  Segment part 5.             Intra module refs:   MyIDLECSM_onMessage
           ENTRY                   ADDRESS         REF BY
           =====                   =======         ======
           img1                    00000374 
    -------------------------------------------------------------------------
DATA_Z
  Relative segment, address: CODE_AREA 00000388 - 0000081B (0x494 bytes), align: 2
  Segment part 4.             Intra module refs:   MyIDLECSM_onMessage
                                                   TimerProc
                                                   img1
                                                   main
           ENTRY                   ADDRESS         REF BY
           =====                   =======         ======
           clocks                  000007D8 
           cop                     000007A1 
           hhh                     000007A0 
           icsmd                   00000770 
           img1_bmp                00000388 
           loads                   000007A4 
           mytmr                   0000080C 
           old_icsm_onMessage      00000798 
           ws1                     0000079C 
    -------------------------------------------------------------------------
CODE
  Segment part 6. NOT NEEDED.
    -------------------------------------------------------------------------
CODE
  Relative segment, address: CODE_AREA 00000000 - 0000005B (0x5c bytes), align: 2
  Segment part 7.             Intra module refs:   MyIDLECSM_onMessage
           ENTRY                   ADDRESS         REF BY
           =====                   =======         ======
           DrwImg                  00000000 
               stack 1 = 00000000 ( 00000040 )
    -------------------------------------------------------------------------
CODE
  Segment part 8. NOT NEEDED.
    -------------------------------------------------------------------------
CODE
  Relative segment, address: CODE_AREA 0000005C - 00000097 (0x3c bytes), align: 2
  Segment part 9.             Intra module refs:   Segment part 14
           ENTRY                   ADDRESS         REF BY
           =====                   =======         ======
           TimerProc               0000005C 
               stack 1 = 00000000 ( 00000004 )
    -------------------------------------------------------------------------
CODE
  Segment part 10. NOT NEEDED.
    -------------------------------------------------------------------------
CODE
  Relative segment, address: CODE_AREA 00000098 - 000002BB (0x224 bytes), align: 2
  Segment part 11.            Intra module refs:   main
           ENTRY                   ADDRESS         REF BY
           =====                   =======         ======
           MyIDLECSM_onMessage     00000098 
               stack 1 = 00000000 ( 00000024 )
    -------------------------------------------------------------------------
CODE
  Segment part 12. NOT NEEDED.
    -------------------------------------------------------------------------
CODE
  Relative segment, address: CODE_AREA 000002BC - 00000357 (0x9c bytes), align: 2
  Segment part 13.
           ENTRY                   ADDRESS         REF BY
           =====                   =======         ======
           main                    000002BC        Absolute parts (?ABS_ENTRY_MOD)
               stack 1 = 00000000 ( 00000010 )
    -------------------------------------------------------------------------
CODE
  Relative segment, address: CODE_AREA 00000358 - 0000035B (0x4 bytes), align: 2
  Segment part 14.            Intra module refs:   TimerProc
                                                   main
    -------------------------------------------------------------------------
CSTACK
  Segment part 1. NOT NEEDED.
    -------------------------------------------------------------------------
INITTAB
  Relative segment, address: CODE_AREA 0000037C - 00000387 (0xc bytes), align: 2
  Segment part 15. ROOT.
           ENTRY                   ADDRESS         REF BY
           =====                   =======         ======
           ?init?tab?DATA_Z        0000037C 




                ****************************************
                *                                      *
                *            MODULE SUMMARY            *
                *                                      *
                ****************************************

Module   CODE
------   ----
        (Rel)
main    2 076
------  -----
Total:  2 076


                ****************************************
                *                                      *
                *              CALL GRAPH              *
                *                                      *
                ****************************************

  ->Sub-tree of type: Indirectly called function tree that does not make
                    : indirect calls (Is not an interrupt and is not flagged
                    : as not overlayable)
                             CSTACK
    | Stack used (prev) :  00000000
  01  TimerProc
      | Stack used (prev) :  00000000
      | + function block  :  00000004
  <-Sub-tree of type: Indirectly called function tree that does not make
                    : indirect calls (Is not an interrupt and is not flagged
                    : as not overlayable)
    | Stack used          :  00000004


  ->Sub-tree of type: Indirectly called function tree that does not make
                    : indirect calls (Is not an interrupt and is not flagged
                    : as not overlayable)
                             CSTACK
    | Stack used (prev) :  00000000
  01  MyIDLECSM_onMessage
      | Stack used (prev) :  00000000
      | + function block  :  00000024
  <-Sub-tree of type: Indirectly called function tree that does not make
                    : indirect calls (Is not an interrupt and is not flagged
                    : as not overlayable)
    | Stack used          :  00000024


  ->Sub-tree of type: Function tree
                             CSTACK
    | Stack used (prev) :  00000024
  01  DrwImg
      | Stack used (prev) :  00000024
      | + function block  :  00000040
  <-Sub-tree of type: Function tree
    | Stack used          :  00000064


  ->Sub-tree of type: Function tree
                             CSTACK
    | Stack used (prev) :  00000064
  01  main
      | Stack used (prev) :  00000064
      | + function block  :  00000010
  <-Sub-tree of type: Function tree
    | Stack used          :  00000074




                ****************************************
                *                                      *
                *      SEGMENTS IN ADDRESS ORDER       *
                *                                      *
                ****************************************


SEGMENT              SPACE    START ADDRESS   END ADDRESS     SIZE  TYPE  ALIGN
=======              =====    =============   ===========     ====  ====  =====
DATA_ID              CODE_AREA           00000000                     dse    0
START                CODE_AREA           00000000                     dse    0
ELFBEGIN             CODE_AREA           00000000                     dse    0
CODE                 CODE_AREA      00000000 - 0000035B         35C   rel    2
DATA_C               CODE_AREA      0000035C - 0000037B          20   rel    2
INITTAB              CODE_AREA      0000037C - 00000387           C   rel    2
DATA_Z               CODE_AREA      00000388 - 0000081B         494   rel    2

                ****************************************
                *                                      *
                *        END OF CROSS REFERENCE        *
                *                                      *
                ****************************************

 2 076 bytes of CODE memory

Errors: none
Warnings: none

